Component: ARM Compiler 5.06 update 7 (build 960) Tool: armlink [4d3601]

==============================================================================

Section Cross References

    startup_stm32f103xb.o(RESET) refers to startup_stm32f103xb.o(STACK) for __initial_sp
    startup_stm32f103xb.o(RESET) refers to startup_stm32f103xb.o(.text) for Reset_Handler
    startup_stm32f103xb.o(RESET) refers to stm32f1xx_it.o(i.NMI_Handler) for NMI_Handler
    startup_stm32f103xb.o(RESET) refers to stm32f1xx_it.o(i.HardFault_Handler) for HardFault_Handler
    startup_stm32f103xb.o(RESET) refers to stm32f1xx_it.o(i.MemManage_Handler) for MemManage_Handler
    startup_stm32f103xb.o(RESET) refers to stm32f1xx_it.o(i.BusFault_Handler) for BusFault_Handler
    startup_stm32f103xb.o(RESET) refers to stm32f1xx_it.o(i.UsageFault_Handler) for UsageFault_Handler
    startup_stm32f103xb.o(RESET) refers to stm32f1xx_it.o(i.SVC_Handler) for SVC_Handler
    startup_stm32f103xb.o(RESET) refers to stm32f1xx_it.o(i.DebugMon_Handler) for DebugMon_Handler
    startup_stm32f103xb.o(RESET) refers to stm32f1xx_it.o(i.PendSV_Handler) for PendSV_Handler
    startup_stm32f103xb.o(RESET) refers to stm32f1xx_it.o(i.SysTick_Handler) for SysTick_Handler
    startup_stm32f103xb.o(RESET) refers to stm32f1xx_it.o(i.PVD_IRQHandler) for PVD_IRQHandler
    startup_stm32f103xb.o(RESET) refers to stm32f1xx_it.o(i.FLASH_IRQHandler) for FLASH_IRQHandler
    startup_stm32f103xb.o(RESET) refers to stm32f1xx_it.o(i.RCC_IRQHandler) for RCC_IRQHandler
    startup_stm32f103xb.o(RESET) refers to stm32f1xx_it.o(i.DMA1_Channel1_IRQHandler) for DMA1_Channel1_IRQHandler
    startup_stm32f103xb.o(RESET) refers to stm32f1xx_it.o(i.DMA1_Channel3_IRQHandler) for DMA1_Channel3_IRQHandler
    startup_stm32f103xb.o(RESET) refers to stm32f1xx_it.o(i.ADC1_2_IRQHandler) for ADC1_2_IRQHandler
    startup_stm32f103xb.o(RESET) refers to stm32f1xx_it.o(i.EXTI9_5_IRQHandler) for EXTI9_5_IRQHandler
    startup_stm32f103xb.o(RESET) refers to stm32f1xx_it.o(i.TIM2_IRQHandler) for TIM2_IRQHandler
    startup_stm32f103xb.o(RESET) refers to stm32f1xx_it.o(i.TIM4_IRQHandler) for TIM4_IRQHandler
    startup_stm32f103xb.o(.text) refers to system_stm32f1xx.o(i.SystemInit) for SystemInit
    startup_stm32f103xb.o(.text) refers to entry.o(.ARM.Collect$$$$00000000) for __main
    main.o(i.AccelDer) refers to main.o(.data) for scenario
    main.o(i.Board_Temp) refers to main.o(i.digitalFilter8bits) for digitalFilter8bits
    main.o(i.Board_Temp) refers to main.o(.data) for scenario
    main.o(i.Close_IACV) refers to main.o(.bss) for htim4
    main.o(i.Crank_Pos_IACV) refers to main.o(.data) for pid_control
    main.o(i.Crank_Pos_IACV) refers to main.o(.bss) for htim4
    main.o(i.Eng_Status) refers to main.o(i.Read_Output_Pump) for Read_Output_Pump
    main.o(i.Eng_Status) refers to main.o(i.Set_Ouput_Pump) for Set_Ouput_Pump
    main.o(i.Eng_Status) refers to main.o(i.Timeout_ms) for Timeout_ms
    main.o(i.Eng_Status) refers to main.o(i.Set_Ouput_Injector) for Set_Ouput_Injector
    main.o(i.Eng_Status) refers to main.o(i.Injector_CMD) for Injector_CMD
    main.o(i.Eng_Status) refers to main.o(i.PrimerPulse) for PrimerPulse
    main.o(i.Eng_Status) refers to main.o(i.setTimeoutHookUp) for setTimeoutHookUp
    main.o(i.Eng_Status) refers to main.o(i.checkTimeoutHookUp) for checkTimeoutHookUp
    main.o(i.Eng_Status) refers to main.o(i.Set_Output_LED_Green) for Set_Output_LED_Green
    main.o(i.Eng_Status) refers to main.o(.data) for scenario
    main.o(i.Eng_Status) refers to main.o(i.TurnOffInjector) for TurnOffInjector
    main.o(i.EngineTempLinearization) refers to main.o(.data) for scenario
    main.o(i.Engine_STOP_test) refers to main.o(.data) for program
    main.o(i.Falling_Edge_Event) refers to stm32f1xx_hal_tim.o(i.HAL_TIM_ReadCapturedValue) for HAL_TIM_ReadCapturedValue
    main.o(i.Falling_Edge_Event) refers to main.o(.bss) for htim2
    main.o(i.Falling_Edge_Event) refers to main.o(.data) for scenario
    main.o(i.FuelCalc) refers to main.o(i.Injector_CMD) for Injector_CMD
    main.o(i.FuelCalc) refers to main.o(i.funccrankTerm) for funccrankTerm
    main.o(i.FuelCalc) refers to main.o(i.Saturation) for Saturation
    main.o(i.FuelCalc) refers to main.o(i.funcCycles) for funcCycles
    main.o(i.FuelCalc) refers to main.o(i.funcwarmUp) for funcwarmUp
    main.o(i.FuelCalc) refers to main.o(i.TPS_Treatment) for TPS_Treatment
    main.o(i.FuelCalc) refers to main.o(i.funcVoleff) for funcVoleff
    main.o(i.FuelCalc) refers to main.o(i.funcLambda) for funcLambda
    main.o(i.FuelCalc) refers to main.o(i.LambdaCorrectionFunc) for LambdaCorrectionFunc
    main.o(i.FuelCalc) refers to main.o(.data) for scenario
    main.o(i.HAL_TIM_IC_CaptureCallback) refers to main.o(i.Rising_Edge_Event) for Rising_Edge_Event
    main.o(i.HAL_TIM_IC_CaptureCallback) refers to main.o(i.Falling_Edge_Event) for Falling_Edge_Event
    main.o(i.HAL_TIM_PeriodElapsedCallback) refers to main.o(.data) for scenario
[...]
    Removing stm32f1xx_hal_tim_ex.o(i.HAL_TIMEx_PWMN_Start_DMA), (440 bytes).
    Removing stm32f1xx_hal_tim_ex.o(i.HAL_TIMEx_PWMN_Start_IT), (264 bytes).
    Removing stm32f1xx_hal_tim_ex.o(i.HAL_TIMEx_PWMN_Stop), (136 bytes).
    Removing stm32f1xx_hal_tim_ex.o(i.HAL_TIMEx_PWMN_Stop_DMA), (212 bytes).
    Removing stm32f1xx_hal_tim_ex.o(i.HAL_TIMEx_PWMN_Stop_IT), (218 bytes).
    Removing stm32f1xx_hal_tim_ex.o(i.HAL_TIMEx_RemapConfig), (6 bytes).
    Removing stm32f1xx_hal_tim_ex.o(i.TIMEx_DMACommutationCplt), (20 bytes).
    Removing stm32f1xx_hal_tim_ex.o(i.TIMEx_DMACommutationHalfCplt), (20 bytes).
    Removing stm32f1xx_hal_tim_ex.o(i.TIM_CCxNChannelCmd), (34 bytes).
    Removing stm32f1xx_hal_tim_ex.o(i.TIM_DMADelayPulseNCplt), (104 bytes).
    Removing stm32f1xx_hal_tim_ex.o(i.TIM_DMAErrorCCxN), (68 bytes).
    Removing stm32f1xx_hal_uart.o(.rev16_text), (4 bytes).
    Removing stm32f1xx_hal_uart.o(.revsh_text), (4 bytes).
    Removing stm32f1xx_hal_uart.o(.rrx_text), (6 bytes).
    Removing stm32f1xx_hal_uart.o(i.HAL_HalfDuplex_EnableReceiver), (68 bytes).
    Removing stm32f1xx_hal_uart.o(i.HAL_HalfDuplex_EnableTransmitter), (68 bytes).
    Removing stm32f1xx_hal_uart.o(i.HAL_HalfDuplex_Init), (118 bytes).
    Removing stm32f1xx_hal_uart.o(i.HAL_LIN_Init), (142 bytes).
    Removing stm32f1xx_hal_uart.o(i.HAL_LIN_SendBreak), (62 bytes).
    Removing stm32f1xx_hal_uart.o(i.HAL_MultiProcessor_EnterMuteMode), (62 bytes).
    Removing stm32f1xx_hal_uart.o(i.HAL_MultiProcessor_ExitMuteMode), (62 bytes).
    Removing stm32f1xx_hal_uart.o(i.HAL_MultiProcessor_Init), (154 bytes).
    Removing stm32f1xx_hal_uart.o(i.HAL_UARTEx_ReceiveToIdle), (320 bytes).
    Removing stm32f1xx_hal_uart.o(i.HAL_UARTEx_ReceiveToIdle_DMA), (114 bytes).
    Removing stm32f1xx_hal_uart.o(i.HAL_UARTEx_ReceiveToIdle_IT), (114 bytes).
    Removing stm32f1xx_hal_uart.o(i.HAL_UARTEx_RxEventCallback), (2 bytes).
    Removing stm32f1xx_hal_uart.o(i.HAL_UART_Abort), (188 bytes).
    Removing stm32f1xx_hal_uart.o(i.HAL_UART_AbortCpltCallback), (2 bytes).
    Removing stm32f1xx_hal_uart.o(i.HAL_UART_AbortReceive), (122 bytes).
    Removing stm32f1xx_hal_uart.o(i.HAL_UART_AbortReceiveCpltCallback), (2 bytes).
    Removing stm32f1xx_hal_uart.o(i.HAL_UART_AbortReceive_IT), (144 bytes).
    Removing stm32f1xx_hal_uart.o(i.HAL_UART_AbortTransmit), (88 bytes).
    Removing stm32f1xx_hal_uart.o(i.HAL_UART_AbortTransmitCpltCallback), (2 bytes).
    Removing stm32f1xx_hal_uart.o(i.HAL_UART_AbortTransmit_IT), (108 bytes).
    Removing stm32f1xx_hal_uart.o(i.HAL_UART_Abort_IT), (240 bytes).
    Removing stm32f1xx_hal_uart.o(i.HAL_UART_DMAPause), (124 bytes).
    Removing stm32f1xx_hal_uart.o(i.HAL_UART_DMAResume), (126 bytes).
    Removing stm32f1xx_hal_uart.o(i.HAL_UART_DMAStop), (102 bytes).
    Removing stm32f1xx_hal_uart.o(i.HAL_UART_DeInit), (60 bytes).
    Removing stm32f1xx_hal_uart.o(i.HAL_UART_ErrorCallback), (2 bytes).
    Removing stm32f1xx_hal_uart.o(i.HAL_UART_GetError), (6 bytes).
    Removing stm32f1xx_hal_uart.o(i.HAL_UART_GetState), (20 bytes).
    Removing stm32f1xx_hal_uart.o(i.HAL_UART_IRQHandler), (588 bytes).
    Removing stm32f1xx_hal_uart.o(i.HAL_UART_MspDeInit), (2 bytes).
    Removing stm32f1xx_hal_uart.o(i.HAL_UART_MspInit), (2 bytes).
    Removing stm32f1xx_hal_uart.o(i.HAL_UART_Receive), (220 bytes).
    Removing stm32f1xx_hal_uart.o(i.HAL_UART_Receive_DMA), (66 bytes).
    Removing stm32f1xx_hal_uart.o(i.HAL_UART_Receive_IT), (66 bytes).
    Removing stm32f1xx_hal_uart.o(i.HAL_UART_RxCpltCallback), (2 bytes).
    Removing stm32f1xx_hal_uart.o(i.HAL_UART_RxHalfCpltCallback), (2 bytes).
    Removing stm32f1xx_hal_uart.o(i.HAL_UART_Transmit), (210 bytes).
    Removing stm32f1xx_hal_uart.o(i.HAL_UART_Transmit_DMA), (156 bytes).
    Removing stm32f1xx_hal_uart.o(i.HAL_UART_Transmit_IT), (88 bytes).
    Removing stm32f1xx_hal_uart.o(i.HAL_UART_TxCpltCallback), (2 bytes).
    Removing stm32f1xx_hal_uart.o(i.HAL_UART_TxHalfCpltCallback), (2 bytes).
    Removing stm32f1xx_hal_uart.o(i.UART_DMAAbortOnError), (20 bytes).
    Removing stm32f1xx_hal_uart.o(i.UART_DMAError), (80 bytes).
    Removing stm32f1xx_hal_uart.o(i.UART_DMAReceiveCplt), (104 bytes).
    Removing stm32f1xx_hal_uart.o(i.UART_DMARxAbortCallback), (56 bytes).
    Removing stm32f1xx_hal_uart.o(i.UART_DMARxHalfCplt), (32 bytes).
    Removing stm32f1xx_hal_uart.o(i.UART_DMARxOnlyAbortCallback), (28 bytes).
    Removing stm32f1xx_hal_uart.o(i.UART_DMATransmitCplt), (54 bytes).
    Removing stm32f1xx_hal_uart.o(i.UART_DMATxAbortCallback), (56 bytes).
    Removing stm32f1xx_hal_uart.o(i.UART_DMATxHalfCplt), (14 bytes).
    Removing stm32f1xx_hal_uart.o(i.UART_DMATxOnlyAbortCallback), (24 bytes).
    Removing stm32f1xx_hal_uart.o(i.UART_EndRxTransfer), (54 bytes).
    Removing stm32f1xx_hal_uart.o(i.UART_EndTransmit_IT), (32 bytes).
    Removing stm32f1xx_hal_uart.o(i.UART_EndTxTransfer), (20 bytes).
    Removing stm32f1xx_hal_uart.o(i.UART_Receive_IT), (228 bytes).
    Removing stm32f1xx_hal_uart.o(i.UART_Start_Receive_DMA), (152 bytes).
    Removing stm32f1xx_hal_uart.o(i.UART_Start_Receive_IT), (70 bytes).
    Removing stm32f1xx_hal_uart.o(i.UART_Transmit_IT), (96 bytes).
    Removing stm32f1xx_hal_uart.o(i.UART_WaitOnFlagUntilTimeout), (108 bytes).
    Removing system_stm32f1xx.o(.rev16_text), (4 bytes).
    Removing system_stm32f1xx.o(.revsh_text), (4 bytes).
    Removing system_stm32f1xx.o(.rrx_text), (6 bytes).
    Removing system_stm32f1xx.o(i.SystemCoreClockUpdate), (164 bytes).

393 unused section(s) (total 35498 bytes) removed from the image.

==============================================================================

Image Symbol Table

    Local Symbols

    Symbol Name                              Value     Ov Type        Size  Object(Section)

    ../Drivers/STM32F1xx_HAL_Driver/Src/stm32f1xx_hal.c 0x00000000   Number         0  stm32f1xx_hal.o ABSOLUTE
    ../Drivers/STM32F1xx_HAL_Driver/Src/stm32f1xx_hal_adc.c 0x00000000   Number         0  stm32f1xx_hal_adc.o ABSOLUTE
    ../Drivers/STM32F1xx_HAL_Driver/Src/stm32f1xx_hal_adc_ex.c 0x00000000   Number         0  stm32f1xx_hal_adc_ex.o ABSOLUTE
    ../Drivers/STM32F1xx_HAL_Driver/Src/stm32f1xx_hal_cortex.c 0x00000000   Number         0  stm32f1xx_hal_cortex.o ABSOLUTE
    ../Drivers/STM32F1xx_HAL_Driver/Src/stm32f1xx_hal_dma.c 0x00000000   Number         0  stm32f1xx_hal_dma.o ABSOLUTE
    ../Drivers/STM32F1xx_HAL_Driver/Src/stm32f1xx_hal_exti.c 0x00000000   Number         0  stm32f1xx_hal_exti.o ABSOLUTE
    ../Drivers/STM32F1xx_HAL_Driver/Src/stm32f1xx_hal_flash.c 0x00000000   Number         0  stm32f1xx_hal_flash.o ABSOLUTE
    ../Drivers/STM32F1xx_HAL_Driver/Src/stm32f1xx_hal_flash_ex.c 0x00000000   Number         0  stm32f1xx_hal_flash_ex.o ABSOLUTE
    ../Drivers/STM32F1xx_HAL_Driver/Src/stm32f1xx_hal_gpio.c 0x00000000   Number         0  stm32f1xx_hal_gpio.o ABSOLUTE
    ../Drivers/STM32F1xx_HAL_Driver/Src/stm32f1xx_hal_gpio_ex.c 0x00000000   Number         0  stm32f1xx_hal_gpio_ex.o ABSOLUTE
    ../Drivers/STM32F1xx_HAL_Driver/Src/stm32f1xx_hal_pwr.c 0x00000000   Number         0  stm32f1xx_hal_pwr.o ABSOLUTE
    ../Drivers/STM32F1xx_HAL_Driver/Src/stm32f1xx_hal_rcc.c 0x00000000   Number         0  stm32f1xx_hal_rcc.o ABSOLUTE
    ../Drivers/STM32F1xx_HAL_Driver/Src/stm32f1xx_hal_rcc_ex.c 0x00000000   Number         0  stm32f1xx_hal_rcc_ex.o ABSOLUTE
    ../Drivers/STM32F1xx_HAL_Driver/Src/stm32f1xx_hal_tim.c 0x00000000   Number         0  stm32f1xx_hal_tim.o ABSOLUTE
    ../Drivers/STM32F1xx_HAL_Driver/Src/stm32f1xx_hal_tim_ex.c 0x00000000   Number         0  stm32f1xx_hal_tim_ex.o ABSOLUTE
    ../Drivers/STM32F1xx_HAL_Driver/Src/stm32f1xx_hal_uart.c 0x00000000   Number         0  stm32f1xx_hal_uart.o ABSOLUTE
    ../Src/main.c                            0x00000000   Number         0  main.o ABSOLUTE
    ../Src/stm32f1xx_hal_msp.c               0x00000000   Number         0  stm32f1xx_hal_msp.o ABSOLUTE
    ../Src/stm32f1xx_it.c                    0x00000000   Number         0  stm32f1xx_it.o ABSOLUTE
    ../Src/system_stm32f1xx.c                0x00000000   Number         0  system_stm32f1xx.o ABSOLUTE
    ../clib/../cmprslib/zerorunl2.c          0x00000000   Number         0  __dczerorl2.o ABSOLUTE
    ../clib/microlib/init/entry.s            0x00000000   Number         0  entry9a.o ABSOLUTE
    ../clib/microlib/init/entry.s            0x00000000   Number         0  entry8b.o ABSOLUTE
    ../clib/microlib/init/entry.s            0x00000000   Number         0  entry8a.o ABSOLUTE
    ../clib/microlib/init/entry.s            0x00000000   Number         0  entry7b.o ABSOLUTE
    ../clib/microlib/init/entry.s            0x00000000   Number         0  entry.o ABSOLUTE
    ../clib/microlib/init/entry.s            0x00000000   Number         0  entry11b.o ABSOLUTE
    ../clib/microlib/init/entry.s            0x00000000   Number         0  entry5.o ABSOLUTE
    ../clib/microlib/init/entry.s            0x00000000   Number         0  entry2.o ABSOLUTE
    ../clib/microlib/init/entry.s            0x00000000   Number         0  entry11a.o ABSOLUTE
    ../clib/microlib/init/entry.s            0x00000000   Number         0  entry12b.o ABSOLUTE
    ../clib/microlib/init/entry.s            0x00000000   Number         0  entry12a.o ABSOLUTE
    ../clib/microlib/init/entry.s            0x00000000   Number         0  entry7a.o ABSOLUTE
    ../clib/microlib/init/entry.s            0x00000000   Number         0  entry10b.o ABSOLUTE
    ../clib/microlib/init/entry.s            0x00000000   Number         0  entry10a.o ABSOLUTE
    ../clib/microlib/init/entry.s            0x00000000   Number         0  entry9b.o ABSOLUTE
    ../clib/microlib/longlong.c              0x00000000   Number         0  llushr.o ABSOLUTE
    ../clib/microlib/string/memset.c         0x00000000   Number         0  memseta.o ABSOLUTE
    ..\Drivers\STM32F1xx_HAL_Driver\Src\stm32f1xx_hal.c 0x00000000   Number         0  stm32f1xx_hal.o ABSOLUTE
    ..\Drivers\STM32F1xx_HAL_Driver\Src\stm32f1xx_hal_adc.c 0x00000000   Number         0  stm32f1xx_hal_adc.o ABSOLUTE
    ..\Drivers\STM32F1xx_HAL_Driver\Src\stm32f1xx_hal_adc_ex.c 0x00000000   Number         0  stm32f1xx_hal_adc_ex.o ABSOLUTE
    ..\Drivers\STM32F1xx_HAL_Driver\Src\stm32f1xx_hal_cortex.c 0x00000000   Number         0  stm32f1xx_hal_cortex.o ABSOLUTE
    ..\Drivers\STM32F1xx_HAL_Driver\Src\stm32f1xx_hal_dma.c 0x00000000   Number         0  stm32f1xx_hal_dma.o ABSOLUTE
    ..\Drivers\STM32F1xx_HAL_Driver\Src\stm32f1xx_hal_exti.c 0x00000000   Number         0  stm32f1xx_hal_exti.o ABSOLUTE
    ..\Drivers\STM32F1xx_HAL_Driver\Src\stm32f1xx_hal_flash.c 0x00000000   Number         0  stm32f1xx_hal_flash.o ABSOLUTE
    ..\Drivers\STM32F1xx_HAL_Driver\Src\stm32f1xx_hal_flash_ex.c 0x00000000   Number         0  stm32f1xx_hal_flash_ex.o ABSOLUTE
    ..\Drivers\STM32F1xx_HAL_Driver\Src\stm32f1xx_hal_gpio.c 0x00000000   Number         0  stm32f1xx_hal_gpio.o ABSOLUTE
    ..\Drivers\STM32F1xx_HAL_Driver\Src\stm32f1xx_hal_gpio_ex.c 0x00000000   Number         0  stm32f1xx_hal_gpio_ex.o ABSOLUTE
    ..\Drivers\STM32F1xx_HAL_Driver\Src\stm32f1xx_hal_pwr.c 0x00000000   Number         0  stm32f1xx_hal_pwr.o ABSOLUTE
    ..\Drivers\STM32F1xx_HAL_Driver\Src\stm32f1xx_hal_rcc.c 0x00000000   Number         0  stm32f1xx_hal_rcc.o ABSOLUTE
    ..\Drivers\STM32F1xx_HAL_Driver\Src\stm32f1xx_hal_rcc_ex.c 0x00000000   Number         0  stm32f1xx_hal_rcc_ex.o ABSOLUTE
    ..\Drivers\STM32F1xx_HAL_Driver\Src\stm32f1xx_hal_tim.c 0x00000000   Number         0  stm32f1xx_hal_tim.o ABSOLUTE
    ..\Drivers\STM32F1xx_HAL_Driver\Src\stm32f1xx_hal_tim_ex.c 0x00000000   Number         0  stm32f1xx_hal_tim_ex.o ABSOLUTE
    ..\Drivers\STM32F1xx_HAL_Driver\Src\stm32f1xx_hal_uart.c 0x00000000   Number         0  stm32f1xx_hal_uart.o ABSOLUTE
    ..\Src\main.c                            0x00000000   Number         0  main.o ABSOLUTE
    ..\Src\stm32f1xx_hal_msp.c               0x00000000   Number         0  stm32f1xx_hal_msp.o ABSOLUTE
    ..\Src\stm32f1xx_it.c                    0x00000000   Number         0  stm32f1xx_it.o ABSOLUTE
    ..\Src\system_stm32f1xx.c                0x00000000   Number         0  system_stm32f1xx.o ABSOLUTE
    dc.s                                     0x00000000   Number         0  dc.o ABSOLUTE
    handlers.s                               0x00000000   Number         0  handlers.o ABSOLUTE
    init.s                                   0x00000000   Number         0  init.o ABSOLUTE
    startup_stm32f103xb.s                    0x00000000   Number         0  startup_stm32f103xb.o ABSOLUTE
    RESET                                    0x08000000   Section      236  startup_stm32f103xb.o(RESET)
    .ARM.Collect$$$$00000000                 0x080000ec   Section        0  entry.o(.ARM.Collect$$$$00000000)
    .ARM.Collect$$$$00000001                 0x080000ec   Section        4  entry2.o(.ARM.Collect$$$$00000001)
    .ARM.Collect$$$$00000004                 0x080000f0   Section        4  entry5.o(.ARM.Collect$$$$00000004)
    .ARM.Collect$$$$00000008                 0x080000f4   Section        0  entry7b.o(.ARM.Collect$$$$00000008)
    .ARM.Collect$$$$0000000A                 0x080000f4   Section        0  entry8b.o(.ARM.Collect$$$$0000000A)
    .ARM.Collect$$$$0000000B                 0x080000f4   Section        8  entry9a.o(.ARM.Collect$$$$0000000B)
    .ARM.Collect$$$$0000000E                 0x080000fc   Section        4  entry12b.o(.ARM.Collect$$$$0000000E)
    .ARM.Collect$$$$0000000F                 0x08000100   Section        0  entry10a.o(.ARM.Collect$$$$0000000F)
    .ARM.Collect$$$$00000011                 0x08000100   Section        0  entry11a.o(.ARM.Collect$$$$00000011)
    .ARM.Collect$$$$00002712                 0x08000100   Section        4  entry2.o(.ARM.Collect$$$$00002712)
    __lit__00000000                          0x08000100   Data           4  entry2.o(.ARM.Collect$$$$00002712)
    .text                                    0x08000104   Section       36  startup_stm32f103xb.o(.text)
    .text                                    0x08000128   Section        0  memseta.o(.text)
    .text                                    0x0800014c   Section       36  init.o(.text)
    .text                                    0x08000170   Section        0  __dczerorl2.o(.text)
    i.ADC1_2_IRQHandler                      0x080001c8   Section        0  stm32f1xx_it.o(i.ADC1_2_IRQHandler)
    i.ADC_ConversionStop_Disable             0x080001d8   Section        0  stm32f1xx_hal_adc.o(i.ADC_ConversionStop_Disable)
    i.ADC_DMAConvCplt                        0x08000234   Section        0  stm32f1xx_hal_adc.o(i.ADC_DMAConvCplt)
    i.ADC_DMAError                           0x08000286   Section        0  stm32f1xx_hal_adc.o(i.ADC_DMAError)
    i.ADC_DMAHalfConvCplt                    0x080002a4   Section        0  stm32f1xx_hal_adc.o(i.ADC_DMAHalfConvCplt)
    i.ADC_Enable                             0x080002b4   Section        0  stm32f1xx_hal_adc.o(i.ADC_Enable)
    i.AccelDer                               0x08000344   Section        0  main.o(i.AccelDer)
    i.Board_Temp                             0x0800038c   Section        0  main.o(i.Board_Temp)
    i.BusFault_Handler                       0x080003c0   Section        0  stm32f1xx_it.o(i.BusFault_Handler)
    i.Crank_Pos_IACV                         0x080003c4   Section        0  main.o(i.Crank_Pos_IACV)
    i.DMA1_Channel1_IRQHandler               0x080003d8   Section        0  stm32f1xx_it.o(i.DMA1_Channel1_IRQHandler)
    i.DMA1_Channel3_IRQHandler               0x080003e8   Section        0  stm32f1xx_it.o(i.DMA1_Channel3_IRQHandler)
    i.DMA_SetConfig                          0x080003f8   Section        0  stm32f1xx_hal_dma.o(i.DMA_SetConfig)
    DMA_SetConfig                            0x080003f9   Thumb Code    44  stm32f1xx_hal_dma.o(i.DMA_SetConfig)
    i.DebugMon_Handler                       0x08000424   Section        0  stm32f1xx_it.o(i.DebugMon_Handler)
    i.EXTI9_5_IRQHandler                     0x08000426   Section        0  stm32f1xx_it.o(i.EXTI9_5_IRQHandler)
    i.Eng_Status                             0x08000434   Section        0  main.o(i.Eng_Status)
    i.EngineTempLinearization                0x0800060c   Section        0  main.o(i.EngineTempLinearization)
    i.Error_Handler                          0x08000628   Section        0  main.o(i.Error_Handler)
    i.FLASH_IRQHandler                       0x0800062a   Section        0  stm32f1xx_it.o(i.FLASH_IRQHandler)
    i.FLASH_PageErase                        0x08000634   Section        0  stm32f1xx_hal_flash_ex.o(i.FLASH_PageErase)
    i.FLASH_Program_HalfWord                 0x0800065c   Section        0  stm32f1xx_hal_flash.o(i.FLASH_Program_HalfWord)
    FLASH_Program_HalfWord                   0x0800065d   Thumb Code    22  stm32f1xx_hal_flash.o(i.FLASH_Program_HalfWord)
    i.FLASH_SetErrorCode                     0x0800067c   Section        0  stm32f1xx_hal_flash.o(i.FLASH_SetErrorCode)
    FLASH_SetErrorCode                       0x0800067d   Thumb Code   124  stm32f1xx_hal_flash.o(i.FLASH_SetErrorCode)
    i.Falling_Edge_Event                     0x08000700   Section        0  main.o(i.Falling_Edge_Event)
    i.FuelCalc                               0x0800072c   Section        0  main.o(i.FuelCalc)
    i.HAL_ADCEx_InjectedConvCpltCallback     0x08000994   Section        0  stm32f1xx_hal_adc_ex.o(i.HAL_ADCEx_InjectedConvCpltCallback)
    i.HAL_ADC_ConfigChannel                  0x08000998   Section        0  stm32f1xx_hal_adc.o(i.HAL_ADC_ConfigChannel)
    i.HAL_ADC_ConvCpltCallback               0x08000af8   Section        0  stm32f1xx_hal_adc.o(i.HAL_ADC_ConvCpltCallback)
    i.HAL_ADC_ConvHalfCpltCallback           0x08000afa   Section        0  stm32f1xx_hal_adc.o(i.HAL_ADC_ConvHalfCpltCallback)
    i.HAL_ADC_ErrorCallback                  0x08000afc   Section        0  stm32f1xx_hal_adc.o(i.HAL_ADC_ErrorCallback)
    i.HAL_ADC_IRQHandler                     0x08000afe   Section        0  stm32f1xx_hal_adc.o(i.HAL_ADC_IRQHandler)
    i.HAL_ADC_Init                           0x08000c20   Section        0  stm32f1xx_hal_adc.o(i.HAL_ADC_Init)
    i.HAL_ADC_LevelOutOfWindowCallback       0x08000d64   Section        0  stm32f1xx_hal_adc.o(i.HAL_ADC_LevelOutOfWindowCallback)
    i.HAL_ADC_MspInit                        0x08000d68   Section        0  stm32f1xx_hal_msp.o(i.HAL_ADC_MspInit)
    i.HAL_ADC_Start_DMA                      0x08000e24   Section        0  stm32f1xx_hal_adc.o(i.HAL_ADC_Start_DMA)
    i.HAL_DMA_IRQHandler                     0x08000fa4   Section        0  stm32f1xx_hal_dma.o(i.HAL_DMA_IRQHandler)
    i.HAL_DMA_Init                           0x08001140   Section        0  stm32f1xx_hal_dma.o(i.HAL_DMA_Init)
    i.HAL_DMA_Start_IT                       0x080011a8   Section        0  stm32f1xx_hal_dma.o(i.HAL_DMA_Start_IT)
    i.HAL_FLASH_EndOfOperationCallback       0x08001244   Section        0  stm32f1xx_hal_flash.o(i.HAL_FLASH_EndOfOperationCallback)
    i.HAL_FLASH_IRQHandler                   0x08001248   Section        0  stm32f1xx_hal_flash.o(i.HAL_FLASH_IRQHandler)
    i.HAL_FLASH_OperationErrorCallback       0x080013c8   Section        0  stm32f1xx_hal_flash.o(i.HAL_FLASH_OperationErrorCallback)
    i.HAL_GPIO_EXTI_Callback                 0x080013ca   Section        0  stm32f1xx_hal_gpio.o(i.HAL_GPIO_EXTI_Callback)
    i.HAL_GPIO_EXTI_IRQHandler               0x080013cc   Section        0  stm32f1xx_hal_gpio.o(i.HAL_GPIO_EXTI_IRQHandler)
    i.HAL_GPIO_Init                          0x080013e8   Section        0  stm32f1xx_hal_gpio.o(i.HAL_GPIO_Init)
    i.HAL_GPIO_ReadPin                       0x08001708   Section        0  stm32f1xx_hal_gpio.o(i.HAL_GPIO_ReadPin)
    i.HAL_GPIO_TogglePin                     0x08001718   Section        0  stm32f1xx_hal_gpio.o(i.HAL_GPIO_TogglePin)
    i.HAL_GPIO_WritePin                      0x0800172c   Section        0  stm32f1xx_hal_gpio.o(i.HAL_GPIO_WritePin)
    i.HAL_GetTick                            0x08001738   Section        0  stm32f1xx_hal.o(i.HAL_GetTick)
    i.HAL_IncTick                            0x08001744   Section        0  stm32f1xx_hal.o(i.HAL_IncTick)
    i.HAL_Init                               0x0800175c   Section        0  stm32f1xx_hal.o(i.HAL_Init)
    i.HAL_InitTick                           0x08001784   Section        0  stm32f1xx_hal.o(i.HAL_InitTick)
    i.HAL_MspInit                            0x080017d0   Section        0  stm32f1xx_hal_msp.o(i.HAL_MspInit)
    i.HAL_NVIC_EnableIRQ                     0x0800185c   Section        0  stm32f1xx_hal_cortex.o(i.HAL_NVIC_EnableIRQ)
    i.HAL_NVIC_SetPriority                   0x0800187c   Section        0  stm32f1xx_hal_cortex.o(i.HAL_NVIC_SetPriority)
    i.HAL_NVIC_SetPriorityGrouping           0x080018f8   Section        0  stm32f1xx_hal_cortex.o(i.HAL_NVIC_SetPriorityGrouping)
    i.HAL_PWR_PVDCallback                    0x08001920   Section        0  stm32f1xx_hal_pwr.o(i.HAL_PWR_PVDCallback)
    i.HAL_PWR_PVD_IRQHandler                 0x08001924   Section        0  stm32f1xx_hal_pwr.o(i.HAL_PWR_PVD_IRQHandler)
    i.HAL_RCCEx_PeriphCLKConfig              0x08001944   Section        0  stm32f1xx_hal_rcc_ex.o(i.HAL_RCCEx_PeriphCLKConfig)
    i.HAL_RCC_ClockConfig                    0x08001a74   Section        0  stm32f1xx_hal_rcc.o(i.HAL_RCC_ClockConfig)
    i.HAL_RCC_GetHCLKFreq                    0x08001c00   Section        0  stm32f1xx_hal_rcc.o(i.HAL_RCC_GetHCLKFreq)
    i.HAL_RCC_GetPCLK1Freq                   0x08001c0c   Section        0  stm32f1xx_hal_rcc.o(i.HAL_RCC_GetPCLK1Freq)
    i.HAL_RCC_GetPCLK2Freq                   0x08001c2c   Section        0  stm32f1xx_hal_rcc.o(i.HAL_RCC_GetPCLK2Freq)
    i.HAL_RCC_GetSysClockFreq                0x08001c4c   Section        0  stm32f1xx_hal_rcc.o(i.HAL_RCC_GetSysClockFreq)
    i.HAL_RCC_OscConfig                      0x08001ce0   Section        0  stm32f1xx_hal_rcc.o(i.HAL_RCC_OscConfig)
    i.HAL_SYSTICK_Config                     0x08002144   Section        0  stm32f1xx_hal_cortex.o(i.HAL_SYSTICK_Config)
    i.HAL_TIMEx_BreakCallback                0x08002178   Section        0  stm32f1xx_hal_tim_ex.o(i.HAL_TIMEx_BreakCallback)
    i.HAL_TIMEx_CommutCallback               0x0800217a   Section        0  stm32f1xx_hal_tim_ex.o(i.HAL_TIMEx_CommutCallback)
    i.HAL_TIMEx_MasterConfigSynchronization  0x0800217c   Section        0  stm32f1xx_hal_tim_ex.o(i.HAL_TIMEx_MasterConfigSynchronization)
    i.HAL_TIM_Base_Init                      0x08002200   Section        0  stm32f1xx_hal_tim.o(i.HAL_TIM_Base_Init)
    i.HAL_TIM_Base_MspInit                   0x08002268   Section        0  stm32f1xx_hal_msp.o(i.HAL_TIM_Base_MspInit)
    i.HAL_TIM_ConfigClockSource              0x0800233c   Section        0  stm32f1xx_hal_tim.o(i.HAL_TIM_ConfigClockSource)
    i.HAL_TIM_IC_CaptureCallback             0x08002444   Section        0  main.o(i.HAL_TIM_IC_CaptureCallback)
    i.HAL_TIM_IC_ConfigChannel               0x0800246e   Section        0  stm32f1xx_hal_tim.o(i.HAL_TIM_IC_ConfigChannel)
    i.HAL_TIM_IC_Init                        0x08002542   Section        0  stm32f1xx_hal_tim.o(i.HAL_TIM_IC_Init)
    i.HAL_TIM_IC_MspInit                     0x080025a8   Section        0  stm32f1xx_hal_tim.o(i.HAL_TIM_IC_MspInit)
    i.HAL_TIM_IRQHandler                     0x080025aa   Section        0  stm32f1xx_hal_tim.o(i.HAL_TIM_IRQHandler)
    i.HAL_TIM_MspPostInit                    0x08002740   Section        0  stm32f1xx_hal_msp.o(i.HAL_TIM_MspPostInit)
    i.HAL_TIM_OC_ConfigChannel               0x08002798   Section        0  stm32f1xx_hal_tim.o(i.HAL_TIM_OC_ConfigChannel)
    i.HAL_TIM_OC_DelayElapsedCallback        0x08002800   Section        0  stm32f1xx_hal_tim.o(i.HAL_TIM_OC_DelayElapsedCallback)
    i.HAL_TIM_OC_Init                        0x08002802   Section        0  stm32f1xx_hal_tim.o(i.HAL_TIM_OC_Init)
    i.HAL_TIM_OC_MspInit                     0x08002868   Section        0  stm32f1xx_hal_tim.o(i.HAL_TIM_OC_MspInit)
    i.HAL_TIM_PWM_ConfigChannel              0x0800286a   Section        0  stm32f1xx_hal_tim.o(i.HAL_TIM_PWM_ConfigChannel)
    i.HAL_TIM_PWM_Init                       0x08002966   Section        0  stm32f1xx_hal_tim.o(i.HAL_TIM_PWM_Init)
    i.HAL_TIM_PWM_MspInit                    0x080029cc   Section        0  stm32f1xx_hal_tim.o(i.HAL_TIM_PWM_MspInit)
    i.HAL_TIM_PWM_PulseFinishedCallback      0x080029ce   Section        0  stm32f1xx_hal_tim.o(i.HAL_TIM_PWM_PulseFinishedCallback)
    i.HAL_TIM_PWM_Start                      0x080029d0   Section        0  stm32f1xx_hal_tim.o(i.HAL_TIM_PWM_Start)
    i.HAL_TIM_PeriodElapsedCallback          0x08002aa4   Section        0  main.o(i.HAL_TIM_PeriodElapsedCallback)
    i.HAL_TIM_ReadCapturedValue              0x08002abc   Section        0  stm32f1xx_hal_tim.o(i.HAL_TIM_ReadCapturedValue)
    i.HAL_TIM_TriggerCallback                0x08002aee   Section        0  stm32f1xx_hal_tim.o(i.HAL_TIM_TriggerCallback)
    i.HAL_UART_Init                          0x08002af0   Section        0  stm32f1xx_hal_uart.o(i.HAL_UART_Init)
    i.HAL_UART_MspInit                       0x08002b64   Section        0  stm32f1xx_hal_msp.o(i.HAL_UART_MspInit)
    i.HardFault_Handler                      0x08002c24   Section        0  stm32f1xx_it.o(i.HardFault_Handler)
    i.Hardware_Init                          0x08002c28   Section        0  main.o(i.Hardware_Init)
    i.IACV_Control                           0x08002c58   Section        0  main.o(i.IACV_Control)
    i.Idle_Management                        0x08002cf4   Section        0  main.o(i.Idle_Management)
    i.InjectorDeadTimeCalc                   0x08002d60   Section        0  main.o(i.InjectorDeadTimeCalc)
    i.Injector_CMD                           0x08002d74   Section        0  main.o(i.Injector_CMD)
    i.LambdaCorrectionFunc                   0x08002d80   Section        0  main.o(i.LambdaCorrectionFunc)
    i.LambdaLinearization                    0x08002ea8   Section        0  main.o(i.LambdaLinearization)
    i.Learn_test_IACV                        0x08002ec4   Section        0  main.o(i.Learn_test_IACV)
    i.MAPLinearization                       0x08002ed4   Section        0  main.o(i.MAPLinearization)
    i.MX_ADC1_Init                           0x08002ef8   Section        0  main.o(i.MX_ADC1_Init)
    MX_ADC1_Init                             0x08002ef9   Thumb Code   218  main.o(i.MX_ADC1_Init)
    i.MX_DMA_Init                            0x08002fdc   Section        0  main.o(i.MX_DMA_Init)
    MX_DMA_Init                              0x08002fdd   Thumb Code    64  main.o(i.MX_DMA_Init)
    i.MX_GPIO_Init                           0x08003020   Section        0  main.o(i.MX_GPIO_Init)
    MX_GPIO_Init                             0x08003021   Thumb Code   428  main.o(i.MX_GPIO_Init)
    i.MX_TIM2_Init                           0x080031e0   Section        0  main.o(i.MX_TIM2_Init)
    MX_TIM2_Init                             0x080031e1   Thumb Code   172  main.o(i.MX_TIM2_Init)
    i.MX_TIM4_Init                           0x08003290   Section        0  main.o(i.MX_TIM4_Init)
    MX_TIM4_Init                             0x08003291   Thumb Code   228  main.o(i.MX_TIM4_Init)
    i.MX_USART3_UART_Init                    0x0800337c   Section        0  main.o(i.MX_USART3_UART_Init)
    MX_USART3_UART_Init                      0x0800337d   Thumb Code    46  main.o(i.MX_USART3_UART_Init)
    i.MemManage_Handler                      0x080033b4   Section        0  stm32f1xx_it.o(i.MemManage_Handler)
    i.NMI_Handler                            0x080033b8   Section        0  stm32f1xx_it.o(i.NMI_Handler)
    i.Open_IACV                              0x080033bc   Section        0  main.o(i.Open_IACV)
    i.PVD_IRQHandler                         0x080033cc   Section        0  stm32f1xx_it.o(i.PVD_IRQHandler)
    i.PendSV_Handler                         0x080033d4   Section        0  stm32f1xx_it.o(i.PendSV_Handler)
    i.Periodic_task                          0x080033d6   Section        0  main.o(i.Periodic_task)
    i.PrimerPulse                            0x08003412   Section        0  main.o(i.PrimerPulse)
    i.RCC_Delay                              0x08003420   Section        0  stm32f1xx_hal_rcc.o(i.RCC_Delay)
    RCC_Delay                                0x08003421   Thumb Code    36  stm32f1xx_hal_rcc.o(i.RCC_Delay)
    i.RCC_IRQHandler                         0x08003448   Section        0  stm32f1xx_it.o(i.RCC_IRQHandler)
    i.Read_Analog_Sensors                    0x0800344c   Section        0  main.o(i.Read_Analog_Sensors)
    i.Read_Output_Pump                       0x08003490   Section        0  main.o(i.Read_Output_Pump)
    i.Rising_Edge_Event                      0x080034ac   Section        0  main.o(i.Rising_Edge_Event)
    i.SVC_Handler                            0x080034e0   Section        0  stm32f1xx_it.o(i.SVC_Handler)
    i.Saturation                             0x080034e2   Section        0  main.o(i.Saturation)
    i.Set_Ouput_Injector                     0x080034ec   Section        0  main.o(i.Set_Ouput_Injector)
    i.Set_Ouput_InterruptionTest             0x08003510   Section        0  main.o(i.Set_Ouput_InterruptionTest)
    i.Set_Ouput_Pump                         0x08003520   Section        0  main.o(i.Set_Ouput_Pump)
    i.Set_Output_LED_Blue                    0x08003544   Section        0  main.o(i.Set_Output_LED_Blue)
    i.Set_Output_LED_Green                   0x08003568   Section        0  main.o(i.Set_Output_LED_Green)
    i.Set_Output_LED_Red                     0x0800358c   Section        0  main.o(i.Set_Output_LED_Red)
    i.Set_Output_LED_Yellow                  0x080035b0   Section        0  main.o(i.Set_Output_LED_Yellow)
    i.Set_Pulse_Program                      0x080035d4   Section        0  main.o(i.Set_Pulse_Program)
    i.SysTick_Handler                        0x08003674   Section        0  stm32f1xx_it.o(i.SysTick_Handler)
    i.SystemClock_Config                     0x0800367c   Section        0  main.o(i.SystemClock_Config)
    i.SystemInit                             0x08003704   Section        0  system_stm32f1xx.o(i.SystemInit)
    i.TIM2_IRQHandler                        0x0800375c   Section        0  stm32f1xx_it.o(i.TIM2_IRQHandler)
    i.TIM4_IRQHandler                        0x0800376c   Section        0  stm32f1xx_it.o(i.TIM4_IRQHandler)
    i.TIM_Base_SetConfig                     0x0800377c   Section        0  stm32f1xx_hal_tim.o(i.TIM_Base_SetConfig)
    i.TIM_CCxChannelCmd                      0x080037f0   Section        0  stm32f1xx_hal_tim.o(i.TIM_CCxChannelCmd)
    i.TIM_ETR_SetConfig                      0x08003812   Section        0  stm32f1xx_hal_tim.o(i.TIM_ETR_SetConfig)
    i.TIM_ITRx_SetConfig                     0x08003828   Section        0  stm32f1xx_hal_tim.o(i.TIM_ITRx_SetConfig)
    TIM_ITRx_SetConfig                       0x08003829   Thumb Code    18  stm32f1xx_hal_tim.o(i.TIM_ITRx_SetConfig)
    i.TIM_OC1_SetConfig                      0x0800383c   Section        0  stm32f1xx_hal_tim.o(i.TIM_OC1_SetConfig)
    TIM_OC1_SetConfig                        0x0800383d   Thumb Code    90  stm32f1xx_hal_tim.o(i.TIM_OC1_SetConfig)
    i.TIM_OC2_SetConfig                      0x0800389c   Section        0  stm32f1xx_hal_tim.o(i.TIM_OC2_SetConfig)
    i.TIM_OC3_SetConfig                      0x08003904   Section        0  stm32f1xx_hal_tim.o(i.TIM_OC3_SetConfig)
    TIM_OC3_SetConfig                        0x08003905   Thumb Code    98  stm32f1xx_hal_tim.o(i.TIM_OC3_SetConfig)
    i.TIM_OC4_SetConfig                      0x0800396c   Section        0  stm32f1xx_hal_tim.o(i.TIM_OC4_SetConfig)
    TIM_OC4_SetConfig                        0x0800396d   Thumb Code    68  stm32f1xx_hal_tim.o(i.TIM_OC4_SetConfig)
    i.TIM_TI1_ConfigInputStage               0x080039b4   Section        0  stm32f1xx_hal_tim.o(i.TIM_TI1_ConfigInputStage)
    TIM_TI1_ConfigInputStage                 0x080039b5   Thumb Code    38  stm32f1xx_hal_tim.o(i.TIM_TI1_ConfigInputStage)
    i.TIM_TI1_SetConfig                      0x080039dc   Section        0  stm32f1xx_hal_tim.o(i.TIM_TI1_SetConfig)
    i.TIM_TI2_ConfigInputStage               0x08003a44   Section        0  stm32f1xx_hal_tim.o(i.TIM_TI2_ConfigInputStage)
    TIM_TI2_ConfigInputStage                 0x08003a45   Thumb Code    40  stm32f1xx_hal_tim.o(i.TIM_TI2_ConfigInputStage)
    i.TIM_TI2_SetConfig                      0x08003a6c   Section        0  stm32f1xx_hal_tim.o(i.TIM_TI2_SetConfig)
    TIM_TI2_SetConfig                        0x08003a6d   Thumb Code    58  stm32f1xx_hal_tim.o(i.TIM_TI2_SetConfig)
    i.TIM_TI3_SetConfig                      0x08003aa6   Section        0  stm32f1xx_hal_tim.o(i.TIM_TI3_SetConfig)
    TIM_TI3_SetConfig                        0x08003aa7   Thumb Code    56  stm32f1xx_hal_tim.o(i.TIM_TI3_SetConfig)
    i.TIM_TI4_SetConfig                      0x08003ade   Section        0  stm32f1xx_hal_tim.o(i.TIM_TI4_SetConfig)
    TIM_TI4_SetConfig                        0x08003adf   Thumb Code    60  stm32f1xx_hal_tim.o(i.TIM_TI4_SetConfig)
    i.TPSLinearization                       0x08003b1c   Section        0  main.o(i.TPSLinearization)
    i.TPS_Treatment                          0x08003b3c   Section        0  main.o(i.TPS_Treatment)
    i.TairLinearization                      0x08003c4c   Section        0  main.o(i.TairLinearization)
    i.Task_Fast                              0x08003c70   Section        0  main.o(i.Task_Fast)
    i.Task_Medium                            0x08003c9c   Section        0  main.o(i.Task_Medium)
    i.Task_Slow                              0x08003ca4   Section        0  main.o(i.Task_Slow)
    i.Timeout_ms                             0x08003cb0   Section        0  main.o(i.Timeout_ms)
    i.TimerListManagement                    0x08003ce4   Section        0  main.o(i.TimerListManagement)
    i.TurnOffInjector                        0x08003d32   Section        0  main.o(i.TurnOffInjector)
    i.UART_SetConfig                         0x08003d44   Section        0  stm32f1xx_hal_uart.o(i.UART_SetConfig)
    UART_SetConfig                           0x08003d45   Thumb Code   248  stm32f1xx_hal_uart.o(i.UART_SetConfig)
    i.UsageFault_Handler                     0x08003e40   Section        0  stm32f1xx_it.o(i.UsageFault_Handler)
    i.VBatLinearization                      0x08003e44   Section        0  main.o(i.VBatLinearization)
    i.__NVIC_GetPriorityGrouping             0x08003e74   Section        0  stm32f1xx_hal_cortex.o(i.__NVIC_GetPriorityGrouping)
    __NVIC_GetPriorityGrouping               0x08003e75   Thumb Code    10  stm32f1xx_hal_cortex.o(i.__NVIC_GetPriorityGrouping)
    i.__NVIC_SetPriority                     0x08003e84   Section        0  stm32f1xx_hal_cortex.o(i.__NVIC_SetPriority)
    __NVIC_SetPriority                       0x08003e85   Thumb Code    32  stm32f1xx_hal_cortex.o(i.__NVIC_SetPriority)
    i.__scatterload_copy                     0x08003eac   Section       14  handlers.o(i.__scatterload_copy)
    i.__scatterload_null                     0x08003eba   Section        2  handlers.o(i.__scatterload_null)
    i.__scatterload_zeroinit                 0x08003ebc   Section       14  handlers.o(i.__scatterload_zeroinit)
    i.checkTimeoutHookUp                     0x08003ecc   Section        0  main.o(i.checkTimeoutHookUp)
    i.digitalFilter8bits                     0x08003f0c   Section        0  main.o(i.digitalFilter8bits)
    i.funcCycles                             0x08003f2c   Section        0  main.o(i.funcCycles)
    i.funcIdleSetpoint                       0x08003f34   Section        0  main.o(i.funcIdleSetpoint)
    i.funcLambda                             0x08003f48   Section        0  main.o(i.funcLambda)
    i.funcVoleff                             0x08003f4e   Section        0  main.o(i.funcVoleff)
    i.funccrankTerm                          0x08003f54   Section        0  main.o(i.funccrankTerm)
    i.funcfastEnleanment                     0x08003f5a   Section        0  main.o(i.funcfastEnleanment)
    i.funcfastEnrichment                     0x08003f60   Section        0  main.o(i.funcfastEnrichment)
    i.funcwarmUp                             0x08003f66   Section        0  main.o(i.funcwarmUp)
    i.main                                   0x08003f6c   Section        0  main.o(i.main)
    i.pid_Init                               0x0800400c   Section        0  main.o(i.pid_Init)
    i.setTimeoutHookUp                       0x08004020   Section        0  main.o(i.setTimeoutHookUp)
    .constdata                               0x08004058   Section       24  system_stm32f1xx.o(.constdata)
    .data                                    0x20000000   Section      289  main.o(.data)
    a                                        0x200000e4   Data           4  main.o(.data)
    b                                        0x200000e8   Data           4  main.o(.data)
    c                                        0x200000ec   Data           4  main.o(.data)
    d                                        0x200000f0   Data           4  main.o(.data)
    e                                        0x200000f4   Data           4  main.o(.data)
    f                                        0x200000f8   Data           4  main.o(.data)
    g                                        0x200000fc   Data           4  main.o(.data)
    h                                        0x20000100   Data           4  main.o(.data)
    varOld                                   0x2000010b   Data           1  main.o(.data)
    varOld                                   0x2000010c   Data           2  main.o(.data)
    CounterPulseNow                          0x20000110   Data           4  main.o(.data)
    CounterPulseOld                          0x20000114   Data           4  main.o(.data)
    crtlStateOld                             0x20000118   Data           1  main.o(.data)
    program                                  0x20000119   Data           1  main.o(.data)
    initial_value                            0x2000011c   Data           4  main.o(.data)
    enable_pid                               0x20000120   Data           1  main.o(.data)
    .data                                    0x20000124   Section        9  stm32f1xx_hal.o(.data)
    .data                                    0x20000130   Section        4  system_stm32f1xx.o(.data)
    .bss                                     0x20000134   Section      612  main.o(.bss)
    .bss                                     0x20000398   Section       32  stm32f1xx_hal_flash.o(.bss)
    STACK                                    0x200003b8   Section     1024  startup_stm32f103xb.o(STACK)

    Global Symbols

    Symbol Name                              Value     Ov Type        Size  Object(Section)

    BuildAttributes$$THM_ISAv4$P$D$K$B$S$PE$A:L22UL41UL21$X:L11$S22US41US21$IEEE1$IW$USESV6$~STKCKD$USESV7$~SHL$OSPACE$EBA8$MICROLIB$REQ8$PRES8$EABIv2 0x00000000   Number         0  anon$$obj.o ABSOLUTE
    __ARM_use_no_argv                        0x00000000   Number         0  main.o ABSOLUTE
    __arm_fini_                               - Undefined Weak Reference
    __cpp_initialize__aeabi_                  - Undefined Weak Reference
    __cxa_finalize                            - Undefined Weak Reference
    _clock_init                               - Undefined Weak Reference
    _microlib_exit                            - Undefined Weak Reference
    __Vectors_Size                           0x000000ec   Number         0  startup_stm32f103xb.o ABSOLUTE
    __Vectors                                0x08000000   Data           4  startup_stm32f103xb.o(RESET)
    __Vectors_End                            0x080000ec   Data           0  startup_stm32f103xb.o(RESET)
    __main                                   0x080000ed   Thumb Code     0  entry.o(.ARM.Collect$$$$00000000)
    _main_stk                                0x080000ed   Thumb Code     0  entry2.o(.ARM.Collect$$$$00000001)
    _main_scatterload                        0x080000f1   Thumb Code     0  entry5.o(.ARM.Collect$$$$00000004)
    __main_after_scatterload                 0x080000f5   Thumb Code     0  entry5.o(.ARM.Collect$$$$00000004)
    _main_clock                              0x080000f5   Thumb Code     0  entry7b.o(.ARM.Collect$$$$00000008)
    _main_cpp_init                           0x080000f5   Thumb Code     0  entry8b.o(.ARM.Collect$$$$0000000A)
    _main_init                               0x080000f5   Thumb Code     0  entry9a.o(.ARM.Collect$$$$0000000B)
    __rt_lib_shutdown_fini                   0x080000fd   Thumb Code     0  entry12b.o(.ARM.Collect$$$$0000000E)
    __rt_final_cpp                           0x08000101   Thumb Code     0  entry10a.o(.ARM.Collect$$$$0000000F)
    __rt_final_exit                          0x08000101   Thumb Code     0  entry11a.o(.ARM.Collect$$$$00000011)
    Reset_Handler                            0x08000105   Thumb Code     8  startup_stm32f103xb.o(.text)
    CAN1_RX1_IRQHandler                      0x0800011f   Thumb Code     0  startup_stm32f103xb.o(.text)
    CAN1_SCE_IRQHandler                      0x0800011f   Thumb Code     0  startup_stm32f103xb.o(.text)
    DMA1_Channel2_IRQHandler                 0x0800011f   Thumb Code     0  startup_stm32f103xb.o(.text)
    DMA1_Channel4_IRQHandler                 0x0800011f   Thumb Code     0  startup_stm32f103xb.o(.text)
    DMA1_Channel5_IRQHandler                 0x0800011f   Thumb Code     0  startup_stm32f103xb.o(.text)
    DMA1_Channel6_IRQHandler                 0x0800011f   Thumb Code     0  startup_stm32f103xb.o(.text)
    DMA1_Channel7_IRQHandler                 0x0800011f   Thumb Code     0  startup_stm32f103xb.o(.text)
    EXTI0_IRQHandler                         0x0800011f   Thumb Code     0  startup_stm32f103xb.o(.text)
    EXTI15_10_IRQHandler                     0x0800011f   Thumb Code     0  startup_stm32f103xb.o(.text)
    EXTI1_IRQHandler                         0x0800011f   Thumb Code     0  startup_stm32f103xb.o(.text)
    EXTI2_IRQHandler                         0x0800011f   Thumb Code     0  startup_stm32f103xb.o(.text)
    EXTI3_IRQHandler                         0x0800011f   Thumb Code     0  startup_stm32f103xb.o(.text)
    EXTI4_IRQHandler                         0x0800011f   Thumb Code     0  startup_stm32f103xb.o(.text)
    I2C1_ER_IRQHandler                       0x0800011f   Thumb Code     0  startup_stm32f103xb.o(.text)
    I2C1_EV_IRQHandler                       0x0800011f   Thumb Code     0  startup_stm32f103xb.o(.text)
    I2C2_ER_IRQHandler                       0x0800011f   Thumb Code     0  startup_stm32f103xb.o(.text)
    I2C2_EV_IRQHandler                       0x0800011f   Thumb Code     0  startup_stm32f103xb.o(.text)
    RTC_Alarm_IRQHandler                     0x0800011f   Thumb Code     0  startup_stm32f103xb.o(.text)
    RTC_IRQHandler                           0x0800011f   Thumb Code     0  startup_stm32f103xb.o(.text)
    SPI1_IRQHandler                          0x0800011f   Thumb Code     0  startup_stm32f103xb.o(.text)
    SPI2_IRQHandler                          0x0800011f   Thumb Code     0  startup_stm32f103xb.o(.text)
    TAMPER_IRQHandler                        0x0800011f   Thumb Code     0  startup_stm32f103xb.o(.text)
    TIM1_BRK_IRQHandler                      0x0800011f   Thumb Code     0  startup_stm32f103xb.o(.text)
    TIM1_CC_IRQHandler                       0x0800011f   Thumb Code     0  startup_stm32f103xb.o(.text)
    TIM1_TRG_COM_IRQHandler                  0x0800011f   Thumb Code     0  startup_stm32f103xb.o(.text)
    TIM1_UP_IRQHandler                       0x0800011f   Thumb Code     0  startup_stm32f103xb.o(.text)
    TIM3_IRQHandler                          0x0800011f   Thumb Code     0  startup_stm32f103xb.o(.text)
    USART1_IRQHandler                        0x0800011f   Thumb Code     0  startup_stm32f103xb.o(.text)
    USART2_IRQHandler                        0x0800011f   Thumb Code     0  startup_stm32f103xb.o(.text)
    USART3_IRQHandler                        0x0800011f   Thumb Code     0  startup_stm32f103xb.o(.text)
    USBWakeUp_IRQHandler                     0x0800011f   Thumb Code     0  startup_stm32f103xb.o(.text)
    USB_HP_CAN1_TX_IRQHandler                0x0800011f   Thumb Code     0  startup_stm32f103xb.o(.text)
    USB_LP_CAN1_RX0_IRQHandler               0x0800011f   Thumb Code     0  startup_stm32f103xb.o(.text)
    WWDG_IRQHandler                          0x0800011f   Thumb Code     0  startup_stm32f103xb.o(.text)
    __aeabi_memset                           0x08000129   Thumb Code    14  memseta.o(.text)
    __aeabi_memset4                          0x08000129   Thumb Code     0  memseta.o(.text)
    __aeabi_memset8                          0x08000129   Thumb Code     0  memseta.o(.text)
    __aeabi_memclr                           0x08000137   Thumb Code     4  memseta.o(.text)
    __aeabi_memclr4                          0x08000137   Thumb Code     0  memseta.o(.text)
    __aeabi_memclr8                          0x08000137   Thumb Code     0  memseta.o(.text)
    _memset$wrapper                          0x0800013b   Thumb Code    18  memseta.o(.text)
    __scatterload                            0x0800014d   Thumb Code    28  init.o(.text)
    __scatterload_rt2                        0x0800014d   Thumb Code     0  init.o(.text)
    __decompress                             0x08000171   Thumb Code     0  __dczerorl2.o(.text)
    __decompress1                            0x08000171   Thumb Code    86  __dczerorl2.o(.text)
    ADC1_2_IRQHandler                        0x080001c9   Thumb Code    10  stm32f1xx_it.o(i.ADC1_2_IRQHandler)
    ADC_ConversionStop_Disable               0x080001d9   Thumb Code    92  stm32f1xx_hal_adc.o(i.ADC_ConversionStop_Disable)
    ADC_DMAConvCplt                          0x08000235   Thumb Code    82  stm32f1xx_hal_adc.o(i.ADC_DMAConvCplt)
    ADC_DMAError                             0x08000287   Thumb Code    30  stm32f1xx_hal_adc.o(i.ADC_DMAError)
    ADC_DMAHalfConvCplt                      0x080002a5   Thumb Code    14  stm32f1xx_hal_adc.o(i.ADC_DMAHalfConvCplt)
    ADC_Enable                               0x080002b5   Thumb Code   134  stm32f1xx_hal_adc.o(i.ADC_Enable)
    AccelDer                                 0x08000345   Thumb Code    68  main.o(i.AccelDer)
    Board_Temp                               0x0800038d   Thumb Code    46  main.o(i.Board_Temp)
    BusFault_Handler                         0x080003c1   Thumb Code     4  stm32f1xx_it.o(i.BusFault_Handler)
    Crank_Pos_IACV                           0x080003c5   Thumb Code    12  main.o(i.Crank_Pos_IACV)
    DMA1_Channel1_IRQHandler                 0x080003d9   Thumb Code    10  stm32f1xx_it.o(i.DMA1_Channel1_IRQHandler)
    DMA1_Channel3_IRQHandler                 0x080003e9   Thumb Code    10  stm32f1xx_it.o(i.DMA1_Channel3_IRQHandler)
    DebugMon_Handler                         0x08000425   Thumb Code     2  stm32f1xx_it.o(i.DebugMon_Handler)
    EXTI9_5_IRQHandler                       0x08000427   Thumb Code    12  stm32f1xx_it.o(i.EXTI9_5_IRQHandler)
    Eng_Status                               0x08000435   Thumb Code   432  main.o(i.Eng_Status)
    EngineTempLinearization                  0x0800060d   Thumb Code    24  main.o(i.EngineTempLinearization)
    Error_Handler                            0x08000629   Thumb Code     2  main.o(i.Error_Handler)
    FLASH_IRQHandler                         0x0800062b   Thumb Code     8  stm32f1xx_it.o(i.FLASH_IRQHandler)
    FLASH_PageErase                          0x08000635   Thumb Code    32  stm32f1xx_hal_flash_ex.o(i.FLASH_PageErase)
    Falling_Edge_Event                       0x08000701   Thumb Code    36  main.o(i.Falling_Edge_Event)
    FuelCalc                                 0x0800072d   Thumb Code   612  main.o(i.FuelCalc)
    HAL_ADCEx_InjectedConvCpltCallback       0x08000995   Thumb Code     2  stm32f1xx_hal_adc_ex.o(i.HAL_ADCEx_InjectedConvCpltCallback)
    HAL_ADC_ConfigChannel                    0x08000999   Thumb Code   338  stm32f1xx_hal_adc.o(i.HAL_ADC_ConfigChannel)
    HAL_ADC_ConvCpltCallback                 0x08000af9   Thumb Code     2  stm32f1xx_hal_adc.o(i.HAL_ADC_ConvCpltCallback)
    HAL_ADC_ConvHalfCpltCallback             0x08000afb   Thumb Code     2  stm32f1xx_hal_adc.o(i.HAL_ADC_ConvHalfCpltCallback)
    HAL_ADC_ErrorCallback                    0x08000afd   Thumb Code     2  stm32f1xx_hal_adc.o(i.HAL_ADC_ErrorCallback)
    HAL_ADC_IRQHandler                       0x08000aff   Thumb Code   290  stm32f1xx_hal_adc.o(i.HAL_ADC_IRQHandler)
    HAL_ADC_Init                             0x08000c21   Thumb Code   314  stm32f1xx_hal_adc.o(i.HAL_ADC_Init)
    HAL_ADC_LevelOutOfWindowCallback         0x08000d65   Thumb Code     2  stm32f1xx_hal_adc.o(i.HAL_ADC_LevelOutOfWindowCallback)
    HAL_ADC_MspInit                          0x08000d69   Thumb Code   168  stm32f1xx_hal_msp.o(i.HAL_ADC_MspInit)
    HAL_ADC_Start_DMA                        0x08000e25   Thumb Code   362  stm32f1xx_hal_adc.o(i.HAL_ADC_Start_DMA)
    HAL_DMA_IRQHandler                       0x08000fa5   Thumb Code   408  stm32f1xx_hal_dma.o(i.HAL_DMA_IRQHandler)
    HAL_DMA_Init                             0x08001141   Thumb Code   100  stm32f1xx_hal_dma.o(i.HAL_DMA_Init)
    HAL_DMA_Start_IT                         0x080011a9   Thumb Code   156  stm32f1xx_hal_dma.o(i.HAL_DMA_Start_IT)
    HAL_FLASH_EndOfOperationCallback         0x08001245   Thumb Code     2  stm32f1xx_hal_flash.o(i.HAL_FLASH_EndOfOperationCallback)
    HAL_FLASH_IRQHandler                     0x08001249   Thumb Code   376  stm32f1xx_hal_flash.o(i.HAL_FLASH_IRQHandler)
    HAL_FLASH_OperationErrorCallback         0x080013c9   Thumb Code     2  stm32f1xx_hal_flash.o(i.HAL_FLASH_OperationErrorCallback)
    HAL_GPIO_EXTI_Callback                   0x080013cb   Thumb Code     2  stm32f1xx_hal_gpio.o(i.HAL_GPIO_EXTI_Callback)
    HAL_GPIO_EXTI_IRQHandler                 0x080013cd   Thumb Code    24  stm32f1xx_hal_gpio.o(i.HAL_GPIO_EXTI_IRQHandler)
    HAL_GPIO_Init                            0x080013e9   Thumb Code   766  stm32f1xx_hal_gpio.o(i.HAL_GPIO_Init)
    HAL_GPIO_ReadPin                         0x08001709   Thumb Code    16  stm32f1xx_hal_gpio.o(i.HAL_GPIO_ReadPin)
    HAL_GPIO_TogglePin                       0x08001719   Thumb Code    20  stm32f1xx_hal_gpio.o(i.HAL_GPIO_TogglePin)
    HAL_GPIO_WritePin                        0x0800172d   Thumb Code    12  stm32f1xx_hal_gpio.o(i.HAL_GPIO_WritePin)
    HAL_GetTick                              0x08001739   Thumb Code     6  stm32f1xx_hal.o(i.HAL_GetTick)
    HAL_IncTick                              0x08001745   Thumb Code    16  stm32f1xx_hal.o(i.HAL_IncTick)
    HAL_Init                                 0x0800175d   Thumb Code    34  stm32f1xx_hal.o(i.HAL_Init)
    HAL_InitTick                             0x08001785   Thumb Code    64  stm32f1xx_hal.o(i.HAL_InitTick)
    HAL_MspInit                              0x080017d1   Thumb Code   130  stm32f1xx_hal_msp.o(i.HAL_MspInit)
    HAL_NVIC_EnableIRQ                       0x0800185d   Thumb Code    32  stm32f1xx_hal_cortex.o(i.HAL_NVIC_EnableIRQ)
    HAL_NVIC_SetPriority                     0x0800187d   Thumb Code   124  stm32f1xx_hal_cortex.o(i.HAL_NVIC_SetPriority)
    HAL_NVIC_SetPriorityGrouping             0x080018f9   Thumb Code    32  stm32f1xx_hal_cortex.o(i.HAL_NVIC_SetPriorityGrouping)
    HAL_PWR_PVDCallback                      0x08001921   Thumb Code     2  stm32f1xx_hal_pwr.o(i.HAL_PWR_PVDCallback)
    HAL_PWR_PVD_IRQHandler                   0x08001925   Thumb Code    26  stm32f1xx_hal_pwr.o(i.HAL_PWR_PVD_IRQHandler)
    HAL_RCCEx_PeriphCLKConfig                0x08001945   Thumb Code   290  stm32f1xx_hal_rcc_ex.o(i.HAL_RCCEx_PeriphCLKConfig)
    HAL_RCC_ClockConfig                      0x08001a75   Thumb Code   376  stm32f1xx_hal_rcc.o(i.HAL_RCC_ClockConfig)
    HAL_RCC_GetHCLKFreq                      0x08001c01   Thumb Code     6  stm32f1xx_hal_rcc.o(i.HAL_RCC_GetHCLKFreq)
    HAL_RCC_GetPCLK1Freq                     0x08001c0d   Thumb Code    22  stm32f1xx_hal_rcc.o(i.HAL_RCC_GetPCLK1Freq)
    HAL_RCC_GetPCLK2Freq                     0x08001c2d   Thumb Code    22  stm32f1xx_hal_rcc.o(i.HAL_RCC_GetPCLK2Freq)
    HAL_RCC_GetSysClockFreq                  0x08001c4d   Thumb Code   116  stm32f1xx_hal_rcc.o(i.HAL_RCC_GetSysClockFreq)
    HAL_RCC_OscConfig                        0x08001ce1   Thumb Code  1114  stm32f1xx_hal_rcc.o(i.HAL_RCC_OscConfig)
    HAL_SYSTICK_Config                       0x08002145   Thumb Code    52  stm32f1xx_hal_cortex.o(i.HAL_SYSTICK_Config)
    HAL_TIMEx_BreakCallback                  0x08002179   Thumb Code     2  stm32f1xx_hal_tim_ex.o(i.HAL_TIMEx_BreakCallback)
    HAL_TIMEx_CommutCallback                 0x0800217b   Thumb Code     2  stm32f1xx_hal_tim_ex.o(i.HAL_TIMEx_CommutCallback)
    HAL_TIMEx_MasterConfigSynchronization    0x0800217d   Thumb Code   118  stm32f1xx_hal_tim_ex.o(i.HAL_TIMEx_MasterConfigSynchronization)
    HAL_TIM_Base_Init                        0x08002201   Thumb Code   102  stm32f1xx_hal_tim.o(i.HAL_TIM_Base_Init)
    HAL_TIM_Base_MspInit                     0x08002269   Thumb Code   194  stm32f1xx_hal_msp.o(i.HAL_TIM_Base_MspInit)
    HAL_TIM_ConfigClockSource                0x0800233d   Thumb Code   264  stm32f1xx_hal_tim.o(i.HAL_TIM_ConfigClockSource)
    HAL_TIM_IC_CaptureCallback               0x08002445   Thumb Code    42  main.o(i.HAL_TIM_IC_CaptureCallback)
    HAL_TIM_IC_ConfigChannel                 0x0800246f   Thumb Code   212  stm32f1xx_hal_tim.o(i.HAL_TIM_IC_ConfigChannel)
    HAL_TIM_IC_Init                          0x08002543   Thumb Code   102  stm32f1xx_hal_tim.o(i.HAL_TIM_IC_Init)
    HAL_TIM_IC_MspInit                       0x080025a9   Thumb Code     2  stm32f1xx_hal_tim.o(i.HAL_TIM_IC_MspInit)
    HAL_TIM_IRQHandler                       0x080025ab   Thumb Code   406  stm32f1xx_hal_tim.o(i.HAL_TIM_IRQHandler)
    HAL_TIM_MspPostInit                      0x08002741   Thumb Code    74  stm32f1xx_hal_msp.o(i.HAL_TIM_MspPostInit)
    HAL_TIM_OC_ConfigChannel                 0x08002799   Thumb Code   104  stm32f1xx_hal_tim.o(i.HAL_TIM_OC_ConfigChannel)
    HAL_TIM_OC_DelayElapsedCallback          0x08002801   Thumb Code     2  stm32f1xx_hal_tim.o(i.HAL_TIM_OC_DelayElapsedCallback)
    HAL_TIM_OC_Init                          0x08002803   Thumb Code   102  stm32f1xx_hal_tim.o(i.HAL_TIM_OC_Init)
    HAL_TIM_OC_MspInit                       0x08002869   Thumb Code     2  stm32f1xx_hal_tim.o(i.HAL_TIM_OC_MspInit)
    HAL_TIM_PWM_ConfigChannel                0x0800286b   Thumb Code   252  stm32f1xx_hal_tim.o(i.HAL_TIM_PWM_ConfigChannel)
    HAL_TIM_PWM_Init                         0x08002967   Thumb Code   102  stm32f1xx_hal_tim.o(i.HAL_TIM_PWM_Init)
    HAL_TIM_PWM_MspInit                      0x080029cd   Thumb Code     2  stm32f1xx_hal_tim.o(i.HAL_TIM_PWM_MspInit)
    HAL_TIM_PWM_PulseFinishedCallback        0x080029cf   Thumb Code     2  stm32f1xx_hal_tim.o(i.HAL_TIM_PWM_PulseFinishedCallback)
    HAL_TIM_PWM_Start                        0x080029d1   Thumb Code   198  stm32f1xx_hal_tim.o(i.HAL_TIM_PWM_Start)
    HAL_TIM_PeriodElapsedCallback            0x08002aa5   Thumb Code    20  main.o(i.HAL_TIM_PeriodElapsedCallback)
    HAL_TIM_ReadCapturedValue                0x08002abd   Thumb Code    50  stm32f1xx_hal_tim.o(i.HAL_TIM_ReadCapturedValue)
    HAL_TIM_TriggerCallback                  0x08002aef   Thumb Code     2  stm32f1xx_hal_tim.o(i.HAL_TIM_TriggerCallback)
    HAL_UART_Init                            0x08002af1   Thumb Code   114  stm32f1xx_hal_uart.o(i.HAL_UART_Init)
    HAL_UART_MspInit                         0x08002b65   Thumb Code   172  stm32f1xx_hal_msp.o(i.HAL_UART_MspInit)
    HardFault_Handler                        0x08002c25   Thumb Code     4  stm32f1xx_it.o(i.HardFault_Handler)
    Hardware_Init                            0x08002c29   Thumb Code    46  main.o(i.Hardware_Init)
    IACV_Control                             0x08002c59   Thumb Code   142  main.o(i.IACV_Control)
    Idle_Management                          0x08002cf5   Thumb Code    98  main.o(i.Idle_Management)
    InjectorDeadTimeCalc                     0x08002d61   Thumb Code    10  main.o(i.InjectorDeadTimeCalc)
    Injector_CMD                             0x08002d75   Thumb Code     8  main.o(i.Injector_CMD)
    LambdaCorrectionFunc                     0x08002d81   Thumb Code   278  main.o(i.LambdaCorrectionFunc)
    LambdaLinearization                      0x08002ea9   Thumb Code    24  main.o(i.LambdaLinearization)
    Learn_test_IACV                          0x08002ec5   Thumb Code    10  main.o(i.Learn_test_IACV)
    MAPLinearization                         0x08002ed5   Thumb Code    30  main.o(i.MAPLinearization)
    MemManage_Handler                        0x080033b5   Thumb Code     4  stm32f1xx_it.o(i.MemManage_Handler)
    NMI_Handler                              0x080033b9   Thumb Code     2  stm32f1xx_it.o(i.NMI_Handler)
    Open_IACV                                0x080033bd   Thumb Code    12  main.o(i.Open_IACV)
    PVD_IRQHandler                           0x080033cd   Thumb Code     8  stm32f1xx_it.o(i.PVD_IRQHandler)
    PendSV_Handler                           0x080033d5   Thumb Code     2  stm32f1xx_it.o(i.PendSV_Handler)
    Periodic_task                            0x080033d7   Thumb Code    60  main.o(i.Periodic_task)
    PrimerPulse                              0x08003413   Thumb Code    14  main.o(i.PrimerPulse)
    RCC_IRQHandler                           0x08003449   Thumb Code     2  stm32f1xx_it.o(i.RCC_IRQHandler)
    Read_Analog_Sensors                      0x0800344d   Thumb Code    60  main.o(i.Read_Analog_Sensors)
    Read_Output_Pump                         0x08003491   Thumb Code    22  main.o(i.Read_Output_Pump)
    Rising_Edge_Event                        0x080034ad   Thumb Code    42  main.o(i.Rising_Edge_Event)
    SVC_Handler                              0x080034e1   Thumb Code     2  stm32f1xx_it.o(i.SVC_Handler)
    Saturation                               0x080034e3   Thumb Code     8  main.o(i.Saturation)
    Set_Ouput_Injector                       0x080034ed   Thumb Code    32  main.o(i.Set_Ouput_Injector)
    Set_Ouput_InterruptionTest               0x08003511   Thumb Code    12  main.o(i.Set_Ouput_InterruptionTest)
    Set_Ouput_Pump                           0x08003521   Thumb Code    32  main.o(i.Set_Ouput_Pump)
    Set_Output_LED_Blue                      0x08003545   Thumb Code    32  main.o(i.Set_Output_LED_Blue)
    Set_Output_LED_Green                     0x08003569   Thumb Code    32  main.o(i.Set_Output_LED_Green)
    Set_Output_LED_Red                       0x0800358d   Thumb Code    32  main.o(i.Set_Output_LED_Red)
    Set_Output_LED_Yellow                    0x080035b1   Thumb Code    32  main.o(i.Set_Output_LED_Yellow)
    Set_Pulse_Program                        0x080035d5   Thumb Code   146  main.o(i.Set_Pulse_Program)
    SysTick_Handler                          0x08003675   Thumb Code     8  stm32f1xx_it.o(i.SysTick_Handler)
    SystemClock_Config                       0x0800367d   Thumb Code   134  main.o(i.SystemClock_Config)
    SystemInit                               0x08003705   Thumb Code    70  system_stm32f1xx.o(i.SystemInit)
    TIM2_IRQHandler                          0x0800375d   Thumb Code    10  stm32f1xx_it.o(i.TIM2_IRQHandler)
    TIM4_IRQHandler                          0x0800376d   Thumb Code    10  stm32f1xx_it.o(i.TIM4_IRQHandler)
    TIM_Base_SetConfig                       0x0800377d   Thumb Code   104  stm32f1xx_hal_tim.o(i.TIM_Base_SetConfig)
    TIM_CCxChannelCmd                        0x080037f1   Thumb Code    34  stm32f1xx_hal_tim.o(i.TIM_CCxChannelCmd)
    TIM_ETR_SetConfig                        0x08003813   Thumb Code    22  stm32f1xx_hal_tim.o(i.TIM_ETR_SetConfig)
    TIM_OC2_SetConfig                        0x0800389d   Thumb Code   100  stm32f1xx_hal_tim.o(i.TIM_OC2_SetConfig)
    TIM_TI1_SetConfig                        0x080039dd   Thumb Code    90  stm32f1xx_hal_tim.o(i.TIM_TI1_SetConfig)
    TPSLinearization                         0x08003b1d   Thumb Code    26  main.o(i.TPSLinearization)
    TPS_Treatment                            0x08003b3d   Thumb Code   246  main.o(i.TPS_Treatment)
    TairLinearization                        0x08003c4d   Thumb Code    30  main.o(i.TairLinearization)
    Task_Fast                                0x08003c71   Thumb Code    44  main.o(i.Task_Fast)
    Task_Medium                              0x08003c9d   Thumb Code     8  main.o(i.Task_Medium)
    Task_Slow                                0x08003ca5   Thumb Code    12  main.o(i.Task_Slow)
    Timeout_ms                               0x08003cb1   Thumb Code    52  main.o(i.Timeout_ms)
    TimerListManagement                      0x08003ce5   Thumb Code    78  main.o(i.TimerListManagement)
    TurnOffInjector                          0x08003d33   Thumb Code    16  main.o(i.TurnOffInjector)
    UsageFault_Handler                       0x08003e41   Thumb Code     4  stm32f1xx_it.o(i.UsageFault_Handler)
    VBatLinearization                        0x08003e45   Thumb Code    44  main.o(i.VBatLinearization)
    __scatterload_copy                       0x08003ead   Thumb Code    14  handlers.o(i.__scatterload_copy)
    __scatterload_null                       0x08003ebb   Thumb Code     2  handlers.o(i.__scatterload_null)
    __scatterload_zeroinit                   0x08003ebd   Thumb Code    14  handlers.o(i.__scatterload_zeroinit)
    checkTimeoutHookUp                       0x08003ecd   Thumb Code    58  main.o(i.checkTimeoutHookUp)
    digitalFilter8bits                       0x08003f0d   Thumb Code    28  main.o(i.digitalFilter8bits)
    funcCycles                               0x08003f2d   Thumb Code     6  main.o(i.funcCycles)
    funcIdleSetpoint                         0x08003f35   Thumb Code    16  main.o(i.funcIdleSetpoint)
    funcLambda                               0x08003f49   Thumb Code     6  main.o(i.funcLambda)
    funcVoleff                               0x08003f4f   Thumb Code     6  main.o(i.funcVoleff)
    funccrankTerm                            0x08003f55   Thumb Code     6  main.o(i.funccrankTerm)
    funcfastEnleanment                       0x08003f5b   Thumb Code     6  main.o(i.funcfastEnleanment)
    funcfastEnrichment                       0x08003f61   Thumb Code     6  main.o(i.funcfastEnrichment)
    funcwarmUp                               0x08003f67   Thumb Code     6  main.o(i.funcwarmUp)
    main                                     0x08003f6d   Thumb Code   124  main.o(i.main)
    pid_Init                                 0x0800400d   Thumb Code    14  main.o(i.pid_Init)
    setTimeoutHookUp                         0x08004021   Thumb Code    50  main.o(i.setTimeoutHookUp)
    AHBPrescTable                            0x08004058   Data          16  system_stm32f1xx.o(.constdata)
    APBPrescTable                            0x08004068   Data           8  system_stm32f1xx.o(.constdata)
    Region$$Table$$Base                      0x08004070   Number         0  anon$$obj.o(Region$$Table)
    Region$$Table$$Limit                     0x08004090   Number         0  anon$$obj.o(Region$$Table)
    Cond0                                    0x20000000   Data           1  main.o(.data)
    Cond1                                    0x20000001   Data           1  main.o(.data)
    Cond2                                    0x20000002   Data           1  main.o(.data)
    Cond3                                    0x20000003   Data           1  main.o(.data)
    Cond4                                    0x20000004   Data           1  main.o(.data)
    Cond5                                    0x20000005   Data           1  main.o(.data)
    Cond6                                    0x20000006   Data           1  main.o(.data)
    Counter0                                 0x20000008   Data           4  main.o(.data)
    Counter1                                 0x2000000c   Data           4  main.o(.data)
    Counter2                                 0x20000010   Data           4  main.o(.data)
    Counter3                                 0x20000014   Data           4  main.o(.data)
    Counter4                                 0x20000018   Data           4  main.o(.data)
    Counter5                                 0x2000001c   Data           4  main.o(.data)
    Counter6                                 0x20000020   Data           4  main.o(.data)
    Counter7                                 0x20000024   Data           4  main.o(.data)
    Counter8                                 0x20000028   Data           4  main.o(.data)
    Counter9                                 0x2000002c   Data           4  main.o(.data)
    Counter10                                0x20000030   Data           4  main.o(.data)
    scenario                                 0x20000034   Data         132  main.o(.data)
    pid_control                              0x200000b8   Data          28  main.o(.data)
    InjectorDeadTimeArray                    0x200000d4   Data          16  main.o(.data)
    adcArray                                 0x20000104   Data           7  main.o(.data)
    uwTick                                   0x20000124   Data           4  stm32f1xx_hal.o(.data)
    uwTickPrio                               0x20000128   Data           4  stm32f1xx_hal.o(.data)
    uwTickFreq                               0x2000012c   Data           1  stm32f1xx_hal.o(.data)
    SystemCoreClock                          0x20000130   Data           4  system_stm32f1xx.o(.data)
    hadc1                                    0x20000134   Data          48  main.o(.bss)
    hdma_adc1                                0x20000164   Data          68  main.o(.bss)
    htim2                                    0x200001a8   Data          72  main.o(.bss)
    htim4                                    0x200001f0   Data          72  main.o(.bss)
    huart3                                   0x20000238   Data          68  main.o(.bss)
    hdma_usart3_rx                           0x2000027c   Data          68  main.o(.bss)
    array_sched_var                          0x200002c0   Data          24  main.o(.bss)
    timerList                                0x200002d8   Data         192  main.o(.bss)
    pFlash                                   0x20000398   Data          32  stm32f1xx_hal_flash.o(.bss)
    __initial_sp                             0x200007b8   Data           0  startup_stm32f103xb.o(STACK)



==============================================================================

Memory Map of the image

  Image Entry point : 0x080000ed

  Load Region LR_IROM1 (Base: 0x08000000, Size: 0x000041c4, Max: 0x00010000, ABSOLUTE, COMPRESSED[0x000040d0])

    Execution Region ER_IROM1 (Exec base: 0x08000000, Load base: 0x08000000, Size: 0x00004090, Max: 0x00010000, ABSOLUTE)

    Exec Addr    Load Addr    Size         Type   Attr      Idx    E Section Name        Object

    0x08000000   0x08000000   0x000000ec   Data   RO            3    RESET               startup_stm32f103xb.o
    0x080000ec   0x080000ec   0x00000000   Code   RO         3476  * .ARM.Collect$$$$00000000  mc_w.l(entry.o)
    0x080000ec   0x080000ec   0x00000004   Code   RO         3483    .ARM.Collect$$$$00000001  mc_w.l(entry2.o)
    0x080000f0   0x080000f0   0x00000004   Code   RO         3486    .ARM.Collect$$$$00000004  mc_w.l(entry5.o)
    0x080000f4   0x080000f4   0x00000000   Code   RO         3488    .ARM.Collect$$$$00000008  mc_w.l(entry7b.o)
    0x080000f4   0x080000f4   0x00000000   Code   RO         3490    .ARM.Collect$$$$0000000A  mc_w.l(entry8b.o)
    0x080000f4   0x080000f4   0x00000008   Code   RO         3491    .ARM.Collect$$$$0000000B  mc_w.l(entry9a.o)
    0x080000fc   0x080000fc   0x00000004   Code   RO         3498    .ARM.Collect$$$$0000000E  mc_w.l(entry12b.o)
    0x08000100   0x08000100   0x00000000   Code   RO         3493    .ARM.Collect$$$$0000000F  mc_w.l(entry10a.o)
    0x08000100   0x08000100   0x00000000   Code   RO         3495    .ARM.Collect$$$$00000011  mc_w.l(entry11a.o)
    0x08000100   0x08000100   0x00000004   Code   RO         3484    .ARM.Collect$$$$00002712  mc_w.l(entry2.o)
    0x08000104   0x08000104   0x00000024   Code   RO            4    .text               startup_stm32f103xb.o
    0x08000128   0x08000128   0x00000024   Code   RO         3481    .text               mc_w.l(memseta.o)
    0x0800014c   0x0800014c   0x00000024   Code   RO         3499    .text               mc_w.l(init.o)
    0x08000170   0x08000170   0x00000056   Code   RO         3509    .text               mc_w.l(__dczerorl2.o)
    0x080001c6   0x080001c6   0x00000002   PAD
    0x080001c8   0x080001c8   0x00000010   Code   RO          576    i.ADC1_2_IRQHandler  stm32f1xx_it.o
    0x080001d8   0x080001d8   0x0000005c   Code   RO          809    i.ADC_ConversionStop_Disable  stm32f1xx_hal_adc.o
    0x08000234   0x08000234   0x00000052   Code   RO          810    i.ADC_DMAConvCplt   stm32f1xx_hal_adc.o
    0x08000286   0x08000286   0x0000001e   Code   RO          811    i.ADC_DMAError      stm32f1xx_hal_adc.o
    0x080002a4   0x080002a4   0x0000000e   Code   RO          812    i.ADC_DMAHalfConvCplt  stm32f1xx_hal_adc.o
    0x080002b2   0x080002b2   0x00000002   PAD
    0x080002b4   0x080002b4   0x00000090   Code   RO          813    i.ADC_Enable        stm32f1xx_hal_adc.o
    0x08000344   0x08000344   0x00000048   Code   RO           13    i.AccelDer          main.o
    0x0800038c   0x0800038c   0x00000034   Code   RO           14    i.Board_Temp        main.o
    0x080003c0   0x080003c0   0x00000004   Code   RO          577    i.BusFault_Handler  stm32f1xx_it.o
    0x080003c4   0x080003c4   0x00000014   Code   RO           16    i.Crank_Pos_IACV    main.o
    0x080003d8   0x080003d8   0x00000010   Code   RO          578    i.DMA1_Channel1_IRQHandler  stm32f1xx_it.o
    0x080003e8   0x080003e8   0x00000010   Code   RO          579    i.DMA1_Channel3_IRQHandler  stm32f1xx_it.o
    0x080003f8   0x080003f8   0x0000002c   Code   RO         1468    i.DMA_SetConfig     stm32f1xx_hal_dma.o
    0x08000424   0x08000424   0x00000002   Code   RO          580    i.DebugMon_Handler  stm32f1xx_it.o
    0x08000426   0x08000426   0x0000000c   Code   RO          581    i.EXTI9_5_IRQHandler  stm32f1xx_it.o
    0x08000432   0x08000432   0x00000002   PAD
    0x08000434   0x08000434   0x000001d8   Code   RO           17    i.Eng_Status        main.o
    0x0800060c   0x0800060c   0x0000001c   Code   RO           18    i.EngineTempLinearization  main.o
    0x08000628   0x08000628   0x00000002   Code   RO           20    i.Error_Handler     main.o
    0x0800062a   0x0800062a   0x00000008   Code   RO          582    i.FLASH_IRQHandler  stm32f1xx_it.o
    0x08000632   0x08000632   0x00000002   PAD
    0x08000634   0x08000634   0x00000028   Code   RO         1922    i.FLASH_PageErase   stm32f1xx_hal_flash_ex.o
    0x0800065c   0x0800065c   0x00000020   Code   RO         1810    i.FLASH_Program_HalfWord  stm32f1xx_hal_flash.o
    0x0800067c   0x0800067c   0x00000084   Code   RO         1811    i.FLASH_SetErrorCode  stm32f1xx_hal_flash.o
    0x08000700   0x08000700   0x0000002c   Code   RO           21    i.Falling_Edge_Event  main.o
    0x0800072c   0x0800072c   0x00000268   Code   RO           22    i.FuelCalc          main.o
    0x08000994   0x08000994   0x00000002   Code   RO          991    i.HAL_ADCEx_InjectedConvCpltCallback  stm32f1xx_hal_adc_ex.o
    0x08000996   0x08000996   0x00000002   PAD
    0x08000998   0x08000998   0x00000160   Code   RO          815    i.HAL_ADC_ConfigChannel  stm32f1xx_hal_adc.o
    0x08000af8   0x08000af8   0x00000002   Code   RO          816    i.HAL_ADC_ConvCpltCallback  stm32f1xx_hal_adc.o
    0x08000afa   0x08000afa   0x00000002   Code   RO          817    i.HAL_ADC_ConvHalfCpltCallback  stm32f1xx_hal_adc.o
    0x08000afc   0x08000afc   0x00000002   Code   RO          819    i.HAL_ADC_ErrorCallback  stm32f1xx_hal_adc.o
    0x08000afe   0x08000afe   0x00000122   Code   RO          823    i.HAL_ADC_IRQHandler  stm32f1xx_hal_adc.o
    0x08000c20   0x08000c20   0x00000144   Code   RO          824    i.HAL_ADC_Init      stm32f1xx_hal_adc.o
    0x08000d64   0x08000d64   0x00000002   Code   RO          825    i.HAL_ADC_LevelOutOfWindowCallback  stm32f1xx_hal_adc.o
    0x08000d66   0x08000d66   0x00000002   PAD
    0x08000d68   0x08000d68   0x000000bc   Code   RO          707    i.HAL_ADC_MspInit   stm32f1xx_hal_msp.o
    0x08000e24   0x08000e24   0x00000180   Code   RO          831    i.HAL_ADC_Start_DMA  stm32f1xx_hal_adc.o
    0x08000fa4   0x08000fa4   0x0000019c   Code   RO         1474    i.HAL_DMA_IRQHandler  stm32f1xx_hal_dma.o
    0x08001140   0x08001140   0x00000068   Code   RO         1475    i.HAL_DMA_Init      stm32f1xx_hal_dma.o
    0x080011a8   0x080011a8   0x0000009c   Code   RO         1479    i.HAL_DMA_Start_IT  stm32f1xx_hal_dma.o
    0x08001244   0x08001244   0x00000002   Code   RO         1813    i.HAL_FLASH_EndOfOperationCallback  stm32f1xx_hal_flash.o
    0x08001246   0x08001246   0x00000002   PAD
    0x08001248   0x08001248   0x00000180   Code   RO         1815    i.HAL_FLASH_IRQHandler  stm32f1xx_hal_flash.o
    0x080013c8   0x080013c8   0x00000002   Code   RO         1820    i.HAL_FLASH_OperationErrorCallback  stm32f1xx_hal_flash.o
    0x080013ca   0x080013ca   0x00000002   Code   RO         1403    i.HAL_GPIO_EXTI_Callback  stm32f1xx_hal_gpio.o
    0x080013cc   0x080013cc   0x0000001c   Code   RO         1404    i.HAL_GPIO_EXTI_IRQHandler  stm32f1xx_hal_gpio.o
    0x080013e8   0x080013e8   0x00000320   Code   RO         1405    i.HAL_GPIO_Init     stm32f1xx_hal_gpio.o
    0x08001708   0x08001708   0x00000010   Code   RO         1407    i.HAL_GPIO_ReadPin  stm32f1xx_hal_gpio.o
    0x08001718   0x08001718   0x00000014   Code   RO         1408    i.HAL_GPIO_TogglePin  stm32f1xx_hal_gpio.o
    0x0800172c   0x0800172c   0x0000000c   Code   RO         1409    i.HAL_GPIO_WritePin  stm32f1xx_hal_gpio.o
    0x08001738   0x08001738   0x0000000c   Code   RO         1096    i.HAL_GetTick       stm32f1xx_hal.o
    0x08001744   0x08001744   0x00000018   Code   RO         1102    i.HAL_IncTick       stm32f1xx_hal.o
    0x0800175c   0x0800175c   0x00000028   Code   RO         1103    i.HAL_Init          stm32f1xx_hal.o
    0x08001784   0x08001784   0x0000004c   Code   RO         1104    i.HAL_InitTick      stm32f1xx_hal.o
    0x080017d0   0x080017d0   0x0000008c   Code   RO          708    i.HAL_MspInit       stm32f1xx_hal_msp.o
    0x0800185c   0x0800185c   0x00000020   Code   RO         1565    i.HAL_NVIC_EnableIRQ  stm32f1xx_hal_cortex.o
    0x0800187c   0x0800187c   0x0000007c   Code   RO         1571    i.HAL_NVIC_SetPriority  stm32f1xx_hal_cortex.o
    0x080018f8   0x080018f8   0x00000028   Code   RO         1572    i.HAL_NVIC_SetPriorityGrouping  stm32f1xx_hal_cortex.o
    0x08001920   0x08001920   0x00000002   Code   RO         1700    i.HAL_PWR_PVDCallback  stm32f1xx_hal_pwr.o
    0x08001922   0x08001922   0x00000002   PAD
    0x08001924   0x08001924   0x00000020   Code   RO         1701    i.HAL_PWR_PVD_IRQHandler  stm32f1xx_hal_pwr.o
    0x08001944   0x08001944   0x00000130   Code   RO         1368    i.HAL_RCCEx_PeriphCLKConfig  stm32f1xx_hal_rcc_ex.o
    0x08001a74   0x08001a74   0x0000018c   Code   RO         1260    i.HAL_RCC_ClockConfig  stm32f1xx_hal_rcc.o
    0x08001c00   0x08001c00   0x0000000c   Code   RO         1265    i.HAL_RCC_GetHCLKFreq  stm32f1xx_hal_rcc.o
    0x08001c0c   0x08001c0c   0x00000020   Code   RO         1267    i.HAL_RCC_GetPCLK1Freq  stm32f1xx_hal_rcc.o
    0x08001c2c   0x08001c2c   0x00000020   Code   RO         1268    i.HAL_RCC_GetPCLK2Freq  stm32f1xx_hal_rcc.o
    0x08001c4c   0x08001c4c   0x00000094   Code   RO         1269    i.HAL_RCC_GetSysClockFreq  stm32f1xx_hal_rcc.o
    0x08001ce0   0x08001ce0   0x00000464   Code   RO         1272    i.HAL_RCC_OscConfig  stm32f1xx_hal_rcc.o
    0x08002144   0x08002144   0x00000034   Code   RO         1576    i.HAL_SYSTICK_Config  stm32f1xx_hal_cortex.o
    0x08002178   0x08002178   0x00000002   Code   RO         2808    i.HAL_TIMEx_BreakCallback  stm32f1xx_hal_tim_ex.o
    0x0800217a   0x0800217a   0x00000002   Code   RO         2809    i.HAL_TIMEx_CommutCallback  stm32f1xx_hal_tim_ex.o
    0x0800217c   0x0800217c   0x00000084   Code   RO         2827    i.HAL_TIMEx_MasterConfigSynchronization  stm32f1xx_hal_tim_ex.o
    0x08002200   0x08002200   0x00000066   Code   RO         2093    i.HAL_TIM_Base_Init  stm32f1xx_hal_tim.o
    0x08002266   0x08002266   0x00000002   PAD
    0x08002268   0x08002268   0x000000d4   Code   RO          710    i.HAL_TIM_Base_MspInit  stm32f1xx_hal_msp.o
    0x0800233c   0x0800233c   0x00000108   Code   RO         2102    i.HAL_TIM_ConfigClockSource  stm32f1xx_hal_tim.o
    0x08002444   0x08002444   0x0000002a   Code   RO           23    i.HAL_TIM_IC_CaptureCallback  main.o
    0x0800246e   0x0800246e   0x000000d4   Code   RO         2129    i.HAL_TIM_IC_ConfigChannel  stm32f1xx_hal_tim.o
    0x08002542   0x08002542   0x00000066   Code   RO         2132    i.HAL_TIM_IC_Init   stm32f1xx_hal_tim.o
    0x080025a8   0x080025a8   0x00000002   Code   RO         2134    i.HAL_TIM_IC_MspInit  stm32f1xx_hal_tim.o
    0x080025aa   0x080025aa   0x00000196   Code   RO         2141    i.HAL_TIM_IRQHandler  stm32f1xx_hal_tim.o
    0x08002740   0x08002740   0x00000058   Code   RO          711    i.HAL_TIM_MspPostInit  stm32f1xx_hal_msp.o
    0x08002798   0x08002798   0x00000068   Code   RO         2142    i.HAL_TIM_OC_ConfigChannel  stm32f1xx_hal_tim.o
    0x08002800   0x08002800   0x00000002   Code   RO         2144    i.HAL_TIM_OC_DelayElapsedCallback  stm32f1xx_hal_tim.o
    0x08002802   0x08002802   0x00000066   Code   RO         2146    i.HAL_TIM_OC_Init   stm32f1xx_hal_tim.o
    0x08002868   0x08002868   0x00000002   Code   RO         2148    i.HAL_TIM_OC_MspInit  stm32f1xx_hal_tim.o
    0x0800286a   0x0800286a   0x000000fc   Code   RO         2165    i.HAL_TIM_PWM_ConfigChannel  stm32f1xx_hal_tim.o
    0x08002966   0x08002966   0x00000066   Code   RO         2168    i.HAL_TIM_PWM_Init  stm32f1xx_hal_tim.o
    0x080029cc   0x080029cc   0x00000002   Code   RO         2170    i.HAL_TIM_PWM_MspInit  stm32f1xx_hal_tim.o
    0x080029ce   0x080029ce   0x00000002   Code   RO         2171    i.HAL_TIM_PWM_PulseFinishedCallback  stm32f1xx_hal_tim.o
    0x080029d0   0x080029d0   0x000000d4   Code   RO         2173    i.HAL_TIM_PWM_Start  stm32f1xx_hal_tim.o
    0x08002aa4   0x08002aa4   0x00000018   Code   RO           24    i.HAL_TIM_PeriodElapsedCallback  main.o
    0x08002abc   0x08002abc   0x00000032   Code   RO         2181    i.HAL_TIM_ReadCapturedValue  stm32f1xx_hal_tim.o
    0x08002aee   0x08002aee   0x00000002   Code   RO         2184    i.HAL_TIM_TriggerCallback  stm32f1xx_hal_tim.o
    0x08002af0   0x08002af0   0x00000072   Code   RO         3104    i.HAL_UART_Init     stm32f1xx_hal_uart.o
    0x08002b62   0x08002b62   0x00000002   PAD
    0x08002b64   0x08002b64   0x000000c0   Code   RO          713    i.HAL_UART_MspInit  stm32f1xx_hal_msp.o
    0x08002c24   0x08002c24   0x00000004   Code   RO          583    i.HardFault_Handler  stm32f1xx_it.o
    0x08002c28   0x08002c28   0x0000002e   Code   RO           25    i.Hardware_Init     main.o
    0x08002c56   0x08002c56   0x00000002   PAD
    0x08002c58   0x08002c58   0x0000009c   Code   RO           26    i.IACV_Control      main.o
    0x08002cf4   0x08002cf4   0x0000006c   Code   RO           27    i.Idle_Management   main.o
    0x08002d60   0x08002d60   0x00000014   Code   RO           28    i.InjectorDeadTimeCalc  main.o
    0x08002d74   0x08002d74   0x0000000c   Code   RO           29    i.Injector_CMD      main.o
    0x08002d80   0x08002d80   0x00000128   Code   RO           30    i.LambdaCorrectionFunc  main.o
    0x08002ea8   0x08002ea8   0x0000001c   Code   RO           31    i.LambdaLinearization  main.o
    0x08002ec4   0x08002ec4   0x00000010   Code   RO           32    i.Learn_test_IACV   main.o
    0x08002ed4   0x08002ed4   0x00000024   Code   RO           33    i.MAPLinearization  main.o
    0x08002ef8   0x08002ef8   0x000000e4   Code   RO           34    i.MX_ADC1_Init      main.o
    0x08002fdc   0x08002fdc   0x00000044   Code   RO           35    i.MX_DMA_Init       main.o
    0x08003020   0x08003020   0x000001c0   Code   RO           36    i.MX_GPIO_Init      main.o
    0x080031e0   0x080031e0   0x000000b0   Code   RO           37    i.MX_TIM2_Init      main.o
    0x08003290   0x08003290   0x000000ec   Code   RO           38    i.MX_TIM4_Init      main.o
    0x0800337c   0x0800337c   0x00000038   Code   RO           39    i.MX_USART3_UART_Init  main.o
    0x080033b4   0x080033b4   0x00000004   Code   RO          584    i.MemManage_Handler  stm32f1xx_it.o
    0x080033b8   0x080033b8   0x00000002   Code   RO          585    i.NMI_Handler       stm32f1xx_it.o
    0x080033ba   0x080033ba   0x00000002   PAD
    0x080033bc   0x080033bc   0x00000010   Code   RO           40    i.Open_IACV         main.o
    0x080033cc   0x080033cc   0x00000008   Code   RO          586    i.PVD_IRQHandler    stm32f1xx_it.o
    0x080033d4   0x080033d4   0x00000002   Code   RO          587    i.PendSV_Handler    stm32f1xx_it.o
    0x080033d6   0x080033d6   0x0000003c   Code   RO           41    i.Periodic_task     main.o
    0x08003412   0x08003412   0x0000000e   Code   RO           42    i.PrimerPulse       main.o
    0x08003420   0x08003420   0x00000028   Code   RO         1273    i.RCC_Delay         stm32f1xx_hal_rcc.o
    0x08003448   0x08003448   0x00000002   Code   RO          588    i.RCC_IRQHandler    stm32f1xx_it.o
    0x0800344a   0x0800344a   0x00000002   PAD
    0x0800344c   0x0800344c   0x00000044   Code   RO           44    i.Read_Analog_Sensors  main.o
    0x08003490   0x08003490   0x0000001c   Code   RO           45    i.Read_Output_Pump  main.o
    0x080034ac   0x080034ac   0x00000034   Code   RO           46    i.Rising_Edge_Event  main.o
    0x080034e0   0x080034e0   0x00000002   Code   RO          589    i.SVC_Handler       stm32f1xx_it.o
    0x080034e2   0x080034e2   0x00000008   Code   RO           47    i.Saturation        main.o
    0x080034ea   0x080034ea   0x00000002   PAD
    0x080034ec   0x080034ec   0x00000024   Code   RO           48    i.Set_Ouput_Injector  main.o
    0x08003510   0x08003510   0x00000010   Code   RO           49    i.Set_Ouput_InterruptionTest  main.o
    0x08003520   0x08003520   0x00000024   Code   RO           50    i.Set_Ouput_Pump    main.o
    0x08003544   0x08003544   0x00000024   Code   RO           51    i.Set_Output_LED_Blue  main.o
    0x08003568   0x08003568   0x00000024   Code   RO           52    i.Set_Output_LED_Green  main.o
    0x0800358c   0x0800358c   0x00000024   Code   RO           53    i.Set_Output_LED_Red  main.o
    0x080035b0   0x080035b0   0x00000024   Code   RO           54    i.Set_Output_LED_Yellow  main.o
    0x080035d4   0x080035d4   0x000000a0   Code   RO           55    i.Set_Pulse_Program  main.o
    0x08003674   0x08003674   0x00000008   Code   RO          590    i.SysTick_Handler   stm32f1xx_it.o
    0x0800367c   0x0800367c   0x00000086   Code   RO           56    i.SystemClock_Config  main.o
    0x08003702   0x08003702   0x00000002   PAD
    0x08003704   0x08003704   0x00000058   Code   RO         3443    i.SystemInit        system_stm32f1xx.o
    0x0800375c   0x0800375c   0x00000010   Code   RO          591    i.TIM2_IRQHandler   stm32f1xx_it.o
    0x0800376c   0x0800376c   0x00000010   Code   RO          592    i.TIM4_IRQHandler   stm32f1xx_it.o
    0x0800377c   0x0800377c   0x00000074   Code   RO         2186    i.TIM_Base_SetConfig  stm32f1xx_hal_tim.o
    0x080037f0   0x080037f0   0x00000022   Code   RO         2187    i.TIM_CCxChannelCmd  stm32f1xx_hal_tim.o
    0x08003812   0x08003812   0x00000016   Code   RO         2197    i.TIM_ETR_SetConfig  stm32f1xx_hal_tim.o
    0x08003828   0x08003828   0x00000012   Code   RO         2198    i.TIM_ITRx_SetConfig  stm32f1xx_hal_tim.o
    0x0800383a   0x0800383a   0x00000002   PAD
    0x0800383c   0x0800383c   0x00000060   Code   RO         2199    i.TIM_OC1_SetConfig  stm32f1xx_hal_tim.o
    0x0800389c   0x0800389c   0x00000068   Code   RO         2200    i.TIM_OC2_SetConfig  stm32f1xx_hal_tim.o
    0x08003904   0x08003904   0x00000068   Code   RO         2201    i.TIM_OC3_SetConfig  stm32f1xx_hal_tim.o
    0x0800396c   0x0800396c   0x00000048   Code   RO         2202    i.TIM_OC4_SetConfig  stm32f1xx_hal_tim.o
    0x080039b4   0x080039b4   0x00000026   Code   RO         2204    i.TIM_TI1_ConfigInputStage  stm32f1xx_hal_tim.o
    0x080039da   0x080039da   0x00000002   PAD
    0x080039dc   0x080039dc   0x00000068   Code   RO         2205    i.TIM_TI1_SetConfig  stm32f1xx_hal_tim.o
    0x08003a44   0x08003a44   0x00000028   Code   RO         2206    i.TIM_TI2_ConfigInputStage  stm32f1xx_hal_tim.o
    0x08003a6c   0x08003a6c   0x0000003a   Code   RO         2207    i.TIM_TI2_SetConfig  stm32f1xx_hal_tim.o
    0x08003aa6   0x08003aa6   0x00000038   Code   RO         2208    i.TIM_TI3_SetConfig  stm32f1xx_hal_tim.o
    0x08003ade   0x08003ade   0x0000003c   Code   RO         2209    i.TIM_TI4_SetConfig  stm32f1xx_hal_tim.o
    0x08003b1a   0x08003b1a   0x00000002   PAD
    0x08003b1c   0x08003b1c   0x00000020   Code   RO           57    i.TPSLinearization  main.o
    0x08003b3c   0x08003b3c   0x00000110   Code   RO           58    i.TPS_Treatment     main.o
    0x08003c4c   0x08003c4c   0x00000024   Code   RO           59    i.TairLinearization  main.o
    0x08003c70   0x08003c70   0x0000002c   Code   RO           60    i.Task_Fast         main.o
    0x08003c9c   0x08003c9c   0x00000008   Code   RO           61    i.Task_Medium       main.o
    0x08003ca4   0x08003ca4   0x0000000c   Code   RO           62    i.Task_Slow         main.o
    0x08003cb0   0x08003cb0   0x00000034   Code   RO           63    i.Timeout_ms        main.o
    0x08003ce4   0x08003ce4   0x0000004e   Code   RO           64    i.TimerListManagement  main.o
    0x08003d32   0x08003d32   0x00000010   Code   RO           69    i.TurnOffInjector   main.o
    0x08003d42   0x08003d42   0x00000002   PAD
    0x08003d44   0x08003d44   0x000000fc   Code   RO         3131    i.UART_SetConfig    stm32f1xx_hal_uart.o
    0x08003e40   0x08003e40   0x00000004   Code   RO          593    i.UsageFault_Handler  stm32f1xx_it.o
    0x08003e44   0x08003e44   0x00000030   Code   RO           71    i.VBatLinearization  main.o
    0x08003e74   0x08003e74   0x00000010   Code   RO         1578    i.__NVIC_GetPriorityGrouping  stm32f1xx_hal_cortex.o
    0x08003e84   0x08003e84   0x00000028   Code   RO         1579    i.__NVIC_SetPriority  stm32f1xx_hal_cortex.o
    0x08003eac   0x08003eac   0x0000000e   Code   RO         3503    i.__scatterload_copy  mc_w.l(handlers.o)
    0x08003eba   0x08003eba   0x00000002   Code   RO         3504    i.__scatterload_null  mc_w.l(handlers.o)
    0x08003ebc   0x08003ebc   0x0000000e   Code   RO         3505    i.__scatterload_zeroinit  mc_w.l(handlers.o)
    0x08003eca   0x08003eca   0x00000002   PAD
    0x08003ecc   0x08003ecc   0x00000040   Code   RO           73    i.checkTimeoutHookUp  main.o
    0x08003f0c   0x08003f0c   0x00000020   Code   RO           75    i.digitalFilter8bits  main.o
    0x08003f2c   0x08003f2c   0x00000006   Code   RO           76    i.funcCycles        main.o
    0x08003f32   0x08003f32   0x00000002   PAD
    0x08003f34   0x08003f34   0x00000014   Code   RO           77    i.funcIdleSetpoint  main.o
    0x08003f48   0x08003f48   0x00000006   Code   RO           78    i.funcLambda        main.o
    0x08003f4e   0x08003f4e   0x00000006   Code   RO           79    i.funcVoleff        main.o
    0x08003f54   0x08003f54   0x00000006   Code   RO           80    i.funccrankTerm     main.o
    0x08003f5a   0x08003f5a   0x00000006   Code   RO           81    i.funcfastEnleanment  main.o
    0x08003f60   0x08003f60   0x00000006   Code   RO           82    i.funcfastEnrichment  main.o
    0x08003f66   0x08003f66   0x00000006   Code   RO           83    i.funcwarmUp        main.o
    0x08003f6c   0x08003f6c   0x000000a0   Code   RO           85    i.main              main.o
    0x0800400c   0x0800400c   0x00000014   Code   RO           86    i.pid_Init          main.o
    0x08004020   0x08004020   0x00000038   Code   RO           87    i.setTimeoutHookUp  main.o
    0x08004058   0x08004058   0x00000018   Data   RO         3444    .constdata          system_stm32f1xx.o
    0x08004070   0x08004070   0x00000020   Data   RO         3501    Region$$Table       anon$$obj.o


    Execution Region RW_IRAM1 (Exec base: 0x20000000, Load base: 0x08004090, Size: 0x000007b8, Max: 0x00005000, ABSOLUTE, COMPRESSED[0x00000040])

    Exec Addr    Load Addr    Size         Type   Attr      Idx    E Section Name        Object

    0x20000000   COMPRESSED   0x00000121   Data   RW           89    .data               main.o
    0x20000121   COMPRESSED   0x00000003   PAD
    0x20000124   COMPRESSED   0x00000009   Data   RW         1110    .data               stm32f1xx_hal.o
    0x2000012d   COMPRESSED   0x00000003   PAD
    0x20000130   COMPRESSED   0x00000004   Data   RW         3445    .data               system_stm32f1xx.o
    0x20000134        -       0x00000264   Zero   RW           88    .bss                main.o
    0x20000398        -       0x00000020   Zero   RW         1824    .bss                stm32f1xx_hal_flash.o
    0x200003b8        -       0x00000400   Zero   RW            1    STACK               startup_stm32f103xb.o


==============================================================================

Image component sizes


      Code (inc. data)   RO Data    RW Data    ZI Data      Debug   Object Name

      5066        396          0        289        612     484204   main.o
        36          8        236          0       1024        776   startup_stm32f103xb.o
       152         32          0          9          0       5089   stm32f1xx_hal.o
      1720         56          0          0          0       9274   stm32f1xx_hal_adc.o
         2          0          0          0          0       1029   stm32f1xx_hal_adc_ex.o
       304         22          0          0          0      29227   stm32f1xx_hal_cortex.o
       716          8          0          0          0       3355   stm32f1xx_hal_dma.o
       552         26          0          0         32       3130   stm32f1xx_hal_flash.o
        40          8          0          0          0        538   stm32f1xx_hal_flash_ex.o
       878         38          0          0          0       4888   stm32f1xx_hal_gpio.o
       820         82          0          0          0       3735   stm32f1xx_hal_msp.o
        34          6          0          0          0        987   stm32f1xx_hal_pwr.o
      1784        110          0          0          0       5792   stm32f1xx_hal_rcc.o
       304         14          0          0          0       1348   stm32f1xx_hal_rcc_ex.o
      2842         60          0          0          0      21183   stm32f1xx_hal_tim.o
       136         14          0          0          0       2289   stm32f1xx_hal_tim_ex.o
       366          4          0          0          0       1648   stm32f1xx_hal_uart.o
       142         30          0          0          0       7410   stm32f1xx_it.o
        88         18         24          4          0       1079   system_stm32f1xx.o

    ----------------------------------------------------------------------
     16020        932        292        308       1668     586981   Object Totals
         0          0         32          0          0          0   (incl. Generated)
        38          0          0          6          0          0   (incl. Padding)

    ----------------------------------------------------------------------

      Code (inc. data)   RO Data    RW Data    ZI Data      Debug   Library Member Name

        86          0          0          0          0          0   __dczerorl2.o
         0          0          0          0          0          0   entry.o
         0          0          0          0          0          0   entry10a.o
         0          0          0          0          0          0   entry11a.o
         4          0          0          0          0          0   entry12b.o
         8          4          0          0          0          0   entry2.o
         4          0          0          0          0          0   entry5.o
         0          0          0          0          0          0   entry7b.o
         0          0          0          0          0          0   entry8b.o
         8          4          0          0          0          0   entry9a.o
        30          0          0          0          0          0   handlers.o
        36          8          0          0          0         68   init.o
        36          0          0          0          0        108   memseta.o

    ----------------------------------------------------------------------
       216         16          0          0          0        176   Library Totals
         4          0          0          0          0          0   (incl. Padding)

    ----------------------------------------------------------------------

      Code (inc. data)   RO Data    RW Data    ZI Data      Debug   Library Name

       212         16          0          0          0        176   mc_w.l

    ----------------------------------------------------------------------
       216         16          0          0          0        176   Library Totals

    ----------------------------------------------------------------------

==============================================================================


      Code (inc. data)   RO Data    RW Data    ZI Data      Debug   

     16236        948        292        308       1668     578601   Grand Totals
     16236        948        292         64       1668     578601   ELF Image Totals (compressed)
     16236        948        292         64          0          0   ROM Totals

==============================================================================

    Total RO  Size (Code + RO Data)                16528 (  16.14kB)
    Total RW  Size (RW Data + ZI Data)              1976 (   1.93kB)
    Total ROM Size (Code + RO Data + RW Data)      16592 (  16.20kB)

==============================================================================

