Component: ARM Compiler 5.06 update 7 (build 960) Tool: armlink [4d3601]

==============================================================================

Section Cross References

    startup_stm32f103xb.o(RESET) refers to startup_stm32f103xb.o(STACK) for __initial_sp
    startup_stm32f103xb.o(RESET) refers to startup_stm32f103xb.o(.text) for Reset_Handler
    startup_stm32f103xb.o(RESET) refers to stm32f1xx_it.o(i.NMI_Handler) for NMI_Handler
    startup_stm32f103xb.o(RESET) refers to stm32f1xx_it.o(i.HardFault_Handler) for HardFault_Handler
    startup_stm32f103xb.o(RESET) refers to stm32f1xx_it.o(i.MemManage_Handler) for MemManage_Handler
    startup_stm32f103xb.o(RESET) refers to stm32f1xx_it.o(i.BusFault_Handler) for BusFault_Handler
    startup_stm32f103xb.o(RESET) refers to stm32f1xx_it.o(i.UsageFault_Handler) for UsageFault_Handler
    startup_stm32f103xb.o(RESET) refers to stm32f1xx_it.o(i.SVC_Handler) for SVC_Handler
    startup_stm32f103xb.o(RESET) refers to stm32f1xx_it.o(i.DebugMon_Handler) for DebugMon_Handler
    startup_stm32f103xb.o(RESET) refers to stm32f1xx_it.o(i.PendSV_Handler) for PendSV_Handler
    startup_stm32f103xb.o(RESET) refers to stm32f1xx_it.o(i.SysTick_Handler) for SysTick_Handler
    startup_stm32f103xb.o(RESET) refers to stm32f1xx_it.o(i.PVD_IRQHandler) for PVD_IRQHandler
    startup_stm32f103xb.o(RESET) refers to stm32f1xx_it.o(i.FLASH_IRQHandler) for FLASH_IRQHandler
    startup_stm32f103xb.o(RESET) refers to stm32f1xx_it.o(i.RCC_IRQHandler) for RCC_IRQHandler
    startup_stm32f103xb.o(RESET) refers to stm32f1xx_it.o(i.DMA1_Channel1_IRQHandler) for DMA1_Channel1_IRQHandler
    startup_stm32f103xb.o(RESET) refers to stm32f1xx_it.o(i.DMA1_Channel3_IRQHandler) for DMA1_Channel3_IRQHandler
    startup_stm32f103xb.o(RESET) refers to stm32f1xx_it.o(i.ADC1_2_IRQHandler) for ADC1_2_IRQHandler
    startup_stm32f103xb.o(RESET) refers to stm32f1xx_it.o(i.EXTI9_5_IRQHandler) for EXTI9_5_IRQHandler
    startup_stm32f103xb.o(RESET) refers to stm32f1xx_it.o(i.TIM2_IRQHandler) for TIM2_IRQHandler
    startup_stm32f103xb.o(RESET) refers to stm32f1xx_it.o(i.TIM4_IRQHandler) for TIM4_IRQHandler
    startup_stm32f103xb.o(.text) refers to system_stm32f1xx.o(i.SystemInit) for SystemInit
    startup_stm32f103xb.o(.text) refers to entry.o(.ARM.Collect$$$$00000000) for __main
    main.o(i.HAL_TIM_IC_CaptureCallback) refers to vrs_treatment.o(i.Rising_Edge_Event) for Rising_Edge_Event
    main.o(i.HAL_TIM_IC_CaptureCallback) refers to vrs_treatment.o(i.Falling_Edge_Event) for Falling_Edge_Event
    main.o(i.HAL_TIM_PeriodElapsedCallback) refers to gen_def.o(.data) for scenario
    main.o(i.MX_ADC1_Init) refers to stm32f1xx_hal_adc.o(i.HAL_ADC_Init) for HAL_ADC_Init
    main.o(i.MX_ADC1_Init) refers to main.o(i.Error_Handler) for Error_Handler
    main.o(i.MX_ADC1_Init) refers to stm32f1xx_hal_adc.o(i.HAL_ADC_ConfigChannel) for HAL_ADC_ConfigChannel
    main.o(i.MX_ADC1_Init) refers to main.o(.bss) for hadc1
    main.o(i.MX_DMA_Init) refers to stm32f1xx_hal_cortex.o(i.HAL_NVIC_SetPriority) for HAL_NVIC_SetPriority
    main.o(i.MX_DMA_Init) refers to stm32f1xx_hal_cortex.o(i.HAL_NVIC_EnableIRQ) for HAL_NVIC_EnableIRQ
    main.o(i.MX_GPIO_Init) refers to stm32f1xx_hal_gpio.o(i.HAL_GPIO_WritePin) for HAL_GPIO_WritePin
    main.o(i.MX_GPIO_Init) refers to stm32f1xx_hal_gpio.o(i.HAL_GPIO_Init) for HAL_GPIO_Init
    main.o(i.MX_GPIO_Init) refers to stm32f1xx_hal_cortex.o(i.HAL_NVIC_SetPriority) for HAL_NVIC_SetPriority
    main.o(i.MX_GPIO_Init) refers to stm32f1xx_hal_cortex.o(i.HAL_NVIC_EnableIRQ) for HAL_NVIC_EnableIRQ
    main.o(i.MX_TIM2_Init) refers to stm32f1xx_hal_tim.o(i.HAL_TIM_Base_Init) for HAL_TIM_Base_Init
    main.o(i.MX_TIM2_Init) refers to main.o(i.Error_Handler) for Error_Handler
    main.o(i.MX_TIM2_Init) refers to stm32f1xx_hal_tim.o(i.HAL_TIM_ConfigClockSource) for HAL_TIM_ConfigClockSource
    main.o(i.MX_TIM2_Init) refers to stm32f1xx_hal_tim.o(i.HAL_TIM_IC_Init) for HAL_TIM_IC_Init
    main.o(i.MX_TIM2_Init) refers to stm32f1xx_hal_tim_ex.o(i.HAL_TIMEx_MasterConfigSynchronization) for HAL_TIMEx_MasterConfigSynchronization
    main.o(i.MX_TIM2_Init) refers to stm32f1xx_hal_tim.o(i.HAL_TIM_IC_ConfigChannel) for HAL_TIM_IC_ConfigChannel
    main.o(i.MX_TIM2_Init) refers to main.o(.bss) for htim2
    main.o(i.MX_TIM4_Init) refers to memseta.o(.text) for __aeabi_memclr4
    main.o(i.MX_TIM4_Init) refers to stm32f1xx_hal_tim.o(i.HAL_TIM_Base_Init) for HAL_TIM_Base_Init
    main.o(i.MX_TIM4_Init) refers to main.o(i.Error_Handler) for Error_Handler
    main.o(i.MX_TIM4_Init) refers to stm32f1xx_hal_tim.o(i.HAL_TIM_ConfigClockSource) for HAL_TIM_ConfigClockSource
    main.o(i.MX_TIM4_Init) refers to stm32f1xx_hal_tim.o(i.HAL_TIM_PWM_Init) for HAL_TIM_PWM_Init
    main.o(i.MX_TIM4_Init) refers to stm32f1xx_hal_tim.o(i.HAL_TIM_OC_Init) for HAL_TIM_OC_Init
[...]
    ../Src/main.c                            0x00000000   Number         0  main.o ABSOLUTE
    ../Src/stm32f1xx_hal_msp.c               0x00000000   Number         0  stm32f1xx_hal_msp.o ABSOLUTE
    ../Src/stm32f1xx_it.c                    0x00000000   Number         0  stm32f1xx_it.o ABSOLUTE
    ../Src/system_stm32f1xx.c                0x00000000   Number         0  system_stm32f1xx.o ABSOLUTE
    ../clib/../cmprslib/zerorunl2.c          0x00000000   Number         0  __dczerorl2.o ABSOLUTE
    ../clib/microlib/init/entry.s            0x00000000   Number         0  entry5.o ABSOLUTE
    ../clib/microlib/init/entry.s            0x00000000   Number         0  entry2.o ABSOLUTE
    ../clib/microlib/init/entry.s            0x00000000   Number         0  entry.o ABSOLUTE
    ../clib/microlib/init/entry.s            0x00000000   Number         0  entry12b.o ABSOLUTE
    ../clib/microlib/init/entry.s            0x00000000   Number         0  entry12a.o ABSOLUTE
    ../clib/microlib/init/entry.s            0x00000000   Number         0  entry11b.o ABSOLUTE
    ../clib/microlib/init/entry.s            0x00000000   Number         0  entry9a.o ABSOLUTE
    ../clib/microlib/init/entry.s            0x00000000   Number         0  entry11a.o ABSOLUTE
    ../clib/microlib/init/entry.s            0x00000000   Number         0  entry10b.o ABSOLUTE
    ../clib/microlib/init/entry.s            0x00000000   Number         0  entry10a.o ABSOLUTE
    ../clib/microlib/init/entry.s            0x00000000   Number         0  entry9b.o ABSOLUTE
    ../clib/microlib/init/entry.s            0x00000000   Number         0  entry8b.o ABSOLUTE
    ../clib/microlib/init/entry.s            0x00000000   Number         0  entry8a.o ABSOLUTE
    ../clib/microlib/init/entry.s            0x00000000   Number         0  entry7b.o ABSOLUTE
    ../clib/microlib/init/entry.s            0x00000000   Number         0  entry7a.o ABSOLUTE
    ../clib/microlib/longlong.c              0x00000000   Number         0  llushr.o ABSOLUTE
    ../clib/microlib/string/memset.c         0x00000000   Number         0  memseta.o ABSOLUTE
    ../clib/microlib/string/strlen.c         0x00000000   Number         0  strlen.o ABSOLUTE
    ..\Drivers\STM32F1xx_HAL_Driver\Src\stm32f1xx_hal.c 0x00000000   Number         0  stm32f1xx_hal.o ABSOLUTE
    ..\Drivers\STM32F1xx_HAL_Driver\Src\stm32f1xx_hal_adc.c 0x00000000   Number         0  stm32f1xx_hal_adc.o ABSOLUTE
    ..\Drivers\STM32F1xx_HAL_Driver\Src\stm32f1xx_hal_adc_ex.c 0x00000000   Number         0  stm32f1xx_hal_adc_ex.o ABSOLUTE
    ..\Drivers\STM32F1xx_HAL_Driver\Src\stm32f1xx_hal_cortex.c 0x00000000   Number         0  stm32f1xx_hal_cortex.o ABSOLUTE
    ..\Drivers\STM32F1xx_HAL_Driver\Src\stm32f1xx_hal_dma.c 0x00000000   Number         0  stm32f1xx_hal_dma.o ABSOLUTE
    ..\Drivers\STM32F1xx_HAL_Driver\Src\stm32f1xx_hal_exti.c 0x00000000   Number         0  stm32f1xx_hal_exti.o ABSOLUTE
    ..\Drivers\STM32F1xx_HAL_Driver\Src\stm32f1xx_hal_flash.c 0x00000000   Number         0  stm32f1xx_hal_flash.o ABSOLUTE
    ..\Drivers\STM32F1xx_HAL_Driver\Src\stm32f1xx_hal_flash_ex.c 0x00000000   Number         0  stm32f1xx_hal_flash_ex.o ABSOLUTE
    ..\Drivers\STM32F1xx_HAL_Driver\Src\stm32f1xx_hal_gpio.c 0x00000000   Number         0  stm32f1xx_hal_gpio.o ABSOLUTE
    ..\Drivers\STM32F1xx_HAL_Driver\Src\stm32f1xx_hal_gpio_ex.c 0x00000000   Number         0  stm32f1xx_hal_gpio_ex.o ABSOLUTE
    ..\Drivers\STM32F1xx_HAL_Driver\Src\stm32f1xx_hal_pwr.c 0x00000000   Number         0  stm32f1xx_hal_pwr.o ABSOLUTE
    ..\Drivers\STM32F1xx_HAL_Driver\Src\stm32f1xx_hal_rcc.c 0x00000000   Number         0  stm32f1xx_hal_rcc.o ABSOLUTE
    ..\Drivers\STM32F1xx_HAL_Driver\Src\stm32f1xx_hal_rcc_ex.c 0x00000000   Number         0  stm32f1xx_hal_rcc_ex.o ABSOLUTE
    ..\Drivers\STM32F1xx_HAL_Driver\Src\stm32f1xx_hal_tim.c 0x00000000   Number         0  stm32f1xx_hal_tim.o ABSOLUTE
    ..\Drivers\STM32F1xx_HAL_Driver\Src\stm32f1xx_hal_tim_ex.c 0x00000000   Number         0  stm32f1xx_hal_tim_ex.o ABSOLUTE
    ..\Drivers\STM32F1xx_HAL_Driver\Src\stm32f1xx_hal_uart.c 0x00000000   Number         0  stm32f1xx_hal_uart.o ABSOLUTE
    ..\Src\ENGINE_STATE.c                    0x00000000   Number         0  engine_state.o ABSOLUTE
    ..\Src\FLASH_PAGE.c                      0x00000000   Number         0  flash_page.o ABSOLUTE
    ..\Src\FUEL_CALCULATION.c                0x00000000   Number         0  fuel_calculation.o ABSOLUTE
    ..\Src\GEN_DEF.c                         0x00000000   Number         0  gen_def.o ABSOLUTE
    ..\Src\IDLE_CONTROL.c                    0x00000000   Number         0  idle_control.o ABSOLUTE
    ..\Src\IO_CONTROL.c                      0x00000000   Number         0  io_control.o ABSOLUTE
    ..\Src\LAMBDA_CONTROL.c                  0x00000000   Number         0  lambda_control.o ABSOLUTE
    ..\Src\SCHEDULLER.c                      0x00000000   Number         0  scheduller.o ABSOLUTE
    ..\Src\SENSORS.c                         0x00000000   Number         0  sensors.o ABSOLUTE
    ..\Src\TIMER_FUNC.c                      0x00000000   Number         0  timer_func.o ABSOLUTE
    ..\Src\TOOLS.c                           0x00000000   Number         0  tools.o ABSOLUTE
    ..\Src\TPS_TREATMENT.c                   0x00000000   Number         0  tps_treatment.o ABSOLUTE
    ..\Src\VRS_TREATMENT.c                   0x00000000   Number         0  vrs_treatment.o ABSOLUTE
    ..\Src\main.c                            0x00000000   Number         0  main.o ABSOLUTE
    ..\Src\stm32f1xx_hal_msp.c               0x00000000   Number         0  stm32f1xx_hal_msp.o ABSOLUTE
    ..\Src\stm32f1xx_it.c                    0x00000000   Number         0  stm32f1xx_it.o ABSOLUTE
    ..\Src\system_stm32f1xx.c                0x00000000   Number         0  system_stm32f1xx.o ABSOLUTE
    ..\\Src\\ENGINE_STATE.c                  0x00000000   Number         0  engine_state.o ABSOLUTE
    ..\\Src\\FLASH_PAGE.c                    0x00000000   Number         0  flash_page.o ABSOLUTE
    ..\\Src\\FUEL_CALCULATION.c              0x00000000   Number         0  fuel_calculation.o ABSOLUTE
    ..\\Src\\GEN_DEF.c                       0x00000000   Number         0  gen_def.o ABSOLUTE
    ..\\Src\\IDLE_CONTROL.c                  0x00000000   Number         0  idle_control.o ABSOLUTE
    ..\\Src\\IO_CONTROL.c                    0x00000000   Number         0  io_control.o ABSOLUTE
    ..\\Src\\LAMBDA_CONTROL.c                0x00000000   Number         0  lambda_control.o ABSOLUTE
    ..\\Src\\SCHEDULLER.c                    0x00000000   Number         0  scheduller.o ABSOLUTE
    ..\\Src\\SENSORS.c                       0x00000000   Number         0  sensors.o ABSOLUTE
    ..\\Src\\TIMER_FUNC.c                    0x00000000   Number         0  timer_func.o ABSOLUTE
    ..\\Src\\TOOLS.c                         0x00000000   Number         0  tools.o ABSOLUTE
    ..\\Src\\TPS_TREATMENT.c                 0x00000000   Number         0  tps_treatment.o ABSOLUTE
    ..\\Src\\VRS_TREATMENT.c                 0x00000000   Number         0  vrs_treatment.o ABSOLUTE
    dc.s                                     0x00000000   Number         0  dc.o ABSOLUTE
    handlers.s                               0x00000000   Number         0  handlers.o ABSOLUTE
    init.s                                   0x00000000   Number         0  init.o ABSOLUTE
    startup_stm32f103xb.s                    0x00000000   Number         0  startup_stm32f103xb.o ABSOLUTE
    RESET                                    0x08000000   Section      236  startup_stm32f103xb.o(RESET)
    .ARM.Collect$$$$00000000                 0x080000ec   Section        0  entry.o(.ARM.Collect$$$$00000000)
    .ARM.Collect$$$$00000001                 0x080000ec   Section        4  entry2.o(.ARM.Collect$$$$00000001)
    .ARM.Collect$$$$00000004                 0x080000f0   Section        4  entry5.o(.ARM.Collect$$$$00000004)
    .ARM.Collect$$$$00000008                 0x080000f4   Section        0  entry7b.o(.ARM.Collect$$$$00000008)
    .ARM.Collect$$$$0000000A                 0x080000f4   Section        0  entry8b.o(.ARM.Collect$$$$0000000A)
    .ARM.Collect$$$$0000000B                 0x080000f4   Section        8  entry9a.o(.ARM.Collect$$$$0000000B)
    .ARM.Collect$$$$0000000E                 0x080000fc   Section        4  entry12b.o(.ARM.Collect$$$$0000000E)
    .ARM.Collect$$$$0000000F                 0x08000100   Section        0  entry10a.o(.ARM.Collect$$$$0000000F)
    .ARM.Collect$$$$00000011                 0x08000100   Section        0  entry11a.o(.ARM.Collect$$$$00000011)
    .ARM.Collect$$$$00002712                 0x08000100   Section        4  entry2.o(.ARM.Collect$$$$00002712)
    __lit__00000000                          0x08000100   Data           4  entry2.o(.ARM.Collect$$$$00002712)
    .text                                    0x08000104   Section       36  startup_stm32f103xb.o(.text)
    .text                                    0x08000128   Section        0  memseta.o(.text)
    .text                                    0x0800014c   Section       36  init.o(.text)
    .text                                    0x08000170   Section        0  __dczerorl2.o(.text)
    i.ADC1_2_IRQHandler                      0x080001c8   Section        0  stm32f1xx_it.o(i.ADC1_2_IRQHandler)
    i.ADC_ConversionStop_Disable             0x080001d8   Section        0  stm32f1xx_hal_adc.o(i.ADC_ConversionStop_Disable)
    i.ADC_DMAConvCplt                        0x08000234   Section        0  stm32f1xx_hal_adc.o(i.ADC_DMAConvCplt)
    i.ADC_DMAError                           0x08000286   Section        0  stm32f1xx_hal_adc.o(i.ADC_DMAError)
    i.ADC_DMAHalfConvCplt                    0x080002a4   Section        0  stm32f1xx_hal_adc.o(i.ADC_DMAHalfConvCplt)
    i.ADC_Enable                             0x080002b4   Section        0  stm32f1xx_hal_adc.o(i.ADC_Enable)
    i.AccelDer                               0x08000344   Section        0  engine_state.o(i.AccelDer)
    i.Board_Temp                             0x0800038c   Section        0  sensors.o(i.Board_Temp)
    i.BusFault_Handler                       0x080003b8   Section        0  stm32f1xx_it.o(i.BusFault_Handler)
    i.Crank_Pos_IACV                         0x080003bc   Section        0  idle_control.o(i.Crank_Pos_IACV)
    i.DMA1_Channel1_IRQHandler               0x080003d0   Section        0  stm32f1xx_it.o(i.DMA1_Channel1_IRQHandler)
    i.DMA1_Channel3_IRQHandler               0x080003e0   Section        0  stm32f1xx_it.o(i.DMA1_Channel3_IRQHandler)
    i.DMA_SetConfig                          0x080003f0   Section        0  stm32f1xx_hal_dma.o(i.DMA_SetConfig)
    DMA_SetConfig                            0x080003f1   Thumb Code    44  stm32f1xx_hal_dma.o(i.DMA_SetConfig)
    i.DebugMon_Handler                       0x0800041c   Section        0  stm32f1xx_it.o(i.DebugMon_Handler)
    i.EXTI9_5_IRQHandler                     0x0800041e   Section        0  stm32f1xx_it.o(i.EXTI9_5_IRQHandler)
    i.Eng_State                              0x0800042c   Section        0  engine_state.o(i.Eng_State)
    i.EngineSpeedCalculation                 0x08000654   Section        0  engine_state.o(i.EngineSpeedCalculation)
    i.EngineTempLinearization                0x080006ec   Section        0  sensors.o(i.EngineTempLinearization)
    i.Error_Handler                          0x08000710   Section        0  main.o(i.Error_Handler)
    i.FLASH_IRQHandler                       0x08000712   Section        0  stm32f1xx_it.o(i.FLASH_IRQHandler)
    i.FLASH_PageErase                        0x0800071c   Section        0  stm32f1xx_hal_flash_ex.o(i.FLASH_PageErase)
    i.FLASH_Program_HalfWord                 0x08000744   Section        0  stm32f1xx_hal_flash.o(i.FLASH_Program_HalfWord)
    FLASH_Program_HalfWord                   0x08000745   Thumb Code    22  stm32f1xx_hal_flash.o(i.FLASH_Program_HalfWord)
    i.FLASH_SetErrorCode                     0x08000764   Section        0  stm32f1xx_hal_flash.o(i.FLASH_SetErrorCode)
    FLASH_SetErrorCode                       0x08000765   Thumb Code   124  stm32f1xx_hal_flash.o(i.FLASH_SetErrorCode)
    i.Falling_Edge_Event                     0x080007e8   Section        0  vrs_treatment.o(i.Falling_Edge_Event)
    i.Filter16bits                           0x08000814   Section        0  tools.o(i.Filter16bits)
    i.FuelCalc                               0x0800082c   Section        0  fuel_calculation.o(i.FuelCalc)
    i.HAL_ADCEx_InjectedConvCpltCallback     0x08000a58   Section        0  stm32f1xx_hal_adc_ex.o(i.HAL_ADCEx_InjectedConvCpltCallback)
    i.HAL_ADC_ConfigChannel                  0x08000a5c   Section        0  stm32f1xx_hal_adc.o(i.HAL_ADC_ConfigChannel)
    i.HAL_ADC_ConvCpltCallback               0x08000bbc   Section        0  stm32f1xx_hal_adc.o(i.HAL_ADC_ConvCpltCallback)
    i.HAL_ADC_ConvHalfCpltCallback           0x08000bbe   Section        0  stm32f1xx_hal_adc.o(i.HAL_ADC_ConvHalfCpltCallback)
    i.HAL_ADC_ErrorCallback                  0x08000bc0   Section        0  stm32f1xx_hal_adc.o(i.HAL_ADC_ErrorCallback)
    i.HAL_ADC_IRQHandler                     0x08000bc2   Section        0  stm32f1xx_hal_adc.o(i.HAL_ADC_IRQHandler)
    i.HAL_ADC_Init                           0x08000ce4   Section        0  stm32f1xx_hal_adc.o(i.HAL_ADC_Init)
    i.HAL_ADC_LevelOutOfWindowCallback       0x08000e28   Section        0  stm32f1xx_hal_adc.o(i.HAL_ADC_LevelOutOfWindowCallback)
    i.HAL_ADC_MspInit                        0x08000e2c   Section        0  stm32f1xx_hal_msp.o(i.HAL_ADC_MspInit)
    i.HAL_ADC_Start_DMA                      0x08000eec   Section        0  stm32f1xx_hal_adc.o(i.HAL_ADC_Start_DMA)
    i.HAL_DMA_IRQHandler                     0x0800106c   Section        0  stm32f1xx_hal_dma.o(i.HAL_DMA_IRQHandler)
    i.HAL_DMA_Init                           0x08001208   Section        0  stm32f1xx_hal_dma.o(i.HAL_DMA_Init)
    i.HAL_DMA_Start_IT                       0x08001270   Section        0  stm32f1xx_hal_dma.o(i.HAL_DMA_Start_IT)
    i.HAL_FLASH_EndOfOperationCallback       0x0800130c   Section        0  stm32f1xx_hal_flash.o(i.HAL_FLASH_EndOfOperationCallback)
    i.HAL_FLASH_IRQHandler                   0x08001310   Section        0  stm32f1xx_hal_flash.o(i.HAL_FLASH_IRQHandler)
    i.HAL_FLASH_OperationErrorCallback       0x08001490   Section        0  stm32f1xx_hal_flash.o(i.HAL_FLASH_OperationErrorCallback)
    i.HAL_GPIO_EXTI_Callback                 0x08001492   Section        0  stm32f1xx_hal_gpio.o(i.HAL_GPIO_EXTI_Callback)
    i.HAL_GPIO_EXTI_IRQHandler               0x08001494   Section        0  stm32f1xx_hal_gpio.o(i.HAL_GPIO_EXTI_IRQHandler)
    i.HAL_GPIO_Init                          0x080014b0   Section        0  stm32f1xx_hal_gpio.o(i.HAL_GPIO_Init)
    i.HAL_GPIO_ReadPin                       0x080017d0   Section        0  stm32f1xx_hal_gpio.o(i.HAL_GPIO_ReadPin)
    i.HAL_GPIO_TogglePin                     0x080017e0   Section        0  stm32f1xx_hal_gpio.o(i.HAL_GPIO_TogglePin)
    i.HAL_GPIO_WritePin                      0x080017f4   Section        0  stm32f1xx_hal_gpio.o(i.HAL_GPIO_WritePin)
    i.HAL_GetTick                            0x08001800   Section        0  stm32f1xx_hal.o(i.HAL_GetTick)
    i.HAL_IncTick                            0x0800180c   Section        0  stm32f1xx_hal.o(i.HAL_IncTick)
    i.HAL_Init                               0x08001824   Section        0  stm32f1xx_hal.o(i.HAL_Init)
    i.HAL_InitTick                           0x0800184c   Section        0  stm32f1xx_hal.o(i.HAL_InitTick)
    i.HAL_MspInit                            0x08001898   Section        0  stm32f1xx_hal_msp.o(i.HAL_MspInit)
    i.HAL_NVIC_EnableIRQ                     0x08001924   Section        0  stm32f1xx_hal_cortex.o(i.HAL_NVIC_EnableIRQ)
    i.HAL_NVIC_SetPriority                   0x08001944   Section        0  stm32f1xx_hal_cortex.o(i.HAL_NVIC_SetPriority)
    i.HAL_NVIC_SetPriorityGrouping           0x080019c0   Section        0  stm32f1xx_hal_cortex.o(i.HAL_NVIC_SetPriorityGrouping)
    i.HAL_PWR_PVDCallback                    0x080019e8   Section        0  stm32f1xx_hal_pwr.o(i.HAL_PWR_PVDCallback)
    i.HAL_PWR_PVD_IRQHandler                 0x080019ec   Section        0  stm32f1xx_hal_pwr.o(i.HAL_PWR_PVD_IRQHandler)
    i.HAL_RCCEx_PeriphCLKConfig              0x08001a0c   Section        0  stm32f1xx_hal_rcc_ex.o(i.HAL_RCCEx_PeriphCLKConfig)
    i.HAL_RCC_ClockConfig                    0x08001b3c   Section        0  stm32f1xx_hal_rcc.o(i.HAL_RCC_ClockConfig)
    i.HAL_RCC_GetHCLKFreq                    0x08001cc8   Section        0  stm32f1xx_hal_rcc.o(i.HAL_RCC_GetHCLKFreq)
    i.HAL_RCC_GetPCLK1Freq                   0x08001cd4   Section        0  stm32f1xx_hal_rcc.o(i.HAL_RCC_GetPCLK1Freq)
    i.HAL_RCC_GetPCLK2Freq                   0x08001cf4   Section        0  stm32f1xx_hal_rcc.o(i.HAL_RCC_GetPCLK2Freq)
    i.HAL_RCC_GetSysClockFreq                0x08001d14   Section        0  stm32f1xx_hal_rcc.o(i.HAL_RCC_GetSysClockFreq)
    i.HAL_RCC_OscConfig                      0x08001da8   Section        0  stm32f1xx_hal_rcc.o(i.HAL_RCC_OscConfig)
    i.HAL_SYSTICK_Config                     0x0800220c   Section        0  stm32f1xx_hal_cortex.o(i.HAL_SYSTICK_Config)
    i.HAL_TIMEx_BreakCallback                0x08002240   Section        0  stm32f1xx_hal_tim_ex.o(i.HAL_TIMEx_BreakCallback)
    i.HAL_TIMEx_CommutCallback               0x08002242   Section        0  stm32f1xx_hal_tim_ex.o(i.HAL_TIMEx_CommutCallback)
    i.HAL_TIMEx_MasterConfigSynchronization  0x08002244   Section        0  stm32f1xx_hal_tim_ex.o(i.HAL_TIMEx_MasterConfigSynchronization)
    i.HAL_TIM_Base_Init                      0x080022c8   Section        0  stm32f1xx_hal_tim.o(i.HAL_TIM_Base_Init)
    i.HAL_TIM_Base_MspInit                   0x08002330   Section        0  stm32f1xx_hal_msp.o(i.HAL_TIM_Base_MspInit)
    i.HAL_TIM_Base_Start_IT                  0x08002404   Section        0  stm32f1xx_hal_tim.o(i.HAL_TIM_Base_Start_IT)
    i.HAL_TIM_ConfigClockSource              0x0800247c   Section        0  stm32f1xx_hal_tim.o(i.HAL_TIM_ConfigClockSource)
    i.HAL_TIM_IC_CaptureCallback             0x08002584   Section        0  main.o(i.HAL_TIM_IC_CaptureCallback)
    i.HAL_TIM_IC_ConfigChannel               0x080025ae   Section        0  stm32f1xx_hal_tim.o(i.HAL_TIM_IC_ConfigChannel)
    i.HAL_TIM_IC_Init                        0x08002682   Section        0  stm32f1xx_hal_tim.o(i.HAL_TIM_IC_Init)
    i.HAL_TIM_IC_MspInit                     0x080026e8   Section        0  stm32f1xx_hal_tim.o(i.HAL_TIM_IC_MspInit)
    i.HAL_TIM_IC_Start_IT                    0x080026ec   Section        0  stm32f1xx_hal_tim.o(i.HAL_TIM_IC_Start_IT)
    i.HAL_TIM_IRQHandler                     0x08002844   Section        0  stm32f1xx_hal_tim.o(i.HAL_TIM_IRQHandler)
    i.HAL_TIM_MspPostInit                    0x080029dc   Section        0  stm32f1xx_hal_msp.o(i.HAL_TIM_MspPostInit)
    i.HAL_TIM_OC_ConfigChannel               0x08002a34   Section        0  stm32f1xx_hal_tim.o(i.HAL_TIM_OC_ConfigChannel)
    i.HAL_TIM_OC_DelayElapsedCallback        0x08002a9c   Section        0  stm32f1xx_hal_tim.o(i.HAL_TIM_OC_DelayElapsedCallback)
    i.HAL_TIM_OC_Init                        0x08002a9e   Section        0  stm32f1xx_hal_tim.o(i.HAL_TIM_OC_Init)
    i.HAL_TIM_OC_MspInit                     0x08002b04   Section        0  stm32f1xx_hal_tim.o(i.HAL_TIM_OC_MspInit)
    i.HAL_TIM_PWM_ConfigChannel              0x08002b06   Section        0  stm32f1xx_hal_tim.o(i.HAL_TIM_PWM_ConfigChannel)
    i.HAL_TIM_PWM_Init                       0x08002c02   Section        0  stm32f1xx_hal_tim.o(i.HAL_TIM_PWM_Init)
    i.HAL_TIM_PWM_MspInit                    0x08002c68   Section        0  stm32f1xx_hal_tim.o(i.HAL_TIM_PWM_MspInit)
    i.HAL_TIM_PWM_PulseFinishedCallback      0x08002c6a   Section        0  stm32f1xx_hal_tim.o(i.HAL_TIM_PWM_PulseFinishedCallback)
    i.HAL_TIM_PWM_Start                      0x08002c6c   Section        0  stm32f1xx_hal_tim.o(i.HAL_TIM_PWM_Start)
    i.HAL_TIM_PeriodElapsedCallback          0x08002d40   Section        0  main.o(i.HAL_TIM_PeriodElapsedCallback)
    i.HAL_TIM_ReadCapturedValue              0x08002d58   Section        0  stm32f1xx_hal_tim.o(i.HAL_TIM_ReadCapturedValue)
    i.HAL_TIM_TriggerCallback                0x08002d8a   Section        0  stm32f1xx_hal_tim.o(i.HAL_TIM_TriggerCallback)
    i.HAL_UART_Init                          0x08002d8c   Section        0  stm32f1xx_hal_uart.o(i.HAL_UART_Init)
    i.HAL_UART_MspInit                       0x08002e00   Section        0  stm32f1xx_hal_msp.o(i.HAL_UART_MspInit)
    i.HardFault_Handler                      0x08002ec0   Section        0  stm32f1xx_it.o(i.HardFault_Handler)
    i.Hardware_Init                          0x08002ec4   Section        0  io_control.o(i.Hardware_Init)
    i.IACV_Control                           0x08002ef4   Section        0  idle_control.o(i.IACV_Control)
    i.Idle_Management                        0x08002f94   Section        0  idle_control.o(i.Idle_Management)
    i.InjectorDeadTimeCalc                   0x08003000   Section        0  fuel_calculation.o(i.InjectorDeadTimeCalc)
    i.Injector_CMD                           0x08003014   Section        0  io_control.o(i.Injector_CMD)
    i.LambdaCorrectionFunc                   0x08003020   Section        0  lambda_control.o(i.LambdaCorrectionFunc)
    i.LambdaLinearization                    0x08003148   Section        0  sensors.o(i.LambdaLinearization)
    i.Learn_test_IACV                        0x08003174   Section        0  idle_control.o(i.Learn_test_IACV)
    i.MAPLinearization                       0x08003184   Section        0  sensors.o(i.MAPLinearization)
    i.MX_ADC1_Init                           0x080031a4   Section        0  main.o(i.MX_ADC1_Init)
    MX_ADC1_Init                             0x080031a5   Thumb Code   218  main.o(i.MX_ADC1_Init)
    i.MX_DMA_Init                            0x08003288   Section        0  main.o(i.MX_DMA_Init)
    MX_DMA_Init                              0x08003289   Thumb Code    64  main.o(i.MX_DMA_Init)
    i.MX_GPIO_Init                           0x080032cc   Section        0  main.o(i.MX_GPIO_Init)
    MX_GPIO_Init                             0x080032cd   Thumb Code   428  main.o(i.MX_GPIO_Init)
    i.MX_TIM2_Init                           0x0800348c   Section        0  main.o(i.MX_TIM2_Init)
    MX_TIM2_Init                             0x0800348d   Thumb Code   172  main.o(i.MX_TIM2_Init)
    i.MX_TIM4_Init                           0x0800353c   Section        0  main.o(i.MX_TIM4_Init)
    MX_TIM4_Init                             0x0800353d   Thumb Code   224  main.o(i.MX_TIM4_Init)
    i.MX_USART3_UART_Init                    0x08003624   Section        0  main.o(i.MX_USART3_UART_Init)
    MX_USART3_UART_Init                      0x08003625   Thumb Code    46  main.o(i.MX_USART3_UART_Init)
    i.MemManage_Handler                      0x0800365c   Section        0  stm32f1xx_it.o(i.MemManage_Handler)
    i.NMI_Handler                            0x08003660   Section        0  stm32f1xx_it.o(i.NMI_Handler)
    i.Open_IACV                              0x08003664   Section        0  idle_control.o(i.Open_IACV)
    i.Overspeed_Treatment                    0x08003674   Section        0  fuel_calculation.o(i.Overspeed_Treatment)
    i.PVD_IRQHandler                         0x080036a4   Section        0  stm32f1xx_it.o(i.PVD_IRQHandler)
    i.PendSV_Handler                         0x080036ac   Section        0  stm32f1xx_it.o(i.PendSV_Handler)
    i.Periodic_task                          0x080036ae   Section        0  scheduller.o(i.Periodic_task)
    i.PrimerPulse                            0x080036ea   Section        0  engine_state.o(i.PrimerPulse)
    i.RCC_Delay                              0x080036f8   Section        0  stm32f1xx_hal_rcc.o(i.RCC_Delay)
    RCC_Delay                                0x080036f9   Thumb Code    36  stm32f1xx_hal_rcc.o(i.RCC_Delay)
    i.RCC_IRQHandler                         0x08003720   Section        0  stm32f1xx_it.o(i.RCC_IRQHandler)
    i.Read_Analog_Sensors                    0x08003724   Section        0  sensors.o(i.Read_Analog_Sensors)
    i.Read_Output_Pump                       0x0800375c   Section        0  io_control.o(i.Read_Output_Pump)
    i.Rising_Edge_Event                      0x08003778   Section        0  vrs_treatment.o(i.Rising_Edge_Event)
    i.SVC_Handler                            0x080037b8   Section        0  stm32f1xx_it.o(i.SVC_Handler)
    i.Saturation                             0x080037ba   Section        0  tools.o(i.Saturation)
    i.Set_Ouput_Injector                     0x080037c4   Section        0  io_control.o(i.Set_Ouput_Injector)
    i.Set_Ouput_InterruptionTest             0x080037e8   Section        0  io_control.o(i.Set_Ouput_InterruptionTest)
    i.Set_Ouput_Pump                         0x080037f8   Section        0  io_control.o(i.Set_Ouput_Pump)
    i.Set_Output_LED_Blue                    0x0800381c   Section        0  io_control.o(i.Set_Output_LED_Blue)
    i.Set_Output_LED_Green                   0x08003840   Section        0  io_control.o(i.Set_Output_LED_Green)
    i.Set_Output_LED_Red                     0x08003864   Section        0  io_control.o(i.Set_Output_LED_Red)
    i.Set_Output_LED_Yellow                  0x08003888   Section        0  io_control.o(i.Set_Output_LED_Yellow)
    i.SysTick_Handler                        0x080038ac   Section        0  stm32f1xx_it.o(i.SysTick_Handler)
    i.SystemClock_Config                     0x080038b4   Section        0  main.o(i.SystemClock_Config)
    i.SystemInit                             0x0800393c   Section        0  system_stm32f1xx.o(i.SystemInit)
    i.TIM2_IRQHandler                        0x08003994   Section        0  stm32f1xx_it.o(i.TIM2_IRQHandler)
    i.TIM4_IRQHandler                        0x080039a4   Section        0  stm32f1xx_it.o(i.TIM4_IRQHandler)
    i.TIM_Base_SetConfig                     0x080039b4   Section        0  stm32f1xx_hal_tim.o(i.TIM_Base_SetConfig)
    i.TIM_CCxChannelCmd                      0x08003a28   Section        0  stm32f1xx_hal_tim.o(i.TIM_CCxChannelCmd)
    i.TIM_ETR_SetConfig                      0x08003a4a   Section        0  stm32f1xx_hal_tim.o(i.TIM_ETR_SetConfig)
    i.TIM_ITRx_SetConfig                     0x08003a60   Section        0  stm32f1xx_hal_tim.o(i.TIM_ITRx_SetConfig)
    TIM_ITRx_SetConfig                       0x08003a61   Thumb Code    18  stm32f1xx_hal_tim.o(i.TIM_ITRx_SetConfig)
    i.TIM_OC1_SetConfig                      0x08003a74   Section        0  stm32f1xx_hal_tim.o(i.TIM_OC1_SetConfig)
    TIM_OC1_SetConfig                        0x08003a75   Thumb Code    90  stm32f1xx_hal_tim.o(i.TIM_OC1_SetConfig)
    i.TIM_OC2_SetConfig                      0x08003ad4   Section        0  stm32f1xx_hal_tim.o(i.TIM_OC2_SetConfig)
    i.TIM_OC3_SetConfig                      0x08003b3c   Section        0  stm32f1xx_hal_tim.o(i.TIM_OC3_SetConfig)
    TIM_OC3_SetConfig                        0x08003b3d   Thumb Code    98  stm32f1xx_hal_tim.o(i.TIM_OC3_SetConfig)
    i.TIM_OC4_SetConfig                      0x08003ba4   Section        0  stm32f1xx_hal_tim.o(i.TIM_OC4_SetConfig)
    TIM_OC4_SetConfig                        0x08003ba5   Thumb Code    68  stm32f1xx_hal_tim.o(i.TIM_OC4_SetConfig)
    i.TIM_TI1_ConfigInputStage               0x08003bec   Section        0  stm32f1xx_hal_tim.o(i.TIM_TI1_ConfigInputStage)
    TIM_TI1_ConfigInputStage                 0x08003bed   Thumb Code    38  stm32f1xx_hal_tim.o(i.TIM_TI1_ConfigInputStage)
    i.TIM_TI1_SetConfig                      0x08003c14   Section        0  stm32f1xx_hal_tim.o(i.TIM_TI1_SetConfig)
    i.TIM_TI2_ConfigInputStage               0x08003c7c   Section        0  stm32f1xx_hal_tim.o(i.TIM_TI2_ConfigInputStage)
    TIM_TI2_ConfigInputStage                 0x08003c7d   Thumb Code    40  stm32f1xx_hal_tim.o(i.TIM_TI2_ConfigInputStage)
    i.TIM_TI2_SetConfig                      0x08003ca4   Section        0  stm32f1xx_hal_tim.o(i.TIM_TI2_SetConfig)
    TIM_TI2_SetConfig                        0x08003ca5   Thumb Code    58  stm32f1xx_hal_tim.o(i.TIM_TI2_SetConfig)
    i.TIM_TI3_SetConfig                      0x08003cde   Section        0  stm32f1xx_hal_tim.o(i.TIM_TI3_SetConfig)
    TIM_TI3_SetConfig                        0x08003cdf   Thumb Code    56  stm32f1xx_hal_tim.o(i.TIM_TI3_SetConfig)
    i.TIM_TI4_SetConfig                      0x08003d16   Section        0  stm32f1xx_hal_tim.o(i.TIM_TI4_SetConfig)
    TIM_TI4_SetConfig                        0x08003d17   Thumb Code    60  stm32f1xx_hal_tim.o(i.TIM_TI4_SetConfig)
    i.TPSLinearization                       0x08003d54   Section        0  sensors.o(i.TPSLinearization)
    i.TPS_Treatment                          0x08003d78   Section        0  tps_treatment.o(i.TPS_Treatment)
    i.TairLinearization                      0x08003e84   Section        0  sensors.o(i.TairLinearization)
    i.Task_Fast                              0x08003ea8   Section        0  main.o(i.Task_Fast)
    i.Task_Medium                            0x08003ed4   Section        0  main.o(i.Task_Medium)
    i.Task_Slow                              0x08003edc   Section        0  main.o(i.Task_Slow)
    i.Timeout_ms                             0x08003ee8   Section        0  timer_func.o(i.Timeout_ms)
    i.TimerListManagement                    0x08003f1c   Section        0  timer_func.o(i.TimerListManagement)
    i.TurnOffInjector                        0x08003f6a   Section        0  io_control.o(i.TurnOffInjector)
    i.UART_SetConfig                         0x08003f7c   Section        0  stm32f1xx_hal_uart.o(i.UART_SetConfig)
    UART_SetConfig                           0x08003f7d   Thumb Code   248  stm32f1xx_hal_uart.o(i.UART_SetConfig)
    i.UsageFault_Handler                     0x08004078   Section        0  stm32f1xx_it.o(i.UsageFault_Handler)
    i.VBatLinearization                      0x0800407c   Section        0  sensors.o(i.VBatLinearization)
    i.WarmUp_Treatment                       0x080040b8   Section        0  fuel_calculation.o(i.WarmUp_Treatment)
    i.__NVIC_GetPriorityGrouping             0x080040f0   Section        0  stm32f1xx_hal_cortex.o(i.__NVIC_GetPriorityGrouping)
    __NVIC_GetPriorityGrouping               0x080040f1   Thumb Code    10  stm32f1xx_hal_cortex.o(i.__NVIC_GetPriorityGrouping)
    i.__NVIC_SetPriority                     0x08004100   Section        0  stm32f1xx_hal_cortex.o(i.__NVIC_SetPriority)
    __NVIC_SetPriority                       0x08004101   Thumb Code    32  stm32f1xx_hal_cortex.o(i.__NVIC_SetPriority)
    i.__scatterload_copy                     0x08004128   Section       14  handlers.o(i.__scatterload_copy)
    i.__scatterload_null                     0x08004136   Section        2  handlers.o(i.__scatterload_null)
    i.__scatterload_zeroinit                 0x08004138   Section       14  handlers.o(i.__scatterload_zeroinit)
    i.buceta                                 0x08004146   Section        0  tools.o(i.buceta)
    i.caraio                                 0x080041a6   Section        0  tools.o(i.caraio)
    i.checkTimeoutHookUp                     0x080041e6   Section        0  timer_func.o(i.checkTimeoutHookUp)
    i.funcCycles                             0x0800421c   Section        0  fuel_calculation.o(i.funcCycles)
    i.funcIdleSetpoint                       0x08004240   Section        0  idle_control.o(i.funcIdleSetpoint)
    i.funcLambda                             0x08004254   Section        0  fuel_calculation.o(i.funcLambda)
    i.funcVoleff                             0x0800425a   Section        0  fuel_calculation.o(i.funcVoleff)
    i.funccrankTerm                          0x08004260   Section        0  fuel_calculation.o(i.funccrankTerm)
    i.funcfastEnleanment                     0x0800427c   Section        0  tps_treatment.o(i.funcfastEnleanment)
    i.funcfastEnrichment                     0x08004282   Section        0  tps_treatment.o(i.funcfastEnrichment)
    i.funcwarmUp                             0x08004288   Section        0  fuel_calculation.o(i.funcwarmUp)
    i.main                                   0x080042a4   Section        0  main.o(i.main)
    i.morcega                                0x08004368   Section        0  tools.o(i.morcega)
    i.panceta                                0x080043a8   Section        0  tools.o(i.panceta)
    i.pid_Init                               0x08004404   Section        0  idle_control.o(i.pid_Init)
    i.setTimeoutHookUp                       0x08004418   Section        0  timer_func.o(i.setTimeoutHookUp)
    .constdata                               0x0800444c   Section       24  system_stm32f1xx.o(.constdata)
    .data                                    0x20000000   Section       52  timer_func.o(.data)
    .data                                    0x20000034   Section       29  idle_control.o(.data)
    enable_pid                               0x20000050   Data           1  idle_control.o(.data)
    .data                                    0x20000051   Section        1  lambda_control.o(.data)
    crtlStateOld                             0x20000051   Data           1  lambda_control.o(.data)
    .data                                    0x20000052   Section        2  fuel_calculation.o(.data)
    resp                                     0x20000052   Data           2  fuel_calculation.o(.data)
    .data                                    0x20000054   Section      336  gen_def.o(.data)
    .data                                    0x200001a4   Section        9  stm32f1xx_hal.o(.data)
    .data                                    0x200001b0   Section        4  system_stm32f1xx.o(.data)
    .bss                                     0x200001b4   Section      396  main.o(.bss)
    .bss                                     0x20000340   Section       24  scheduller.o(.bss)
    .bss                                     0x20000358   Section      192  timer_func.o(.bss)
    .bss                                     0x20000418   Section       56  sensors.o(.bss)
    .bss                                     0x20000450   Section       32  stm32f1xx_hal_flash.o(.bss)
    STACK                                    0x20000470   Section     1024  startup_stm32f103xb.o(STACK)

    Global Symbols

    Symbol Name                              Value     Ov Type        Size  Object(Section)

    BuildAttributes$$THM_ISAv4$P$D$K$B$S$PE$A:L22UL41UL21$X:L11$S22US41US21$IEEE1$IW$USESV6$~STKCKD$USESV7$~SHL$OSPACE$EBA8$MICROLIB$REQ8$PRES8$EABIv2 0x00000000   Number         0  anon$$obj.o ABSOLUTE
    __ARM_use_no_argv                        0x00000000   Number         0  main.o ABSOLUTE
    __arm_fini_                               - Undefined Weak Reference
    __cpp_initialize__aeabi_                  - Undefined Weak Reference
    __cxa_finalize                            - Undefined Weak Reference
    _clock_init                               - Undefined Weak Reference
    _microlib_exit                            - Undefined Weak Reference
    __Vectors_Size                           0x000000ec   Number         0  startup_stm32f103xb.o ABSOLUTE
    __Vectors                                0x08000000   Data           4  startup_stm32f103xb.o(RESET)
    __Vectors_End                            0x080000ec   Data           0  startup_stm32f103xb.o(RESET)
    __main                                   0x080000ed   Thumb Code     0  entry.o(.ARM.Collect$$$$00000000)
    _main_stk                                0x080000ed   Thumb Code     0  entry2.o(.ARM.Collect$$$$00000001)
    _main_scatterload                        0x080000f1   Thumb Code     0  entry5.o(.ARM.Collect$$$$00000004)
    __main_after_scatterload                 0x080000f5   Thumb Code     0  entry5.o(.ARM.Collect$$$$00000004)
    _main_clock                              0x080000f5   Thumb Code     0  entry7b.o(.ARM.Collect$$$$00000008)
    _main_cpp_init                           0x080000f5   Thumb Code     0  entry8b.o(.ARM.Collect$$$$0000000A)
    _main_init                               0x080000f5   Thumb Code     0  entry9a.o(.ARM.Collect$$$$0000000B)
    __rt_lib_shutdown_fini                   0x080000fd   Thumb Code     0  entry12b.o(.ARM.Collect$$$$0000000E)
    __rt_final_cpp                           0x08000101   Thumb Code     0  entry10a.o(.ARM.Collect$$$$0000000F)
    __rt_final_exit                          0x08000101   Thumb Code     0  entry11a.o(.ARM.Collect$$$$00000011)
    Reset_Handler                            0x08000105   Thumb Code     8  startup_stm32f103xb.o(.text)
    CAN1_RX1_IRQHandler                      0x0800011f   Thumb Code     0  startup_stm32f103xb.o(.text)
    CAN1_SCE_IRQHandler                      0x0800011f   Thumb Code     0  startup_stm32f103xb.o(.text)
    DMA1_Channel2_IRQHandler                 0x0800011f   Thumb Code     0  startup_stm32f103xb.o(.text)
    DMA1_Channel4_IRQHandler                 0x0800011f   Thumb Code     0  startup_stm32f103xb.o(.text)
    DMA1_Channel5_IRQHandler                 0x0800011f   Thumb Code     0  startup_stm32f103xb.o(.text)
    DMA1_Channel6_IRQHandler                 0x0800011f   Thumb Code     0  startup_stm32f103xb.o(.text)
    DMA1_Channel7_IRQHandler                 0x0800011f   Thumb Code     0  startup_stm32f103xb.o(.text)
    EXTI0_IRQHandler                         0x0800011f   Thumb Code     0  startup_stm32f103xb.o(.text)
    EXTI15_10_IRQHandler                     0x0800011f   Thumb Code     0  startup_stm32f103xb.o(.text)
    EXTI1_IRQHandler                         0x0800011f   Thumb Code     0  startup_stm32f103xb.o(.text)
    EXTI2_IRQHandler                         0x0800011f   Thumb Code     0  startup_stm32f103xb.o(.text)
    EXTI3_IRQHandler                         0x0800011f   Thumb Code     0  startup_stm32f103xb.o(.text)
    EXTI4_IRQHandler                         0x0800011f   Thumb Code     0  startup_stm32f103xb.o(.text)
    I2C1_ER_IRQHandler                       0x0800011f   Thumb Code     0  startup_stm32f103xb.o(.text)
    I2C1_EV_IRQHandler                       0x0800011f   Thumb Code     0  startup_stm32f103xb.o(.text)
    I2C2_ER_IRQHandler                       0x0800011f   Thumb Code     0  startup_stm32f103xb.o(.text)
    I2C2_EV_IRQHandler                       0x0800011f   Thumb Code     0  startup_stm32f103xb.o(.text)
    RTC_Alarm_IRQHandler                     0x0800011f   Thumb Code     0  startup_stm32f103xb.o(.text)
    RTC_IRQHandler                           0x0800011f   Thumb Code     0  startup_stm32f103xb.o(.text)
    SPI1_IRQHandler                          0x0800011f   Thumb Code     0  startup_stm32f103xb.o(.text)
    SPI2_IRQHandler                          0x0800011f   Thumb Code     0  startup_stm32f103xb.o(.text)
    TAMPER_IRQHandler                        0x0800011f   Thumb Code     0  startup_stm32f103xb.o(.text)
    TIM1_BRK_IRQHandler                      0x0800011f   Thumb Code     0  startup_stm32f103xb.o(.text)
    TIM1_CC_IRQHandler                       0x0800011f   Thumb Code     0  startup_stm32f103xb.o(.text)
    TIM1_TRG_COM_IRQHandler                  0x0800011f   Thumb Code     0  startup_stm32f103xb.o(.text)
    TIM1_UP_IRQHandler                       0x0800011f   Thumb Code     0  startup_stm32f103xb.o(.text)
    TIM3_IRQHandler                          0x0800011f   Thumb Code     0  startup_stm32f103xb.o(.text)
    USART1_IRQHandler                        0x0800011f   Thumb Code     0  startup_stm32f103xb.o(.text)
    USART2_IRQHandler                        0x0800011f   Thumb Code     0  startup_stm32f103xb.o(.text)
    USART3_IRQHandler                        0x0800011f   Thumb Code     0  startup_stm32f103xb.o(.text)
    USBWakeUp_IRQHandler                     0x0800011f   Thumb Code     0  startup_stm32f103xb.o(.text)
    USB_HP_CAN1_TX_IRQHandler                0x0800011f   Thumb Code     0  startup_stm32f103xb.o(.text)
    USB_LP_CAN1_RX0_IRQHandler               0x0800011f   Thumb Code     0  startup_stm32f103xb.o(.text)
    WWDG_IRQHandler                          0x0800011f   Thumb Code     0  startup_stm32f103xb.o(.text)
    __aeabi_memset                           0x08000129   Thumb Code    14  memseta.o(.text)
    __aeabi_memset4                          0x08000129   Thumb Code     0  memseta.o(.text)
    __aeabi_memset8                          0x08000129   Thumb Code     0  memseta.o(.text)
    __aeabi_memclr                           0x08000137   Thumb Code     4  memseta.o(.text)
    __aeabi_memclr4                          0x08000137   Thumb Code     0  memseta.o(.text)
    __aeabi_memclr8                          0x08000137   Thumb Code     0  memseta.o(.text)
    _memset$wrapper                          0x0800013b   Thumb Code    18  memseta.o(.text)
    __scatterload                            0x0800014d   Thumb Code    28  init.o(.text)
    __scatterload_rt2                        0x0800014d   Thumb Code     0  init.o(.text)
    __decompress                             0x08000171   Thumb Code     0  __dczerorl2.o(.text)
    __decompress1                            0x08000171   Thumb Code    86  __dczerorl2.o(.text)
    ADC1_2_IRQHandler                        0x080001c9   Thumb Code    10  stm32f1xx_it.o(i.ADC1_2_IRQHandler)
    ADC_ConversionStop_Disable               0x080001d9   Thumb Code    92  stm32f1xx_hal_adc.o(i.ADC_ConversionStop_Disable)
    ADC_DMAConvCplt                          0x08000235   Thumb Code    82  stm32f1xx_hal_adc.o(i.ADC_DMAConvCplt)
    ADC_DMAError                             0x08000287   Thumb Code    30  stm32f1xx_hal_adc.o(i.ADC_DMAError)
    ADC_DMAHalfConvCplt                      0x080002a5   Thumb Code    14  stm32f1xx_hal_adc.o(i.ADC_DMAHalfConvCplt)
    ADC_Enable                               0x080002b5   Thumb Code   134  stm32f1xx_hal_adc.o(i.ADC_Enable)
    AccelDer                                 0x08000345   Thumb Code    68  engine_state.o(i.AccelDer)
    Board_Temp                               0x0800038d   Thumb Code    40  sensors.o(i.Board_Temp)
    BusFault_Handler                         0x080003b9   Thumb Code     4  stm32f1xx_it.o(i.BusFault_Handler)
    Crank_Pos_IACV                           0x080003bd   Thumb Code    12  idle_control.o(i.Crank_Pos_IACV)
    DMA1_Channel1_IRQHandler                 0x080003d1   Thumb Code    10  stm32f1xx_it.o(i.DMA1_Channel1_IRQHandler)
    DMA1_Channel3_IRQHandler                 0x080003e1   Thumb Code    10  stm32f1xx_it.o(i.DMA1_Channel3_IRQHandler)
    DebugMon_Handler                         0x0800041d   Thumb Code     2  stm32f1xx_it.o(i.DebugMon_Handler)
    EXTI9_5_IRQHandler                       0x0800041f   Thumb Code    12  stm32f1xx_it.o(i.EXTI9_5_IRQHandler)
    Eng_State                                0x0800042d   Thumb Code   506  engine_state.o(i.Eng_State)
    EngineSpeedCalculation                   0x08000655   Thumb Code   140  engine_state.o(i.EngineSpeedCalculation)
    EngineTempLinearization                  0x080006ed   Thumb Code    30  sensors.o(i.EngineTempLinearization)
    Error_Handler                            0x08000711   Thumb Code     2  main.o(i.Error_Handler)
    FLASH_IRQHandler                         0x08000713   Thumb Code     8  stm32f1xx_it.o(i.FLASH_IRQHandler)
    FLASH_PageErase                          0x0800071d   Thumb Code    32  stm32f1xx_hal_flash_ex.o(i.FLASH_PageErase)
    Falling_Edge_Event                       0x080007e9   Thumb Code    36  vrs_treatment.o(i.Falling_Edge_Event)
    Filter16bits                             0x08000815   Thumb Code    22  tools.o(i.Filter16bits)
    FuelCalc                                 0x0800082d   Thumb Code   546  fuel_calculation.o(i.FuelCalc)
    HAL_ADCEx_InjectedConvCpltCallback       0x08000a59   Thumb Code     2  stm32f1xx_hal_adc_ex.o(i.HAL_ADCEx_InjectedConvCpltCallback)
    HAL_ADC_ConfigChannel                    0x08000a5d   Thumb Code   338  stm32f1xx_hal_adc.o(i.HAL_ADC_ConfigChannel)
    HAL_ADC_ConvCpltCallback                 0x08000bbd   Thumb Code     2  stm32f1xx_hal_adc.o(i.HAL_ADC_ConvCpltCallback)
    HAL_ADC_ConvHalfCpltCallback             0x08000bbf   Thumb Code     2  stm32f1xx_hal_adc.o(i.HAL_ADC_ConvHalfCpltCallback)
    HAL_ADC_ErrorCallback                    0x08000bc1   Thumb Code     2  stm32f1xx_hal_adc.o(i.HAL_ADC_ErrorCallback)
    HAL_ADC_IRQHandler                       0x08000bc3   Thumb Code   290  stm32f1xx_hal_adc.o(i.HAL_ADC_IRQHandler)
    HAL_ADC_Init                             0x08000ce5   Thumb Code   314  stm32f1xx_hal_adc.o(i.HAL_ADC_Init)
    HAL_ADC_LevelOutOfWindowCallback         0x08000e29   Thumb Code     2  stm32f1xx_hal_adc.o(i.HAL_ADC_LevelOutOfWindowCallback)
    HAL_ADC_MspInit                          0x08000e2d   Thumb Code   170  stm32f1xx_hal_msp.o(i.HAL_ADC_MspInit)
    HAL_ADC_Start_DMA                        0x08000eed   Thumb Code   362  stm32f1xx_hal_adc.o(i.HAL_ADC_Start_DMA)
    HAL_DMA_IRQHandler                       0x0800106d   Thumb Code   408  stm32f1xx_hal_dma.o(i.HAL_DMA_IRQHandler)
    HAL_DMA_Init                             0x08001209   Thumb Code   100  stm32f1xx_hal_dma.o(i.HAL_DMA_Init)
    HAL_DMA_Start_IT                         0x08001271   Thumb Code   156  stm32f1xx_hal_dma.o(i.HAL_DMA_Start_IT)
    HAL_FLASH_EndOfOperationCallback         0x0800130d   Thumb Code     2  stm32f1xx_hal_flash.o(i.HAL_FLASH_EndOfOperationCallback)
    HAL_FLASH_IRQHandler                     0x08001311   Thumb Code   376  stm32f1xx_hal_flash.o(i.HAL_FLASH_IRQHandler)
    HAL_FLASH_OperationErrorCallback         0x08001491   Thumb Code     2  stm32f1xx_hal_flash.o(i.HAL_FLASH_OperationErrorCallback)
    HAL_GPIO_EXTI_Callback                   0x08001493   Thumb Code     2  stm32f1xx_hal_gpio.o(i.HAL_GPIO_EXTI_Callback)
    HAL_GPIO_EXTI_IRQHandler                 0x08001495   Thumb Code    24  stm32f1xx_hal_gpio.o(i.HAL_GPIO_EXTI_IRQHandler)
    HAL_GPIO_Init                            0x080014b1   Thumb Code   766  stm32f1xx_hal_gpio.o(i.HAL_GPIO_Init)
    HAL_GPIO_ReadPin                         0x080017d1   Thumb Code    16  stm32f1xx_hal_gpio.o(i.HAL_GPIO_ReadPin)
    HAL_GPIO_TogglePin                       0x080017e1   Thumb Code    20  stm32f1xx_hal_gpio.o(i.HAL_GPIO_TogglePin)
    HAL_GPIO_WritePin                        0x080017f5   Thumb Code    12  stm32f1xx_hal_gpio.o(i.HAL_GPIO_WritePin)
    HAL_GetTick                              0x08001801   Thumb Code     6  stm32f1xx_hal.o(i.HAL_GetTick)
    HAL_IncTick                              0x0800180d   Thumb Code    16  stm32f1xx_hal.o(i.HAL_IncTick)
    HAL_Init                                 0x08001825   Thumb Code    34  stm32f1xx_hal.o(i.HAL_Init)
    HAL_InitTick                             0x0800184d   Thumb Code    64  stm32f1xx_hal.o(i.HAL_InitTick)
    HAL_MspInit                              0x08001899   Thumb Code   130  stm32f1xx_hal_msp.o(i.HAL_MspInit)
    HAL_NVIC_EnableIRQ                       0x08001925   Thumb Code    32  stm32f1xx_hal_cortex.o(i.HAL_NVIC_EnableIRQ)
    HAL_NVIC_SetPriority                     0x08001945   Thumb Code   124  stm32f1xx_hal_cortex.o(i.HAL_NVIC_SetPriority)
    HAL_NVIC_SetPriorityGrouping             0x080019c1   Thumb Code    32  stm32f1xx_hal_cortex.o(i.HAL_NVIC_SetPriorityGrouping)
    HAL_PWR_PVDCallback                      0x080019e9   Thumb Code     2  stm32f1xx_hal_pwr.o(i.HAL_PWR_PVDCallback)
    HAL_PWR_PVD_IRQHandler                   0x080019ed   Thumb Code    26  stm32f1xx_hal_pwr.o(i.HAL_PWR_PVD_IRQHandler)
    HAL_RCCEx_PeriphCLKConfig                0x08001a0d   Thumb Code   290  stm32f1xx_hal_rcc_ex.o(i.HAL_RCCEx_PeriphCLKConfig)
    HAL_RCC_ClockConfig                      0x08001b3d   Thumb Code   376  stm32f1xx_hal_rcc.o(i.HAL_RCC_ClockConfig)
    HAL_RCC_GetHCLKFreq                      0x08001cc9   Thumb Code     6  stm32f1xx_hal_rcc.o(i.HAL_RCC_GetHCLKFreq)
    HAL_RCC_GetPCLK1Freq                     0x08001cd5   Thumb Code    22  stm32f1xx_hal_rcc.o(i.HAL_RCC_GetPCLK1Freq)
    HAL_RCC_GetPCLK2Freq                     0x08001cf5   Thumb Code    22  stm32f1xx_hal_rcc.o(i.HAL_RCC_GetPCLK2Freq)
    HAL_RCC_GetSysClockFreq                  0x08001d15   Thumb Code   116  stm32f1xx_hal_rcc.o(i.HAL_RCC_GetSysClockFreq)
    HAL_RCC_OscConfig                        0x08001da9   Thumb Code  1114  stm32f1xx_hal_rcc.o(i.HAL_RCC_OscConfig)
    HAL_SYSTICK_Config                       0x0800220d   Thumb Code    52  stm32f1xx_hal_cortex.o(i.HAL_SYSTICK_Config)
    HAL_TIMEx_BreakCallback                  0x08002241   Thumb Code     2  stm32f1xx_hal_tim_ex.o(i.HAL_TIMEx_BreakCallback)
    HAL_TIMEx_CommutCallback                 0x08002243   Thumb Code     2  stm32f1xx_hal_tim_ex.o(i.HAL_TIMEx_CommutCallback)
    HAL_TIMEx_MasterConfigSynchronization    0x08002245   Thumb Code   118  stm32f1xx_hal_tim_ex.o(i.HAL_TIMEx_MasterConfigSynchronization)
    HAL_TIM_Base_Init                        0x080022c9   Thumb Code   102  stm32f1xx_hal_tim.o(i.HAL_TIM_Base_Init)
    HAL_TIM_Base_MspInit                     0x08002331   Thumb Code   196  stm32f1xx_hal_msp.o(i.HAL_TIM_Base_MspInit)
    HAL_TIM_Base_Start_IT                    0x08002405   Thumb Code   106  stm32f1xx_hal_tim.o(i.HAL_TIM_Base_Start_IT)
    HAL_TIM_ConfigClockSource                0x0800247d   Thumb Code   264  stm32f1xx_hal_tim.o(i.HAL_TIM_ConfigClockSource)
    HAL_TIM_IC_CaptureCallback               0x08002585   Thumb Code    42  main.o(i.HAL_TIM_IC_CaptureCallback)
    HAL_TIM_IC_ConfigChannel                 0x080025af   Thumb Code   212  stm32f1xx_hal_tim.o(i.HAL_TIM_IC_ConfigChannel)
    HAL_TIM_IC_Init                          0x08002683   Thumb Code   102  stm32f1xx_hal_tim.o(i.HAL_TIM_IC_Init)
    HAL_TIM_IC_MspInit                       0x080026e9   Thumb Code     2  stm32f1xx_hal_tim.o(i.HAL_TIM_IC_MspInit)
    HAL_TIM_IC_Start_IT                      0x080026ed   Thumb Code   332  stm32f1xx_hal_tim.o(i.HAL_TIM_IC_Start_IT)
    HAL_TIM_IRQHandler                       0x08002845   Thumb Code   406  stm32f1xx_hal_tim.o(i.HAL_TIM_IRQHandler)
    HAL_TIM_MspPostInit                      0x080029dd   Thumb Code    74  stm32f1xx_hal_msp.o(i.HAL_TIM_MspPostInit)
    HAL_TIM_OC_ConfigChannel                 0x08002a35   Thumb Code   104  stm32f1xx_hal_tim.o(i.HAL_TIM_OC_ConfigChannel)
    HAL_TIM_OC_DelayElapsedCallback          0x08002a9d   Thumb Code     2  stm32f1xx_hal_tim.o(i.HAL_TIM_OC_DelayElapsedCallback)
    HAL_TIM_OC_Init                          0x08002a9f   Thumb Code   102  stm32f1xx_hal_tim.o(i.HAL_TIM_OC_Init)
    HAL_TIM_OC_MspInit                       0x08002b05   Thumb Code     2  stm32f1xx_hal_tim.o(i.HAL_TIM_OC_MspInit)
    HAL_TIM_PWM_ConfigChannel                0x08002b07   Thumb Code   252  stm32f1xx_hal_tim.o(i.HAL_TIM_PWM_ConfigChannel)
    HAL_TIM_PWM_Init                         0x08002c03   Thumb Code   102  stm32f1xx_hal_tim.o(i.HAL_TIM_PWM_Init)
    HAL_TIM_PWM_MspInit                      0x08002c69   Thumb Code     2  stm32f1xx_hal_tim.o(i.HAL_TIM_PWM_MspInit)
    HAL_TIM_PWM_PulseFinishedCallback        0x08002c6b   Thumb Code     2  stm32f1xx_hal_tim.o(i.HAL_TIM_PWM_PulseFinishedCallback)
    HAL_TIM_PWM_Start                        0x08002c6d   Thumb Code   198  stm32f1xx_hal_tim.o(i.HAL_TIM_PWM_Start)
    HAL_TIM_PeriodElapsedCallback            0x08002d41   Thumb Code    20  main.o(i.HAL_TIM_PeriodElapsedCallback)
    HAL_TIM_ReadCapturedValue                0x08002d59   Thumb Code    50  stm32f1xx_hal_tim.o(i.HAL_TIM_ReadCapturedValue)
    HAL_TIM_TriggerCallback                  0x08002d8b   Thumb Code     2  stm32f1xx_hal_tim.o(i.HAL_TIM_TriggerCallback)
    HAL_UART_Init                            0x08002d8d   Thumb Code   114  stm32f1xx_hal_uart.o(i.HAL_UART_Init)
    HAL_UART_MspInit                         0x08002e01   Thumb Code   172  stm32f1xx_hal_msp.o(i.HAL_UART_MspInit)
    HardFault_Handler                        0x08002ec1   Thumb Code     4  stm32f1xx_it.o(i.HardFault_Handler)
    Hardware_Init                            0x08002ec5   Thumb Code    46  io_control.o(i.Hardware_Init)
    IACV_Control                             0x08002ef5   Thumb Code   142  idle_control.o(i.IACV_Control)
    Idle_Management                          0x08002f95   Thumb Code    96  idle_control.o(i.Idle_Management)
    InjectorDeadTimeCalc                     0x08003001   Thumb Code    12  fuel_calculation.o(i.InjectorDeadTimeCalc)
    Injector_CMD                             0x08003015   Thumb Code     8  io_control.o(i.Injector_CMD)
    LambdaCorrectionFunc                     0x08003021   Thumb Code   274  lambda_control.o(i.LambdaCorrectionFunc)
    LambdaLinearization                      0x08003149   Thumb Code    40  sensors.o(i.LambdaLinearization)
    Learn_test_IACV                          0x08003175   Thumb Code    10  idle_control.o(i.Learn_test_IACV)
    MAPLinearization                         0x08003185   Thumb Code    26  sensors.o(i.MAPLinearization)
    MemManage_Handler                        0x0800365d   Thumb Code     4  stm32f1xx_it.o(i.MemManage_Handler)
    NMI_Handler                              0x08003661   Thumb Code     2  stm32f1xx_it.o(i.NMI_Handler)
    Open_IACV                                0x08003665   Thumb Code    12  idle_control.o(i.Open_IACV)
    Overspeed_Treatment                      0x08003675   Thumb Code    44  fuel_calculation.o(i.Overspeed_Treatment)
    PVD_IRQHandler                           0x080036a5   Thumb Code     8  stm32f1xx_it.o(i.PVD_IRQHandler)
    PendSV_Handler                           0x080036ad   Thumb Code     2  stm32f1xx_it.o(i.PendSV_Handler)
    Periodic_task                            0x080036af   Thumb Code    60  scheduller.o(i.Periodic_task)
    PrimerPulse                              0x080036eb   Thumb Code    14  engine_state.o(i.PrimerPulse)
    RCC_IRQHandler                           0x08003721   Thumb Code     2  stm32f1xx_it.o(i.RCC_IRQHandler)
    Read_Analog_Sensors                      0x08003725   Thumb Code    46  sensors.o(i.Read_Analog_Sensors)
    Read_Output_Pump                         0x0800375d   Thumb Code    22  io_control.o(i.Read_Output_Pump)
    Rising_Edge_Event                        0x08003779   Thumb Code    56  vrs_treatment.o(i.Rising_Edge_Event)
    SVC_Handler                              0x080037b9   Thumb Code     2  stm32f1xx_it.o(i.SVC_Handler)
    Saturation                               0x080037bb   Thumb Code     8  tools.o(i.Saturation)
    Set_Ouput_Injector                       0x080037c5   Thumb Code    32  io_control.o(i.Set_Ouput_Injector)
    Set_Ouput_InterruptionTest               0x080037e9   Thumb Code    12  io_control.o(i.Set_Ouput_InterruptionTest)
    Set_Ouput_Pump                           0x080037f9   Thumb Code    32  io_control.o(i.Set_Ouput_Pump)
    Set_Output_LED_Blue                      0x0800381d   Thumb Code    32  io_control.o(i.Set_Output_LED_Blue)
    Set_Output_LED_Green                     0x08003841   Thumb Code    32  io_control.o(i.Set_Output_LED_Green)
    Set_Output_LED_Red                       0x08003865   Thumb Code    32  io_control.o(i.Set_Output_LED_Red)
    Set_Output_LED_Yellow                    0x08003889   Thumb Code    32  io_control.o(i.Set_Output_LED_Yellow)
    SysTick_Handler                          0x080038ad   Thumb Code     8  stm32f1xx_it.o(i.SysTick_Handler)
    SystemClock_Config                       0x080038b5   Thumb Code   134  main.o(i.SystemClock_Config)
    SystemInit                               0x0800393d   Thumb Code    70  system_stm32f1xx.o(i.SystemInit)
    TIM2_IRQHandler                          0x08003995   Thumb Code    10  stm32f1xx_it.o(i.TIM2_IRQHandler)
    TIM4_IRQHandler                          0x080039a5   Thumb Code    10  stm32f1xx_it.o(i.TIM4_IRQHandler)
    TIM_Base_SetConfig                       0x080039b5   Thumb Code   104  stm32f1xx_hal_tim.o(i.TIM_Base_SetConfig)
    TIM_CCxChannelCmd                        0x08003a29   Thumb Code    34  stm32f1xx_hal_tim.o(i.TIM_CCxChannelCmd)
    TIM_ETR_SetConfig                        0x08003a4b   Thumb Code    22  stm32f1xx_hal_tim.o(i.TIM_ETR_SetConfig)
    TIM_OC2_SetConfig                        0x08003ad5   Thumb Code   100  stm32f1xx_hal_tim.o(i.TIM_OC2_SetConfig)
    TIM_TI1_SetConfig                        0x08003c15   Thumb Code    90  stm32f1xx_hal_tim.o(i.TIM_TI1_SetConfig)
    TPSLinearization                         0x08003d55   Thumb Code    30  sensors.o(i.TPSLinearization)
    TPS_Treatment                            0x08003d79   Thumb Code   240  tps_treatment.o(i.TPS_Treatment)
    TairLinearization                        0x08003e85   Thumb Code    30  sensors.o(i.TairLinearization)
    Task_Fast                                0x08003ea9   Thumb Code    44  main.o(i.Task_Fast)
    Task_Medium                              0x08003ed5   Thumb Code     8  main.o(i.Task_Medium)
    Task_Slow                                0x08003edd   Thumb Code    12  main.o(i.Task_Slow)
    Timeout_ms                               0x08003ee9   Thumb Code    52  timer_func.o(i.Timeout_ms)
    TimerListManagement                      0x08003f1d   Thumb Code    78  timer_func.o(i.TimerListManagement)
    TurnOffInjector                          0x08003f6b   Thumb Code    16  io_control.o(i.TurnOffInjector)
    UsageFault_Handler                       0x08004079   Thumb Code     4  stm32f1xx_it.o(i.UsageFault_Handler)
    VBatLinearization                        0x0800407d   Thumb Code    50  sensors.o(i.VBatLinearization)
    WarmUp_Treatment                         0x080040b9   Thumb Code    48  fuel_calculation.o(i.WarmUp_Treatment)
    __scatterload_copy                       0x08004129   Thumb Code    14  handlers.o(i.__scatterload_copy)
    __scatterload_null                       0x08004137   Thumb Code     2  handlers.o(i.__scatterload_null)
    __scatterload_zeroinit                   0x08004139   Thumb Code    14  handlers.o(i.__scatterload_zeroinit)
    buceta                                   0x08004147   Thumb Code    96  tools.o(i.buceta)
    caraio                                   0x080041a7   Thumb Code    64  tools.o(i.caraio)
    checkTimeoutHookUp                       0x080041e7   Thumb Code    54  timer_func.o(i.checkTimeoutHookUp)
    funcCycles                               0x0800421d   Thumb Code    26  fuel_calculation.o(i.funcCycles)
    funcIdleSetpoint                         0x08004241   Thumb Code    16  idle_control.o(i.funcIdleSetpoint)
    funcLambda                               0x08004255   Thumb Code     6  fuel_calculation.o(i.funcLambda)
    funcVoleff                               0x0800425b   Thumb Code     6  fuel_calculation.o(i.funcVoleff)
    funccrankTerm                            0x08004261   Thumb Code    22  fuel_calculation.o(i.funccrankTerm)
    funcfastEnleanment                       0x0800427d   Thumb Code     6  tps_treatment.o(i.funcfastEnleanment)
    funcfastEnrichment                       0x08004283   Thumb Code     6  tps_treatment.o(i.funcfastEnrichment)
    funcwarmUp                               0x08004289   Thumb Code    22  fuel_calculation.o(i.funcwarmUp)
    main                                     0x080042a5   Thumb Code   154  main.o(i.main)
    morcega                                  0x08004369   Thumb Code    64  tools.o(i.morcega)
    panceta                                  0x080043a9   Thumb Code    92  tools.o(i.panceta)
    pid_Init                                 0x08004405   Thumb Code    14  idle_control.o(i.pid_Init)
    setTimeoutHookUp                         0x08004419   Thumb Code    52  timer_func.o(i.setTimeoutHookUp)
    AHBPrescTable                            0x0800444c   Data          16  system_stm32f1xx.o(.constdata)
    APBPrescTable                            0x0800445c   Data           8  system_stm32f1xx.o(.constdata)
    Region$$Table$$Base                      0x08004464   Number         0  anon$$obj.o(Region$$Table)
    Region$$Table$$Limit                     0x08004484   Number         0  anon$$obj.o(Region$$Table)
    Cond0                                    0x20000000   Data           1  timer_func.o(.data)
    Cond1                                    0x20000001   Data           1  timer_func.o(.data)
    Cond2                                    0x20000002   Data           1  timer_func.o(.data)
    Cond3                                    0x20000003   Data           1  timer_func.o(.data)
    Cond4                                    0x20000004   Data           1  timer_func.o(.data)
    Cond5                                    0x20000005   Data           1  timer_func.o(.data)
    Cond6                                    0x20000006   Data           1  timer_func.o(.data)
    Cond8                                    0x20000007   Data           1  timer_func.o(.data)
    Counter0                                 0x20000008   Data           4  timer_func.o(.data)
    Counter1                                 0x2000000c   Data           4  timer_func.o(.data)
    Counter2                                 0x20000010   Data           4  timer_func.o(.data)
    Counter3                                 0x20000014   Data           4  timer_func.o(.data)
    Counter4                                 0x20000018   Data           4  timer_func.o(.data)
    Counter5                                 0x2000001c   Data           4  timer_func.o(.data)
    Counter6                                 0x20000020   Data           4  timer_func.o(.data)
    Counter7                                 0x20000024   Data           4  timer_func.o(.data)
    Counter8                                 0x20000028   Data           4  timer_func.o(.data)
    Counter9                                 0x2000002c   Data           4  timer_func.o(.data)
    Counter10                                0x20000030   Data           4  timer_func.o(.data)
    pid_control                              0x20000034   Data          28  idle_control.o(.data)
    Calibration_RAM                          0x20000054   Data         226  gen_def.o(.data)
    scenario                                 0x20000138   Data         108  gen_def.o(.data)
    uwTick                                   0x200001a4   Data           4  stm32f1xx_hal.o(.data)
    uwTickPrio                               0x200001a8   Data           4  stm32f1xx_hal.o(.data)
    uwTickFreq                               0x200001ac   Data           1  stm32f1xx_hal.o(.data)
    SystemCoreClock                          0x200001b0   Data           4  system_stm32f1xx.o(.data)
    hadc1                                    0x200001b4   Data          48  main.o(.bss)
    hdma_adc1                                0x200001e4   Data          68  main.o(.bss)
    htim2                                    0x20000228   Data          72  main.o(.bss)
    htim4                                    0x20000270   Data          72  main.o(.bss)
    huart3                                   0x200002b8   Data          68  main.o(.bss)
    hdma_usart3_rx                           0x200002fc   Data          68  main.o(.bss)
    array_sched_var                          0x20000340   Data          24  scheduller.o(.bss)
    timerList                                0x20000358   Data         192  timer_func.o(.bss)
    adcArray                                 0x20000418   Data          14  sensors.o(.bss)
    sensors                                  0x20000426   Data          42  sensors.o(.bss)
    pFlash                                   0x20000450   Data          32  stm32f1xx_hal_flash.o(.bss)
    __initial_sp                             0x20000870   Data           0  startup_stm32f103xb.o(STACK)



==============================================================================

Memory Map of the image

  Image Entry point : 0x080000ed

  Load Region LR_IROM1 (Base: 0x08000000, Size: 0x00004638, Max: 0x00010000, ABSOLUTE, COMPRESSED[0x0000452c])

    Execution Region ER_IROM1 (Exec base: 0x08000000, Load base: 0x08000000, Size: 0x00004484, Max: 0x00010000, ABSOLUTE)

    Exec Addr    Load Addr    Size         Type   Attr      Idx    E Section Name        Object

    0x08000000   0x08000000   0x000000ec   Data   RO            3    RESET               startup_stm32f103xb.o
    0x080000ec   0x080000ec   0x00000000   Code   RO         3861  * .ARM.Collect$$$$00000000  mc_w.l(entry.o)
    0x080000ec   0x080000ec   0x00000004   Code   RO         3870    .ARM.Collect$$$$00000001  mc_w.l(entry2.o)
    0x080000f0   0x080000f0   0x00000004   Code   RO         3873    .ARM.Collect$$$$00000004  mc_w.l(entry5.o)
    0x080000f4   0x080000f4   0x00000000   Code   RO         3875    .ARM.Collect$$$$00000008  mc_w.l(entry7b.o)
    0x080000f4   0x080000f4   0x00000000   Code   RO         3877    .ARM.Collect$$$$0000000A  mc_w.l(entry8b.o)
    0x080000f4   0x080000f4   0x00000008   Code   RO         3878    .ARM.Collect$$$$0000000B  mc_w.l(entry9a.o)
    0x080000fc   0x080000fc   0x00000004   Code   RO         3885    .ARM.Collect$$$$0000000E  mc_w.l(entry12b.o)
    0x08000100   0x08000100   0x00000000   Code   RO         3880    .ARM.Collect$$$$0000000F  mc_w.l(entry10a.o)
    0x08000100   0x08000100   0x00000000   Code   RO         3882    .ARM.Collect$$$$00000011  mc_w.l(entry11a.o)
    0x08000100   0x08000100   0x00000004   Code   RO         3871    .ARM.Collect$$$$00002712  mc_w.l(entry2.o)
    0x08000104   0x08000104   0x00000024   Code   RO            4    .text               startup_stm32f103xb.o
    0x08000128   0x08000128   0x00000024   Code   RO         3866    .text               mc_w.l(memseta.o)
    0x0800014c   0x0800014c   0x00000024   Code   RO         3886    .text               mc_w.l(init.o)
    0x08000170   0x08000170   0x00000056   Code   RO         3896    .text               mc_w.l(__dczerorl2.o)
    0x080001c6   0x080001c6   0x00000002   PAD
    0x080001c8   0x080001c8   0x00000010   Code   RO          250    i.ADC1_2_IRQHandler  stm32f1xx_it.o
    0x080001d8   0x080001d8   0x0000005c   Code   RO         1194    i.ADC_ConversionStop_Disable  stm32f1xx_hal_adc.o
    0x08000234   0x08000234   0x00000052   Code   RO         1195    i.ADC_DMAConvCplt   stm32f1xx_hal_adc.o
    0x08000286   0x08000286   0x0000001e   Code   RO         1196    i.ADC_DMAError      stm32f1xx_hal_adc.o
    0x080002a4   0x080002a4   0x0000000e   Code   RO         1197    i.ADC_DMAHalfConvCplt  stm32f1xx_hal_adc.o
    0x080002b2   0x080002b2   0x00000002   PAD
    0x080002b4   0x080002b4   0x00000090   Code   RO         1198    i.ADC_Enable        stm32f1xx_hal_adc.o
    0x08000344   0x08000344   0x00000048   Code   RO         1008    i.AccelDer          engine_state.o
    0x0800038c   0x0800038c   0x0000002c   Code   RO          716    i.Board_Temp        sensors.o
    0x080003b8   0x080003b8   0x00000004   Code   RO          251    i.BusFault_Handler  stm32f1xx_it.o
    0x080003bc   0x080003bc   0x00000014   Code   RO          838    i.Crank_Pos_IACV    idle_control.o
    0x080003d0   0x080003d0   0x00000010   Code   RO          252    i.DMA1_Channel1_IRQHandler  stm32f1xx_it.o
    0x080003e0   0x080003e0   0x00000010   Code   RO          253    i.DMA1_Channel3_IRQHandler  stm32f1xx_it.o
    0x080003f0   0x080003f0   0x0000002c   Code   RO         1853    i.DMA_SetConfig     stm32f1xx_hal_dma.o
    0x0800041c   0x0800041c   0x00000002   Code   RO          254    i.DebugMon_Handler  stm32f1xx_it.o
    0x0800041e   0x0800041e   0x0000000c   Code   RO          255    i.EXTI9_5_IRQHandler  stm32f1xx_it.o
    0x0800042a   0x0800042a   0x00000002   PAD
    0x0800042c   0x0800042c   0x00000228   Code   RO         1009    i.Eng_State         engine_state.o
    0x08000654   0x08000654   0x00000098   Code   RO         1010    i.EngineSpeedCalculation  engine_state.o
    0x080006ec   0x080006ec   0x00000024   Code   RO          717    i.EngineTempLinearization  sensors.o
    0x08000710   0x08000710   0x00000002   Code   RO           13    i.Error_Handler     main.o
    0x08000712   0x08000712   0x00000008   Code   RO          256    i.FLASH_IRQHandler  stm32f1xx_it.o
    0x0800071a   0x0800071a   0x00000002   PAD
    0x0800071c   0x0800071c   0x00000028   Code   RO         2307    i.FLASH_PageErase   stm32f1xx_hal_flash_ex.o
    0x08000744   0x08000744   0x00000020   Code   RO         2195    i.FLASH_Program_HalfWord  stm32f1xx_hal_flash.o
    0x08000764   0x08000764   0x00000084   Code   RO         2196    i.FLASH_SetErrorCode  stm32f1xx_hal_flash.o
    0x080007e8   0x080007e8   0x0000002c   Code   RO         1117    i.Falling_Edge_Event  vrs_treatment.o
    0x08000814   0x08000814   0x00000016   Code   RO          526    i.Filter16bits      tools.o
    0x0800082a   0x0800082a   0x00000002   PAD
    0x0800082c   0x0800082c   0x0000022c   Code   RO          935    i.FuelCalc          fuel_calculation.o
    0x08000a58   0x08000a58   0x00000002   Code   RO         1376    i.HAL_ADCEx_InjectedConvCpltCallback  stm32f1xx_hal_adc_ex.o
    0x08000a5a   0x08000a5a   0x00000002   PAD
    0x08000a5c   0x08000a5c   0x00000160   Code   RO         1200    i.HAL_ADC_ConfigChannel  stm32f1xx_hal_adc.o
    0x08000bbc   0x08000bbc   0x00000002   Code   RO         1201    i.HAL_ADC_ConvCpltCallback  stm32f1xx_hal_adc.o
    0x08000bbe   0x08000bbe   0x00000002   Code   RO         1202    i.HAL_ADC_ConvHalfCpltCallback  stm32f1xx_hal_adc.o
    0x08000bc0   0x08000bc0   0x00000002   Code   RO         1204    i.HAL_ADC_ErrorCallback  stm32f1xx_hal_adc.o
    0x08000bc2   0x08000bc2   0x00000122   Code   RO         1208    i.HAL_ADC_IRQHandler  stm32f1xx_hal_adc.o
    0x08000ce4   0x08000ce4   0x00000144   Code   RO         1209    i.HAL_ADC_Init      stm32f1xx_hal_adc.o
    0x08000e28   0x08000e28   0x00000002   Code   RO         1210    i.HAL_ADC_LevelOutOfWindowCallback  stm32f1xx_hal_adc.o
    0x08000e2a   0x08000e2a   0x00000002   PAD
    0x08000e2c   0x08000e2c   0x000000c0   Code   RO          381    i.HAL_ADC_MspInit   stm32f1xx_hal_msp.o
    0x08000eec   0x08000eec   0x00000180   Code   RO         1216    i.HAL_ADC_Start_DMA  stm32f1xx_hal_adc.o
    0x0800106c   0x0800106c   0x0000019c   Code   RO         1859    i.HAL_DMA_IRQHandler  stm32f1xx_hal_dma.o
    0x08001208   0x08001208   0x00000068   Code   RO         1860    i.HAL_DMA_Init      stm32f1xx_hal_dma.o
    0x08001270   0x08001270   0x0000009c   Code   RO         1864    i.HAL_DMA_Start_IT  stm32f1xx_hal_dma.o
    0x0800130c   0x0800130c   0x00000002   Code   RO         2198    i.HAL_FLASH_EndOfOperationCallback  stm32f1xx_hal_flash.o
    0x0800130e   0x0800130e   0x00000002   PAD
    0x08001310   0x08001310   0x00000180   Code   RO         2200    i.HAL_FLASH_IRQHandler  stm32f1xx_hal_flash.o
    0x08001490   0x08001490   0x00000002   Code   RO         2205    i.HAL_FLASH_OperationErrorCallback  stm32f1xx_hal_flash.o
    0x08001492   0x08001492   0x00000002   Code   RO         1788    i.HAL_GPIO_EXTI_Callback  stm32f1xx_hal_gpio.o
    0x08001494   0x08001494   0x0000001c   Code   RO         1789    i.HAL_GPIO_EXTI_IRQHandler  stm32f1xx_hal_gpio.o
    0x080014b0   0x080014b0   0x00000320   Code   RO         1790    i.HAL_GPIO_Init     stm32f1xx_hal_gpio.o
    0x080017d0   0x080017d0   0x00000010   Code   RO         1792    i.HAL_GPIO_ReadPin  stm32f1xx_hal_gpio.o
    0x080017e0   0x080017e0   0x00000014   Code   RO         1793    i.HAL_GPIO_TogglePin  stm32f1xx_hal_gpio.o
    0x080017f4   0x080017f4   0x0000000c   Code   RO         1794    i.HAL_GPIO_WritePin  stm32f1xx_hal_gpio.o
    0x08001800   0x08001800   0x0000000c   Code   RO         1481    i.HAL_GetTick       stm32f1xx_hal.o
    0x0800180c   0x0800180c   0x00000018   Code   RO         1487    i.HAL_IncTick       stm32f1xx_hal.o
    0x08001824   0x08001824   0x00000028   Code   RO         1488    i.HAL_Init          stm32f1xx_hal.o
    0x0800184c   0x0800184c   0x0000004c   Code   RO         1489    i.HAL_InitTick      stm32f1xx_hal.o
    0x08001898   0x08001898   0x0000008c   Code   RO          382    i.HAL_MspInit       stm32f1xx_hal_msp.o
    0x08001924   0x08001924   0x00000020   Code   RO         1950    i.HAL_NVIC_EnableIRQ  stm32f1xx_hal_cortex.o
    0x08001944   0x08001944   0x0000007c   Code   RO         1956    i.HAL_NVIC_SetPriority  stm32f1xx_hal_cortex.o
    0x080019c0   0x080019c0   0x00000028   Code   RO         1957    i.HAL_NVIC_SetPriorityGrouping  stm32f1xx_hal_cortex.o
    0x080019e8   0x080019e8   0x00000002   Code   RO         2085    i.HAL_PWR_PVDCallback  stm32f1xx_hal_pwr.o
    0x080019ea   0x080019ea   0x00000002   PAD
    0x080019ec   0x080019ec   0x00000020   Code   RO         2086    i.HAL_PWR_PVD_IRQHandler  stm32f1xx_hal_pwr.o
    0x08001a0c   0x08001a0c   0x00000130   Code   RO         1753    i.HAL_RCCEx_PeriphCLKConfig  stm32f1xx_hal_rcc_ex.o
    0x08001b3c   0x08001b3c   0x0000018c   Code   RO         1645    i.HAL_RCC_ClockConfig  stm32f1xx_hal_rcc.o
    0x08001cc8   0x08001cc8   0x0000000c   Code   RO         1650    i.HAL_RCC_GetHCLKFreq  stm32f1xx_hal_rcc.o
    0x08001cd4   0x08001cd4   0x00000020   Code   RO         1652    i.HAL_RCC_GetPCLK1Freq  stm32f1xx_hal_rcc.o
    0x08001cf4   0x08001cf4   0x00000020   Code   RO         1653    i.HAL_RCC_GetPCLK2Freq  stm32f1xx_hal_rcc.o
    0x08001d14   0x08001d14   0x00000094   Code   RO         1654    i.HAL_RCC_GetSysClockFreq  stm32f1xx_hal_rcc.o
    0x08001da8   0x08001da8   0x00000464   Code   RO         1657    i.HAL_RCC_OscConfig  stm32f1xx_hal_rcc.o
    0x0800220c   0x0800220c   0x00000034   Code   RO         1961    i.HAL_SYSTICK_Config  stm32f1xx_hal_cortex.o
    0x08002240   0x08002240   0x00000002   Code   RO         3193    i.HAL_TIMEx_BreakCallback  stm32f1xx_hal_tim_ex.o
    0x08002242   0x08002242   0x00000002   Code   RO         3194    i.HAL_TIMEx_CommutCallback  stm32f1xx_hal_tim_ex.o
    0x08002244   0x08002244   0x00000084   Code   RO         3212    i.HAL_TIMEx_MasterConfigSynchronization  stm32f1xx_hal_tim_ex.o
    0x080022c8   0x080022c8   0x00000066   Code   RO         2478    i.HAL_TIM_Base_Init  stm32f1xx_hal_tim.o
    0x0800232e   0x0800232e   0x00000002   PAD
    0x08002330   0x08002330   0x000000d4   Code   RO          384    i.HAL_TIM_Base_MspInit  stm32f1xx_hal_msp.o
    0x08002404   0x08002404   0x00000078   Code   RO         2483    i.HAL_TIM_Base_Start_IT  stm32f1xx_hal_tim.o
    0x0800247c   0x0800247c   0x00000108   Code   RO         2487    i.HAL_TIM_ConfigClockSource  stm32f1xx_hal_tim.o
    0x08002584   0x08002584   0x0000002a   Code   RO           14    i.HAL_TIM_IC_CaptureCallback  main.o
    0x080025ae   0x080025ae   0x000000d4   Code   RO         2514    i.HAL_TIM_IC_ConfigChannel  stm32f1xx_hal_tim.o
    0x08002682   0x08002682   0x00000066   Code   RO         2517    i.HAL_TIM_IC_Init   stm32f1xx_hal_tim.o
    0x080026e8   0x080026e8   0x00000002   Code   RO         2519    i.HAL_TIM_IC_MspInit  stm32f1xx_hal_tim.o
    0x080026ea   0x080026ea   0x00000002   PAD
    0x080026ec   0x080026ec   0x00000158   Code   RO         2522    i.HAL_TIM_IC_Start_IT  stm32f1xx_hal_tim.o
    0x08002844   0x08002844   0x00000196   Code   RO         2526    i.HAL_TIM_IRQHandler  stm32f1xx_hal_tim.o
    0x080029da   0x080029da   0x00000002   PAD
    0x080029dc   0x080029dc   0x00000058   Code   RO          385    i.HAL_TIM_MspPostInit  stm32f1xx_hal_msp.o
    0x08002a34   0x08002a34   0x00000068   Code   RO         2527    i.HAL_TIM_OC_ConfigChannel  stm32f1xx_hal_tim.o
    0x08002a9c   0x08002a9c   0x00000002   Code   RO         2529    i.HAL_TIM_OC_DelayElapsedCallback  stm32f1xx_hal_tim.o
    0x08002a9e   0x08002a9e   0x00000066   Code   RO         2531    i.HAL_TIM_OC_Init   stm32f1xx_hal_tim.o
    0x08002b04   0x08002b04   0x00000002   Code   RO         2533    i.HAL_TIM_OC_MspInit  stm32f1xx_hal_tim.o
    0x08002b06   0x08002b06   0x000000fc   Code   RO         2550    i.HAL_TIM_PWM_ConfigChannel  stm32f1xx_hal_tim.o
    0x08002c02   0x08002c02   0x00000066   Code   RO         2553    i.HAL_TIM_PWM_Init  stm32f1xx_hal_tim.o
    0x08002c68   0x08002c68   0x00000002   Code   RO         2555    i.HAL_TIM_PWM_MspInit  stm32f1xx_hal_tim.o
    0x08002c6a   0x08002c6a   0x00000002   Code   RO         2556    i.HAL_TIM_PWM_PulseFinishedCallback  stm32f1xx_hal_tim.o
    0x08002c6c   0x08002c6c   0x000000d4   Code   RO         2558    i.HAL_TIM_PWM_Start  stm32f1xx_hal_tim.o
    0x08002d40   0x08002d40   0x00000018   Code   RO           15    i.HAL_TIM_PeriodElapsedCallback  main.o
    0x08002d58   0x08002d58   0x00000032   Code   RO         2566    i.HAL_TIM_ReadCapturedValue  stm32f1xx_hal_tim.o
    0x08002d8a   0x08002d8a   0x00000002   Code   RO         2569    i.HAL_TIM_TriggerCallback  stm32f1xx_hal_tim.o
    0x08002d8c   0x08002d8c   0x00000072   Code   RO         3489    i.HAL_UART_Init     stm32f1xx_hal_uart.o
    0x08002dfe   0x08002dfe   0x00000002   PAD
    0x08002e00   0x08002e00   0x000000c0   Code   RO          387    i.HAL_UART_MspInit  stm32f1xx_hal_msp.o
    0x08002ec0   0x08002ec0   0x00000004   Code   RO          257    i.HardFault_Handler  stm32f1xx_it.o
    0x08002ec4   0x08002ec4   0x0000002e   Code   RO          598    i.Hardware_Init     io_control.o
    0x08002ef2   0x08002ef2   0x00000002   PAD
    0x08002ef4   0x08002ef4   0x000000a0   Code   RO          839    i.IACV_Control      idle_control.o
    0x08002f94   0x08002f94   0x0000006c   Code   RO          840    i.Idle_Management   idle_control.o
    0x08003000   0x08003000   0x00000014   Code   RO          936    i.InjectorDeadTimeCalc  fuel_calculation.o
    0x08003014   0x08003014   0x0000000c   Code   RO          599    i.Injector_CMD      io_control.o
    0x08003020   0x08003020   0x00000128   Code   RO          910    i.LambdaCorrectionFunc  lambda_control.o
    0x08003148   0x08003148   0x0000002c   Code   RO          718    i.LambdaLinearization  sensors.o
    0x08003174   0x08003174   0x00000010   Code   RO          841    i.Learn_test_IACV   idle_control.o
    0x08003184   0x08003184   0x00000020   Code   RO          719    i.MAPLinearization  sensors.o
    0x080031a4   0x080031a4   0x000000e4   Code   RO           16    i.MX_ADC1_Init      main.o
    0x08003288   0x08003288   0x00000044   Code   RO           17    i.MX_DMA_Init       main.o
    0x080032cc   0x080032cc   0x000001c0   Code   RO           18    i.MX_GPIO_Init      main.o
    0x0800348c   0x0800348c   0x000000b0   Code   RO           19    i.MX_TIM2_Init      main.o
    0x0800353c   0x0800353c   0x000000e8   Code   RO           20    i.MX_TIM4_Init      main.o
    0x08003624   0x08003624   0x00000038   Code   RO           21    i.MX_USART3_UART_Init  main.o
    0x0800365c   0x0800365c   0x00000004   Code   RO          258    i.MemManage_Handler  stm32f1xx_it.o
    0x08003660   0x08003660   0x00000002   Code   RO          259    i.NMI_Handler       stm32f1xx_it.o
    0x08003662   0x08003662   0x00000002   PAD
    0x08003664   0x08003664   0x00000010   Code   RO          842    i.Open_IACV         idle_control.o
    0x08003674   0x08003674   0x00000030   Code   RO          937    i.Overspeed_Treatment  fuel_calculation.o
    0x080036a4   0x080036a4   0x00000008   Code   RO          260    i.PVD_IRQHandler    stm32f1xx_it.o
    0x080036ac   0x080036ac   0x00000002   Code   RO          261    i.PendSV_Handler    stm32f1xx_it.o
    0x080036ae   0x080036ae   0x0000003c   Code   RO          447    i.Periodic_task     scheduller.o
    0x080036ea   0x080036ea   0x0000000e   Code   RO         1012    i.PrimerPulse       engine_state.o
    0x080036f8   0x080036f8   0x00000028   Code   RO         1658    i.RCC_Delay         stm32f1xx_hal_rcc.o
    0x08003720   0x08003720   0x00000002   Code   RO          262    i.RCC_IRQHandler    stm32f1xx_it.o
    0x08003722   0x08003722   0x00000002   PAD
    0x08003724   0x08003724   0x00000038   Code   RO          720    i.Read_Analog_Sensors  sensors.o
    0x0800375c   0x0800375c   0x0000001c   Code   RO          600    i.Read_Output_Pump  io_control.o
    0x08003778   0x08003778   0x00000040   Code   RO         1119    i.Rising_Edge_Event  vrs_treatment.o
    0x080037b8   0x080037b8   0x00000002   Code   RO          263    i.SVC_Handler       stm32f1xx_it.o
    0x080037ba   0x080037ba   0x00000008   Code   RO          529    i.Saturation        tools.o
    0x080037c2   0x080037c2   0x00000002   PAD
    0x080037c4   0x080037c4   0x00000024   Code   RO          601    i.Set_Ouput_Injector  io_control.o
    0x080037e8   0x080037e8   0x00000010   Code   RO          602    i.Set_Ouput_InterruptionTest  io_control.o
    0x080037f8   0x080037f8   0x00000024   Code   RO          603    i.Set_Ouput_Pump    io_control.o
    0x0800381c   0x0800381c   0x00000024   Code   RO          604    i.Set_Output_LED_Blue  io_control.o
    0x08003840   0x08003840   0x00000024   Code   RO          605    i.Set_Output_LED_Green  io_control.o
    0x08003864   0x08003864   0x00000024   Code   RO          606    i.Set_Output_LED_Red  io_control.o
    0x08003888   0x08003888   0x00000024   Code   RO          607    i.Set_Output_LED_Yellow  io_control.o
    0x080038ac   0x080038ac   0x00000008   Code   RO          264    i.SysTick_Handler   stm32f1xx_it.o
    0x080038b4   0x080038b4   0x00000086   Code   RO           22    i.SystemClock_Config  main.o
    0x0800393a   0x0800393a   0x00000002   PAD
    0x0800393c   0x0800393c   0x00000058   Code   RO         3828    i.SystemInit        system_stm32f1xx.o
    0x08003994   0x08003994   0x00000010   Code   RO          265    i.TIM2_IRQHandler   stm32f1xx_it.o
    0x080039a4   0x080039a4   0x00000010   Code   RO          266    i.TIM4_IRQHandler   stm32f1xx_it.o
    0x080039b4   0x080039b4   0x00000074   Code   RO         2571    i.TIM_Base_SetConfig  stm32f1xx_hal_tim.o
    0x08003a28   0x08003a28   0x00000022   Code   RO         2572    i.TIM_CCxChannelCmd  stm32f1xx_hal_tim.o
    0x08003a4a   0x08003a4a   0x00000016   Code   RO         2582    i.TIM_ETR_SetConfig  stm32f1xx_hal_tim.o
    0x08003a60   0x08003a60   0x00000012   Code   RO         2583    i.TIM_ITRx_SetConfig  stm32f1xx_hal_tim.o
    0x08003a72   0x08003a72   0x00000002   PAD
    0x08003a74   0x08003a74   0x00000060   Code   RO         2584    i.TIM_OC1_SetConfig  stm32f1xx_hal_tim.o
    0x08003ad4   0x08003ad4   0x00000068   Code   RO         2585    i.TIM_OC2_SetConfig  stm32f1xx_hal_tim.o
    0x08003b3c   0x08003b3c   0x00000068   Code   RO         2586    i.TIM_OC3_SetConfig  stm32f1xx_hal_tim.o
    0x08003ba4   0x08003ba4   0x00000048   Code   RO         2587    i.TIM_OC4_SetConfig  stm32f1xx_hal_tim.o
    0x08003bec   0x08003bec   0x00000026   Code   RO         2589    i.TIM_TI1_ConfigInputStage  stm32f1xx_hal_tim.o
    0x08003c12   0x08003c12   0x00000002   PAD
    0x08003c14   0x08003c14   0x00000068   Code   RO         2590    i.TIM_TI1_SetConfig  stm32f1xx_hal_tim.o
    0x08003c7c   0x08003c7c   0x00000028   Code   RO         2591    i.TIM_TI2_ConfigInputStage  stm32f1xx_hal_tim.o
    0x08003ca4   0x08003ca4   0x0000003a   Code   RO         2592    i.TIM_TI2_SetConfig  stm32f1xx_hal_tim.o
    0x08003cde   0x08003cde   0x00000038   Code   RO         2593    i.TIM_TI3_SetConfig  stm32f1xx_hal_tim.o
    0x08003d16   0x08003d16   0x0000003c   Code   RO         2594    i.TIM_TI4_SetConfig  stm32f1xx_hal_tim.o
    0x08003d52   0x08003d52   0x00000002   PAD
    0x08003d54   0x08003d54   0x00000024   Code   RO          721    i.TPSLinearization  sensors.o
    0x08003d78   0x08003d78   0x0000010c   Code   RO         1057    i.TPS_Treatment     tps_treatment.o
    0x08003e84   0x08003e84   0x00000024   Code   RO          722    i.TairLinearization  sensors.o
    0x08003ea8   0x08003ea8   0x0000002c   Code   RO           23    i.Task_Fast         main.o
    0x08003ed4   0x08003ed4   0x00000008   Code   RO           24    i.Task_Medium       main.o
    0x08003edc   0x08003edc   0x0000000c   Code   RO           25    i.Task_Slow         main.o
    0x08003ee8   0x08003ee8   0x00000034   Code   RO          477    i.Timeout_ms        timer_func.o
    0x08003f1c   0x08003f1c   0x0000004e   Code   RO          478    i.TimerListManagement  timer_func.o
    0x08003f6a   0x08003f6a   0x00000010   Code   RO          612    i.TurnOffInjector   io_control.o
    0x08003f7a   0x08003f7a   0x00000002   PAD
    0x08003f7c   0x08003f7c   0x000000fc   Code   RO         3516    i.UART_SetConfig    stm32f1xx_hal_uart.o
    0x08004078   0x08004078   0x00000004   Code   RO          267    i.UsageFault_Handler  stm32f1xx_it.o
    0x0800407c   0x0800407c   0x0000003c   Code   RO          723    i.VBatLinearization  sensors.o
    0x080040b8   0x080040b8   0x00000038   Code   RO          938    i.WarmUp_Treatment  fuel_calculation.o
    0x080040f0   0x080040f0   0x00000010   Code   RO         1963    i.__NVIC_GetPriorityGrouping  stm32f1xx_hal_cortex.o
    0x08004100   0x08004100   0x00000028   Code   RO         1964    i.__NVIC_SetPriority  stm32f1xx_hal_cortex.o
    0x08004128   0x08004128   0x0000000e   Code   RO         3890    i.__scatterload_copy  mc_w.l(handlers.o)
    0x08004136   0x08004136   0x00000002   Code   RO         3891    i.__scatterload_null  mc_w.l(handlers.o)
    0x08004138   0x08004138   0x0000000e   Code   RO         3892    i.__scatterload_zeroinit  mc_w.l(handlers.o)
    0x08004146   0x08004146   0x00000060   Code   RO          531    i.buceta            tools.o
    0x080041a6   0x080041a6   0x00000040   Code   RO          532    i.caraio            tools.o
    0x080041e6   0x080041e6   0x00000036   Code   RO          479    i.checkTimeoutHookUp  timer_func.o
    0x0800421c   0x0800421c   0x00000024   Code   RO          939    i.funcCycles        fuel_calculation.o
    0x08004240   0x08004240   0x00000014   Code   RO          843    i.funcIdleSetpoint  idle_control.o
    0x08004254   0x08004254   0x00000006   Code   RO          940    i.funcLambda        fuel_calculation.o
    0x0800425a   0x0800425a   0x00000006   Code   RO          941    i.funcVoleff        fuel_calculation.o
    0x08004260   0x08004260   0x0000001c   Code   RO          942    i.funccrankTerm     fuel_calculation.o
    0x0800427c   0x0800427c   0x00000006   Code   RO         1058    i.funcfastEnleanment  tps_treatment.o
    0x08004282   0x08004282   0x00000006   Code   RO         1059    i.funcfastEnrichment  tps_treatment.o
    0x08004288   0x08004288   0x0000001c   Code   RO          943    i.funcwarmUp        fuel_calculation.o
    0x080042a4   0x080042a4   0x000000c4   Code   RO           26    i.main              main.o
    0x08004368   0x08004368   0x00000040   Code   RO          533    i.morcega           tools.o
    0x080043a8   0x080043a8   0x0000005c   Code   RO          534    i.panceta           tools.o
    0x08004404   0x08004404   0x00000014   Code   RO          844    i.pid_Init          idle_control.o
    0x08004418   0x08004418   0x00000034   Code   RO          480    i.setTimeoutHookUp  timer_func.o
    0x0800444c   0x0800444c   0x00000018   Data   RO         3829    .constdata          system_stm32f1xx.o
    0x08004464   0x08004464   0x00000020   Data   RO         3888    Region$$Table       anon$$obj.o


    Execution Region RW_IRAM1 (Exec base: 0x20000000, Load base: 0x08004484, Size: 0x00000870, Max: 0x00005000, ABSOLUTE, COMPRESSED[0x000000a8])

    Exec Addr    Load Addr    Size         Type   Attr      Idx    E Section Name        Object

    0x20000000   COMPRESSED   0x00000034   Data   RW          482    .data               timer_func.o
    0x20000034   COMPRESSED   0x0000001d   Data   RW          845    .data               idle_control.o
    0x20000051   COMPRESSED   0x00000001   Data   RW          911    .data               lambda_control.o
    0x20000052   COMPRESSED   0x00000002   Data   RW          944    .data               fuel_calculation.o
    0x20000054   COMPRESSED   0x00000150   Data   RW         1093    .data               gen_def.o
    0x200001a4   COMPRESSED   0x00000009   Data   RW         1495    .data               stm32f1xx_hal.o
    0x200001ad   COMPRESSED   0x00000003   PAD
    0x200001b0   COMPRESSED   0x00000004   Data   RW         3830    .data               system_stm32f1xx.o
    0x200001b4        -       0x0000018c   Zero   RW           27    .bss                main.o
    0x20000340        -       0x00000018   Zero   RW          448    .bss                scheduller.o
    0x20000358        -       0x000000c0   Zero   RW          481    .bss                timer_func.o
    0x20000418        -       0x00000038   Zero   RW          724    .bss                sensors.o
    0x20000450        -       0x00000020   Zero   RW         2209    .bss                stm32f1xx_hal_flash.o
    0x20000470        -       0x00000400   Zero   RW            1    STACK               startup_stm32f103xb.o


==============================================================================

Image component sizes


      Code (inc. data)   RO Data    RW Data    ZI Data      Debug   Object Name

       790         70          0          0          0       2158   engine_state.o
       784         52          0          2          0       4431   fuel_calculation.o
         0          0          0        336          0       2531   gen_def.o
       360         66          0         29          0       4160   idle_control.o
       334         38          0          0          0       5109   io_control.o
       296         22          0          1          0        703   lambda_control.o
      1670        102          0          0        396     458022   main.o
        60          0          0          0         24       1514   scheduller.o
       344         52          0          0         56       4472   sensors.o
        36          8        236          0       1024        776   startup_stm32f103xb.o
       152         32          0          9          0       5089   stm32f1xx_hal.o
      1720         56          0          0          0       9274   stm32f1xx_hal_adc.o
         2          0          0          0          0       1029   stm32f1xx_hal_adc_ex.o
       304         22          0          0          0      29227   stm32f1xx_hal_cortex.o
       716          8          0          0          0       3355   stm32f1xx_hal_dma.o
       552         26          0          0         32       3130   stm32f1xx_hal_flash.o
        40          8          0          0          0        538   stm32f1xx_hal_flash_ex.o
       878         38          0          0          0       4888   stm32f1xx_hal_gpio.o
       824         82          0          0          0       3739   stm32f1xx_hal_msp.o
        34          6          0          0          0        987   stm32f1xx_hal_pwr.o
      1784        110          0          0          0       5792   stm32f1xx_hal_rcc.o
       304         14          0          0          0       1348   stm32f1xx_hal_rcc_ex.o
      3306         86          0          0          0      22849   stm32f1xx_hal_tim.o
       136         14          0          0          0       2289   stm32f1xx_hal_tim_ex.o
       366          4          0          0          0       1648   stm32f1xx_hal_uart.o
       142         30          0          0          0       7410   stm32f1xx_it.o
        88         18         24          4          0       1079   system_stm32f1xx.o
       236          0          0         52        192       4079   timer_func.o
       346          0          0          0          0       4074   tools.o
       280         28          0          0          0       1486   tps_treatment.o
       108         16          0          0          0        897   vrs_treatment.o

    ----------------------------------------------------------------------
     17034       1008        292        436       1724     598083   Object Totals
         0          0         32          0          0          0   (incl. Generated)
        42          0          0          3          0          0   (incl. Padding)

    ----------------------------------------------------------------------

      Code (inc. data)   RO Data    RW Data    ZI Data      Debug   Library Member Name

        86          0          0          0          0          0   __dczerorl2.o
         0          0          0          0          0          0   entry.o
         0          0          0          0          0          0   entry10a.o
         0          0          0          0          0          0   entry11a.o
         4          0          0          0          0          0   entry12b.o
         8          4          0          0          0          0   entry2.o
         4          0          0          0          0          0   entry5.o
         0          0          0          0          0          0   entry7b.o
         0          0          0          0          0          0   entry8b.o
         8          4          0          0          0          0   entry9a.o
        30          0          0          0          0          0   handlers.o
        36          8          0          0          0         68   init.o
        36          0          0          0          0        108   memseta.o

    ----------------------------------------------------------------------
       214         16          0          0          0        176   Library Totals
         2          0          0          0          0          0   (incl. Padding)

    ----------------------------------------------------------------------

      Code (inc. data)   RO Data    RW Data    ZI Data      Debug   Library Name

       212         16          0          0          0        176   mc_w.l

    ----------------------------------------------------------------------
       214         16          0          0          0        176   Library Totals

    ----------------------------------------------------------------------

==============================================================================


      Code (inc. data)   RO Data    RW Data    ZI Data      Debug   

     17248       1024        292        436       1724     589287   Grand Totals
     17248       1024        292        168       1724     589287   ELF Image Totals (compressed)
     17248       1024        292        168          0          0   ROM Totals

==============================================================================

    Total RO  Size (Code + RO Data)                17540 (  17.13kB)
    Total RW  Size (RW Data + ZI Data)              2160 (   2.11kB)
    Total ROM Size (Code + RO Data + RW Data)      17708 (  17.29kB)

==============================================================================

